ARM Linker, 5.03 [Build 76] [MDK-ARM Lite]

==============================================================================

Section Cross References

    startup.o(STACK) refers (Special) to heapauxi.o(.text) for __use_two_region_memory
    startup.o(HEAP) refers (Special) to heapauxi.o(.text) for __use_two_region_memory
    startup.o(RESET) refers (Special) to heapauxi.o(.text) for __use_two_region_memory
    startup.o(RESET) refers to startup.o(STACK) for Stack_Top
    startup.o(RESET) refers to __main.o(!!!main) for __main
    startup.o(.text) refers (Special) to heapauxi.o(.text) for __use_two_region_memory
    startup.o(.text) refers to startup.o(HEAP) for Heap_Mem
    startup.o(.text) refers to startup.o(STACK) for Stack_Mem
    time.o(.text) refers to fsm_master.o(.text) for Master_FSM::Master_FSM()
    time.o(.text) refers to aeabi_sdiv.o(.text_udiv) for __aeabi_uidivmod
    time.o(.text) refers to lludiv.o(.text) for __aeabi_uldivmod
    time.o(.text) refers to irq.o(.text) for install_irq(unsigned long, void*)
    time.o(.text) refers to aeabi_sdiv.o(.text) for __aeabi_idivmod
    time.o(.text) refers to time.o(.data) for .data
    time.o(.text) refers to global.o(.data) for gAlarmeFisiologico
    time.o(.text) refers to global.o(.data) for gTempoTeclaLiga
    time.o(.text) refers to global.o(.data) for gIndexVetor
    time.o(.text) refers to global.o(.data) for gBotaoDesliga
    time.o(.text) refers to global.o(.data) for timerseg
    time.o(.ARM.exidx) refers to time.o(.text) for .text
    retarget.o(.text) refers (Special) to use_no_semi.o(.text) for __use_no_semihosting_swi
    retarget.o(.ARM.exidx) refers (Special) to use_no_semi.o(.text) for __use_no_semihosting_swi
    retarget.o(.ARM.exidx) refers to retarget.o(.text) for .text
    irq.o(.ARM.exidx) refers to irq.o(.text) for .text
    timer.o(.ARM.exidx) refers to timer.o(.text) for .text
    main.o(.text) refers to irq.o(.text) for init_VIC()
    main.o(.text) refers to time.o(.text) for InitTimer(char, unsigned long)
    main.o(.ARM.exidx) refers to main.o(.text) for .text
    fsm_master.o(.text) refers to alarme.o(.text) for Alarme::Alarme()
    fsm_master.o(.text) refers to led.o(.text) for Led::Led()
    fsm_master.o(.ARM.exidx) refers to fsm_master.o(.text) for .text
    led.o(.text) refers to alarme.o(.text) for Alarme::Alarme()
    led.o(.text) refers to global.o(.data) for timerseg
    led.o(.ARM.exidx) refers to led.o(.text) for .text
    alarme.o(.ARM.exidx) refers to alarme.o(.text) for .text
    aeabi_sdiv.o(.text_udiv) refers to aeabi_sdiv.o(.text) for __arm_div2
    aeabi_sdiv_div0.o(.text_udiv) refers to aeabi_sdiv_div0.o(.text) for __arm_div2
    __main.o(!!!main) refers to rtentry.o(.ARM.Collect$$rtentry$$00000000) for __rt_entry
    rtentry.o(.ARM.Collect$$rtentry$$00000000) refers (Special) to rtentry2.o(.ARM.Collect$$rtentry$$0000000A) for __rt_entry_li
    rtentry.o(.ARM.Collect$$rtentry$$00000000) refers (Special) to rtentry2.o(.ARM.Collect$$rtentry$$0000000D) for __rt_entry_main
    rtentry.o(.ARM.Collect$$rtentry$$00000000) refers (Special) to rtentry2.o(.ARM.Collect$$rtentry$$0000000C) for __rt_entry_postli_1
    rtentry.o(.ARM.Collect$$rtentry$$00000000) refers (Special) to rtentry2.o(.ARM.Collect$$rtentry$$00000009) for __rt_entry_postsh_1
    rtentry.o(.ARM.Collect$$rtentry$$00000000) refers (Special) to rtentry2.o(.ARM.Collect$$rtentry$$00000002) for __rt_entry_presh_1
    rtentry.o(.ARM.Collect$$rtentry$$00000000) refers (Special) to rtentry4.o(.ARM.Collect$$rtentry$$00000004) for __rt_entry_sh
    aeabi_idiv0_sigfpe.o(.text) refers to rt_div0.o(.text) for __rt_div0
    aeabi_ldiv0_sigfpe.o(.text) refers to rt_div0.o(.text) for __rt_div0
    rtentry2.o(.ARM.Collect$$rtentry$$00000008) refers to boardinit2.o(.text) for _platform_post_stackheap_init
    rtentry2.o(.ARM.Collect$$rtentry$$0000000A) refers to libinit.o(.ARM.Collect$$libinit$$00000000) for __rt_lib_init
    rtentry2.o(.ARM.Collect$$rtentry$$0000000B) refers to boardinit3.o(.text) for _platform_post_lib_init
    rtentry2.o(.ARM.Collect$$rtentry$$0000000D) refers to main.o(.text) for main
    rtentry2.o(.ARM.Collect$$rtentry$$0000000D) refers to exit.o(.text) for exit
    rtentry2.o(.ARM.exidx) refers to rtentry2.o(.ARM.Collect$$rtentry$$00000001) for .ARM.Collect$$rtentry$$00000001
    rtentry2.o(.ARM.exidx) refers to rtentry2.o(.ARM.Collect$$rtentry$$00000008) for .ARM.Collect$$rtentry$$00000008
    rtentry2.o(.ARM.exidx) refers to rtentry2.o(.ARM.Collect$$rtentry$$0000000A) for .ARM.Collect$$rtentry$$0000000A
    rtentry2.o(.ARM.exidx) refers to rtentry2.o(.ARM.Collect$$rtentry$$0000000B) for .ARM.Collect$$rtentry$$0000000B
    rtentry2.o(.ARM.exidx) refers to rtentry2.o(.ARM.Collect$$rtentry$$0000000D) for .ARM.Collect$$rtentry$$0000000D
    rtentry4.o(.ARM.Collect$$rtentry$$00000004) refers to sys_stackheap_outer.o(.text) for __user_setup_stackheap
    rtentry4.o(.ARM.exidx) refers to rtentry4.o(.ARM.Collect$$rtentry$$00000004) for .ARM.Collect$$rtentry$$00000004
    rt_div0.o(.text) refers to defsig_fpe_outer.o(.text) for __rt_SIGFPE
    sys_stackheap_outer.o(.text) refers to libspace.o(.text) for __user_perproc_libspace
    sys_stackheap_outer.o(.text) refers to startup.o(.text) for __user_initial_stackheap
    exit.o(.text) refers to rtexit.o(.ARM.Collect$$rtexit$$00000000) for __rt_exit
    defsig_fpe_outer.o(.text) refers to defsig_fpe_inner.o(.text) for __rt_SIGFPE_inner
    defsig_fpe_outer.o(.text) refers to defsig_exit.o(.text) for __sig_exit
    defsig_fpe_formal.o(.text) refers to rt_raise.o(.text) for __rt_raise
    libinit.o(.ARM.Collect$$libinit$$00000000) refers (Special) to libinit2.o(.ARM.Collect$$libinit$$0000002C) for __rt_lib_init_alloca_1
    libinit.o(.ARM.Collect$$libinit$$00000000) refers (Special) to libinit2.o(.ARM.Collect$$libinit$$0000002A) for __rt_lib_init_argv_1
    libinit.o(.ARM.Collect$$libinit$$00000000) refers (Special) to libinit2.o(.ARM.Collect$$libinit$$00000019) for __rt_lib_init_atexit_1
    libinit.o(.ARM.Collect$$libinit$$00000000) refers (Special) to libinit2.o(.ARM.Collect$$libinit$$0000001F) for __rt_lib_init_clock_1
    libinit.o(.ARM.Collect$$libinit$$00000000) refers (Special) to libinit2.o(.ARM.Collect$$libinit$$00000030) for __rt_lib_init_cpp_1
    libinit.o(.ARM.Collect$$libinit$$00000000) refers (Special) to libinit2.o(.ARM.Collect$$libinit$$0000002E) for __rt_lib_init_exceptions_1
    libinit.o(.ARM.Collect$$libinit$$00000000) refers (Special) to libinit2.o(.ARM.Collect$$libinit$$00000002) for __rt_lib_init_fp_1
    libinit.o(.ARM.Collect$$libinit$$00000000) refers (Special) to libinit2.o(.ARM.Collect$$libinit$$0000001D) for __rt_lib_init_fp_trap_1
    libinit.o(.ARM.Collect$$libinit$$00000000) refers (Special) to libinit2.o(.ARM.Collect$$libinit$$00000021) for __rt_lib_init_getenv_1
    libinit.o(.ARM.Collect$$libinit$$00000000) refers (Special) to libinit2.o(.ARM.Collect$$libinit$$00000008) for __rt_lib_init_heap_1
    libinit.o(.ARM.Collect$$libinit$$00000000) refers (Special) to libinit2.o(.ARM.Collect$$libinit$$0000000F) for __rt_lib_init_lc_collate_1
    libinit.o(.ARM.Collect$$libinit$$00000000) refers (Special) to libinit2.o(.ARM.Collect$$libinit$$00000011) for __rt_lib_init_lc_ctype_1
    libinit.o(.ARM.Collect$$libinit$$00000000) refers (Special) to libinit2.o(.ARM.Collect$$libinit$$00000013) for __rt_lib_init_lc_monetary_1
    libinit.o(.ARM.Collect$$libinit$$00000000) refers (Special) to libinit2.o(.ARM.Collect$$libinit$$00000015) for __rt_lib_init_lc_numeric_1
    libinit.o(.ARM.Collect$$libinit$$00000000) refers (Special) to libinit2.o(.ARM.Collect$$libinit$$00000017) for __rt_lib_init_lc_time_1
    libinit.o(.ARM.Collect$$libinit$$00000000) refers (Special) to libinit2.o(.ARM.Collect$$libinit$$0000000C) for __rt_lib_init_rand_1
    libinit.o(.ARM.Collect$$libinit$$00000000) refers (Special) to libinit2.o(.ARM.Collect$$libinit$$00000031) for __rt_lib_init_return
    libinit.o(.ARM.Collect$$libinit$$00000000) refers (Special) to libinit2.o(.ARM.Collect$$libinit$$0000001B) for __rt_lib_init_signal_1
    libinit.o(.ARM.Collect$$libinit$$00000000) refers (Special) to libinit2.o(.ARM.Collect$$libinit$$00000023) for __rt_lib_init_stdio_1
    libinit.o(.ARM.Collect$$libinit$$00000000) refers (Special) to libinit2.o(.ARM.Collect$$libinit$$0000000A) for __rt_lib_init_user_alloc_1
    libspace.o(.text) refers to libspace.o(.bss) for __libspace_start
    rtexit.o(.ARM.Collect$$rtexit$$00000000) refers (Special) to rtexit2.o(.ARM.Collect$$rtexit$$00000004) for __rt_exit_exit
    rtexit.o(.ARM.Collect$$rtexit$$00000000) refers (Special) to rtexit2.o(.ARM.Collect$$rtexit$$00000003) for __rt_exit_ls
    rtexit.o(.ARM.Collect$$rtexit$$00000000) refers (Special) to rtexit2.o(.ARM.Collect$$rtexit$$00000002) for __rt_exit_prels_1
    rtexit.o(.ARM.exidx) refers (Special) to rtexit2.o(.ARM.Collect$$rtexit$$00000004) for __rt_exit_exit
    rtexit.o(.ARM.exidx) refers (Special) to rtexit2.o(.ARM.Collect$$rtexit$$00000003) for __rt_exit_ls
    rtexit.o(.ARM.exidx) refers (Special) to rtexit2.o(.ARM.Collect$$rtexit$$00000002) for __rt_exit_prels_1
    rtexit.o(.ARM.exidx) refers to rtexit.o(.ARM.Collect$$rtexit$$00000000) for .ARM.Collect$$rtexit$$00000000
    rt_raise.o(.text) refers to __raise.o(.text) for __raise
    rt_raise.o(.text) refers to retarget.o(.text) for _sys_exit
    defsig_exit.o(.text) refers to retarget.o(.text) for _sys_exit
    defsig_fpe_inner.o(.text) refers to defsig_general.o(.text) for __default_signal_display
    libinit2.o(.ARM.Collect$$libinit$$0000000E) refers to libinit2.o(.ARM.Collect$$libinit$$0000000D) for .ARM.Collect$$libinit$$0000000D
    libinit2.o(.ARM.Collect$$libinit$$00000010) refers to libinit2.o(.ARM.Collect$$libinit$$0000000D) for .ARM.Collect$$libinit$$0000000D
    libinit2.o(.ARM.Collect$$libinit$$00000012) refers to libinit2.o(.ARM.Collect$$libinit$$0000000D) for .ARM.Collect$$libinit$$0000000D
    libinit2.o(.ARM.Collect$$libinit$$00000014) refers to libinit2.o(.ARM.Collect$$libinit$$0000000D) for .ARM.Collect$$libinit$$0000000D
    libinit2.o(.ARM.Collect$$libinit$$00000016) refers to libinit2.o(.ARM.Collect$$libinit$$0000000D) for .ARM.Collect$$libinit$$0000000D
    libinit2.o(.ARM.Collect$$libinit$$00000024) refers to argv_veneer.o(.emb_text) for __ARM_argv_veneer
    libinit2.o(.ARM.Collect$$libinit$$00000025) refers to argv_veneer.o(.emb_text) for __ARM_argv_veneer
    rtexit2.o(.ARM.Collect$$rtexit$$00000003) refers to libshutdown.o(.ARM.Collect$$libshutdown$$00000000) for __rt_lib_shutdown
    rtexit2.o(.ARM.Collect$$rtexit$$00000004) refers to retarget.o(.text) for _sys_exit
    rtexit2.o(.ARM.exidx) refers to rtexit2.o(.ARM.Collect$$rtexit$$00000001) for .ARM.Collect$$rtexit$$00000001
    rtexit2.o(.ARM.exidx) refers to rtexit2.o(.ARM.Collect$$rtexit$$00000003) for .ARM.Collect$$rtexit$$00000003
    rtexit2.o(.ARM.exidx) refers to rtexit2.o(.ARM.Collect$$rtexit$$00000004) for .ARM.Collect$$rtexit$$00000004
    __raise.o(.text) refers to defsig.o(CL$$defsig) for __default_signal_handler
    defsig_general.o(.text) refers to sys_wrch.o(.text) for _ttywrch
    argv_veneer.o(.emb_text) refers to no_argv.o(.text) for __ARM_get_argv
    sys_wrch.o(.text) refers (Special) to use_no_semi.o(.text) for __I$use$semihosting
    sys_wrch.o(.text) refers (Special) to indicate_semi.o(.text) for __semihosting_library_function
    defsig.o(CL$$defsig) refers to defsig_fpe_inner.o(.text) for __rt_SIGFPE_inner
    defsig.o(CL$$defsig) refers to defsig_rtmem_inner.o(.text) for __rt_SIGRTMEM_inner
    _get_argv_nomalloc.o(.text) refers (Special) to hrguard.o(.text) for __heap_region$guard
    _get_argv_nomalloc.o(.text) refers to defsig_rtmem_outer.o(.text) for __rt_SIGRTMEM
    _get_argv_nomalloc.o(.text) refers to sys_command.o(.text) for _sys_command_string
    libshutdown.o(.ARM.Collect$$libshutdown$$00000000) refers (Special) to libshutdown2.o(.ARM.Collect$$libshutdown$$00000006) for __rt_lib_shutdown_fp_trap_1
    libshutdown.o(.ARM.Collect$$libshutdown$$00000000) refers (Special) to libshutdown2.o(.ARM.Collect$$libshutdown$$0000000E) for __rt_lib_shutdown_heap_1
    libshutdown.o(.ARM.Collect$$libshutdown$$00000000) refers (Special) to libshutdown2.o(.ARM.Collect$$libshutdown$$0000000F) for __rt_lib_shutdown_return
    libshutdown.o(.ARM.Collect$$libshutdown$$00000000) refers (Special) to libshutdown2.o(.ARM.Collect$$libshutdown$$00000009) for __rt_lib_shutdown_signal_1
    libshutdown.o(.ARM.Collect$$libshutdown$$00000000) refers (Special) to libshutdown2.o(.ARM.Collect$$libshutdown$$00000003) for __rt_lib_shutdown_stdio_1
    libshutdown.o(.ARM.Collect$$libshutdown$$00000000) refers (Special) to libshutdown2.o(.ARM.Collect$$libshutdown$$0000000B) for __rt_lib_shutdown_user_alloc_1
    sys_command.o(.text) refers (Special) to use_no_semi.o(.text) for __I$use$semihosting
    sys_command.o(.text) refers (Special) to indicate_semi.o(.text) for __semihosting_library_function
    defsig_abrt_inner.o(.text) refers to defsig_general.o(.text) for __default_signal_display
    defsig_rtred_inner.o(.text) refers to defsig_general.o(.text) for __default_signal_display
    defsig_rtmem_inner.o(.text) refers to defsig_general.o(.text) for __default_signal_display
    defsig_rtmem_outer.o(.text) refers to defsig_rtmem_inner.o(.text) for __rt_SIGRTMEM_inner
    defsig_rtmem_outer.o(.text) refers to defsig_exit.o(.text) for __sig_exit
    defsig_rtmem_formal.o(.text) refers to rt_raise.o(.text) for __rt_raise
    defsig_stak_inner.o(.text) refers to defsig_general.o(.text) for __default_signal_display
    defsig_pvfn_inner.o(.text) refers to defsig_general.o(.text) for __default_signal_display
    defsig_cppl_inner.o(.text) refers to defsig_general.o(.text) for __default_signal_display
    defsig_segv_inner.o(.text) refers to defsig_general.o(.text) for __default_signal_display
    defsig_other.o(.text) refers to defsig_general.o(.text) for __default_signal_display


==============================================================================

Removing Unused input sections from the image.

    Removing time.o(.ARM.exidx), (8 bytes).
    Removing retarget.o(.ARM.exidx), (8 bytes).
    Removing irq.o(.ARM.exidx), (8 bytes).
    Removing timer.o(.text), (132 bytes).
    Removing timer.o(.ARM.exidx), (8 bytes).
    Removing global.o(.data), (4 bytes).
    Removing global.o(.data), (4 bytes).
    Removing global.o(.data), (4 bytes).
    Removing global.o(.data), (4 bytes).
    Removing global.o(.data), (4 bytes).
    Removing global.o(.data), (8 bytes).
    Removing main.o(.ARM.exidx), (8 bytes).
    Removing main.o(.data), (1 bytes).
    Removing main.o(.data), (1 bytes).
    Removing fsm_master.o(.ARM.exidx), (8 bytes).
    Removing led.o(.ARM.exidx), (8 bytes).
    Removing alarme.o(.ARM.exidx), (8 bytes).

17 unused section(s) (total 226 bytes) removed from the image.

==============================================================================

Image Symbol Table

    Local Symbols

    Symbol Name                              Value     Ov Type        Size  Object(Section)

    RESET                                    0x00000000   Section      288  startup.o(RESET)
    ../clib/angel/boardlib.s                 0x00000000   Number         0  boardinit1.o ABSOLUTE
    ../clib/angel/boardlib.s                 0x00000000   Number         0  boardinit2.o ABSOLUTE
    ../clib/angel/boardlib.s                 0x00000000   Number         0  boardinit3.o ABSOLUTE
    ../clib/angel/boardlib.s                 0x00000000   Number         0  boardshut.o ABSOLUTE
    ../clib/angel/handlers.s                 0x00000000   Number         0  __scatter_copy.o ABSOLUTE
    ../clib/angel/handlers.s                 0x00000000   Number         0  __scatter_zi.o ABSOLUTE
    ../clib/angel/kernel.s                   0x00000000   Number         0  rtentry.o ABSOLUTE
    ../clib/angel/kernel.s                   0x00000000   Number         0  rtentry4.o ABSOLUTE
    ../clib/angel/kernel.s                   0x00000000   Number         0  rtexit.o ABSOLUTE
    ../clib/angel/kernel.s                   0x00000000   Number         0  rtentry2.o ABSOLUTE
    ../clib/angel/kernel.s                   0x00000000   Number         0  rtexit2.o ABSOLUTE
    ../clib/angel/rt.s                       0x00000000   Number         0  aeabi_idiv0.o ABSOLUTE
    ../clib/angel/rt.s                       0x00000000   Number         0  rt_div0.o ABSOLUTE
    ../clib/angel/rt.s                       0x00000000   Number         0  rt_raise.o ABSOLUTE
    ../clib/angel/rt.s                       0x00000000   Number         0  aeabi_ldiv0_sigfpe.o ABSOLUTE
    ../clib/angel/rt.s                       0x00000000   Number         0  aeabi_ldiv0.o ABSOLUTE
    ../clib/angel/rt.s                       0x00000000   Number         0  aeabi_idiv0_sigfpe.o ABSOLUTE
    ../clib/angel/scatter.s                  0x00000000   Number         0  __scatter.o ABSOLUTE
    ../clib/angel/startup.s                  0x00000000   Number         0  __main.o ABSOLUTE
    ../clib/angel/sys.s                      0x00000000   Number         0  indicate_semi.o ABSOLUTE
    ../clib/angel/sys.s                      0x00000000   Number         0  sys_stackheap_outer.o ABSOLUTE
    ../clib/angel/sys.s                      0x00000000   Number         0  libspace.o ABSOLUTE
    ../clib/angel/sys.s                      0x00000000   Number         0  use_no_semi.o ABSOLUTE
    ../clib/angel/sysapp.c                   0x00000000   Number         0  sys_command.o ABSOLUTE
    ../clib/angel/sysapp.c                   0x00000000   Number         0  sys_wrch.o ABSOLUTE
    ../clib/armsys.c                         0x00000000   Number         0  _get_argv_nomalloc.o ABSOLUTE
    ../clib/armsys.c                         0x00000000   Number         0  argv_veneer.o ABSOLUTE
    ../clib/armsys.c                         0x00000000   Number         0  no_argv.o ABSOLUTE
    ../clib/armsys.c                         0x00000000   Number         0  argv_veneer.o ABSOLUTE
    ../clib/division.s                       0x00000000   Number         0  aeabi_sdiv_div0.o ABSOLUTE
    ../clib/division.s                       0x00000000   Number         0  aeabi_sdiv.o ABSOLUTE
    ../clib/divrt.s                          0x00000000   Number         0  divrt_7tdmi.o ABSOLUTE
    ../clib/divrt.s                          0x00000000   Number         0  divrt_7tdmi_div0.o ABSOLUTE
    ../clib/heapalloc.c                      0x00000000   Number         0  hrguard.o ABSOLUTE
    ../clib/heapaux.c                        0x00000000   Number         0  heapauxi.o ABSOLUTE
    ../clib/libinit.s                        0x00000000   Number         0  libshutdown2.o ABSOLUTE
    ../clib/libinit.s                        0x00000000   Number         0  libshutdown.o ABSOLUTE
    ../clib/libinit.s                        0x00000000   Number         0  libinit2.o ABSOLUTE
    ../clib/libinit.s                        0x00000000   Number         0  libinit.o ABSOLUTE
    ../clib/longlong.s                       0x00000000   Number         0  lludiv.o ABSOLUTE
    ../clib/signal.c                         0x00000000   Number         0  defsig_fpe_formal.o ABSOLUTE
    ../clib/signal.c                         0x00000000   Number         0  defsig_abrt_inner.o ABSOLUTE
    ../clib/signal.c                         0x00000000   Number         0  defsig_general.o ABSOLUTE
    ../clib/signal.c                         0x00000000   Number         0  __raise.o ABSOLUTE
    ../clib/signal.c                         0x00000000   Number         0  defsig_rtmem_outer.o ABSOLUTE
    ../clib/signal.c                         0x00000000   Number         0  defsig_rtmem_inner.o ABSOLUTE
    ../clib/signal.c                         0x00000000   Number         0  defsig_rtmem_formal.o ABSOLUTE
    ../clib/signal.c                         0x00000000   Number         0  defsig_exit.o ABSOLUTE
    ../clib/signal.c                         0x00000000   Number         0  defsig_stak_inner.o ABSOLUTE
    ../clib/signal.c                         0x00000000   Number         0  defsig_pvfn_inner.o ABSOLUTE
    ../clib/signal.c                         0x00000000   Number         0  defsig_rtred_inner.o ABSOLUTE
    ../clib/signal.c                         0x00000000   Number         0  defsig_cppl_inner.o ABSOLUTE
    ../clib/signal.c                         0x00000000   Number         0  defsig_fpe_inner.o ABSOLUTE
    ../clib/signal.c                         0x00000000   Number         0  defsig_fpe_outer.o ABSOLUTE
    ../clib/signal.c                         0x00000000   Number         0  defsig_segv_inner.o ABSOLUTE
    ../clib/signal.c                         0x00000000   Number         0  defsig_other.o ABSOLUTE
    ../clib/signal.s                         0x00000000   Number         0  defsig.o ABSOLUTE
    ../clib/stdlib.c                         0x00000000   Number         0  exit.o ABSOLUTE
    ../fplib/fpinit.s                        0x00000000   Number         0  fpinit.o ABSOLUTE
    Retarget.cpp                             0x00000000   Number         0  retarget.o ABSOLUTE
    Startup.s                                0x00000000   Number         0  startup.o ABSOLUTE
    Time.cpp                                 0x00000000   Number         0  time.o ABSOLUTE
    alarme.cpp                               0x00000000   Number         0  alarme.o ABSOLUTE
    dc.s                                     0x00000000   Number         0  dc.o ABSOLUTE
    fsm_master.cpp                           0x00000000   Number         0  fsm_master.o ABSOLUTE
    global.cpp                               0x00000000   Number         0  global.o ABSOLUTE
    irq.cpp                                  0x00000000   Number         0  irq.o ABSOLUTE
    led.cpp                                  0x00000000   Number         0  led.o ABSOLUTE
    main.cpp                                 0x00000000   Number         0  main.o ABSOLUTE
    timer.cpp                                0x00000000   Number         0  timer.o ABSOLUTE
    Undef_Handler                            0x00000040   ARM Code       4  startup.o(RESET)
    SWI_Handler                              0x00000044   ARM Code       4  startup.o(RESET)
    PAbt_Handler                             0x00000048   ARM Code       4  startup.o(RESET)
    DAbt_Handler                             0x0000004c   ARM Code       4  startup.o(RESET)
    IRQ_Handler                              0x00000050   ARM Code       4  startup.o(RESET)
    FIQ_Handler                              0x00000054   ARM Code       4  startup.o(RESET)
    !!!main                                  0x00000120   Section        8  __main.o(!!!main)
    !!!scatter                               0x00000128   Section       60  __scatter.o(!!!scatter)
    !!handler_copy                           0x00000164   Section       40  __scatter_copy.o(!!handler_copy)
    !!handler_zi                             0x0000018c   Section       44  __scatter_zi.o(!!handler_zi)
    .ARM.Collect$$libinit$$00000000          0x000001b8   Section        4  libinit.o(.ARM.Collect$$libinit$$00000000)
    .ARM.Collect$$libinit$$00000002          0x000001bc   Section        0  libinit2.o(.ARM.Collect$$libinit$$00000002)
    .ARM.Collect$$libinit$$00000008          0x000001bc   Section        0  libinit2.o(.ARM.Collect$$libinit$$00000008)
    .ARM.Collect$$libinit$$0000000A          0x000001bc   Section        0  libinit2.o(.ARM.Collect$$libinit$$0000000A)
    .ARM.Collect$$libinit$$0000000C          0x000001bc   Section        0  libinit2.o(.ARM.Collect$$libinit$$0000000C)
    .ARM.Collect$$libinit$$0000000F          0x000001bc   Section        0  libinit2.o(.ARM.Collect$$libinit$$0000000F)
    .ARM.Collect$$libinit$$00000011          0x000001bc   Section        0  libinit2.o(.ARM.Collect$$libinit$$00000011)
    .ARM.Collect$$libinit$$00000013          0x000001bc   Section        0  libinit2.o(.ARM.Collect$$libinit$$00000013)
    .ARM.Collect$$libinit$$00000015          0x000001bc   Section        0  libinit2.o(.ARM.Collect$$libinit$$00000015)
    .ARM.Collect$$libinit$$00000017          0x000001bc   Section        0  libinit2.o(.ARM.Collect$$libinit$$00000017)
    .ARM.Collect$$libinit$$00000019          0x000001bc   Section        0  libinit2.o(.ARM.Collect$$libinit$$00000019)
    .ARM.Collect$$libinit$$0000001B          0x000001bc   Section        0  libinit2.o(.ARM.Collect$$libinit$$0000001B)
    .ARM.Collect$$libinit$$0000001D          0x000001bc   Section        0  libinit2.o(.ARM.Collect$$libinit$$0000001D)
    .ARM.Collect$$libinit$$0000001F          0x000001bc   Section        0  libinit2.o(.ARM.Collect$$libinit$$0000001F)
    .ARM.Collect$$libinit$$00000021          0x000001bc   Section        0  libinit2.o(.ARM.Collect$$libinit$$00000021)
    .ARM.Collect$$libinit$$00000023          0x000001bc   Section        0  libinit2.o(.ARM.Collect$$libinit$$00000023)
    .ARM.Collect$$libinit$$0000002A          0x000001bc   Section        0  libinit2.o(.ARM.Collect$$libinit$$0000002A)
    .ARM.Collect$$libinit$$0000002C          0x000001bc   Section        0  libinit2.o(.ARM.Collect$$libinit$$0000002C)
    .ARM.Collect$$libinit$$0000002E          0x000001bc   Section        0  libinit2.o(.ARM.Collect$$libinit$$0000002E)
    .ARM.Collect$$libinit$$00000030          0x000001bc   Section        0  libinit2.o(.ARM.Collect$$libinit$$00000030)
    .ARM.Collect$$libinit$$00000031          0x000001bc   Section        4  libinit2.o(.ARM.Collect$$libinit$$00000031)
    .ARM.Collect$$libshutdown$$00000000      0x000001c0   Section        4  libshutdown.o(.ARM.Collect$$libshutdown$$00000000)
    .ARM.Collect$$libshutdown$$00000003      0x000001c4   Section        0  libshutdown2.o(.ARM.Collect$$libshutdown$$00000003)
    .ARM.Collect$$libshutdown$$00000006      0x000001c4   Section        0  libshutdown2.o(.ARM.Collect$$libshutdown$$00000006)
    .ARM.Collect$$libshutdown$$00000009      0x000001c4   Section        0  libshutdown2.o(.ARM.Collect$$libshutdown$$00000009)
    .ARM.Collect$$libshutdown$$0000000B      0x000001c4   Section        0  libshutdown2.o(.ARM.Collect$$libshutdown$$0000000B)
    .ARM.Collect$$libshutdown$$0000000E      0x000001c4   Section        0  libshutdown2.o(.ARM.Collect$$libshutdown$$0000000E)
    .ARM.Collect$$libshutdown$$0000000F      0x000001c4   Section        4  libshutdown2.o(.ARM.Collect$$libshutdown$$0000000F)
    .ARM.Collect$$rtentry$$00000000          0x000001c8   Section        0  rtentry.o(.ARM.Collect$$rtentry$$00000000)
    .ARM.Collect$$rtentry$$00000002          0x000001c8   Section        0  rtentry2.o(.ARM.Collect$$rtentry$$00000002)
    .ARM.Collect$$rtentry$$00000004          0x000001c8   Section        8  rtentry4.o(.ARM.Collect$$rtentry$$00000004)
    .ARM.Collect$$rtentry$$00000009          0x000001d0   Section        0  rtentry2.o(.ARM.Collect$$rtentry$$00000009)
    .ARM.Collect$$rtentry$$0000000A          0x000001d0   Section        4  rtentry2.o(.ARM.Collect$$rtentry$$0000000A)
    .ARM.Collect$$rtentry$$0000000C          0x000001d4   Section        0  rtentry2.o(.ARM.Collect$$rtentry$$0000000C)
    .ARM.Collect$$rtentry$$0000000D          0x000001d4   Section        8  rtentry2.o(.ARM.Collect$$rtentry$$0000000D)
    .ARM.Collect$$rtexit$$00000000           0x000001dc   Section        4  rtexit.o(.ARM.Collect$$rtexit$$00000000)
    .ARM.Collect$$rtexit$$00000002           0x000001e0   Section        0  rtexit2.o(.ARM.Collect$$rtexit$$00000002)
    .ARM.Collect$$rtexit$$00000003           0x000001e0   Section        4  rtexit2.o(.ARM.Collect$$rtexit$$00000003)
    .ARM.Collect$$rtexit$$00000004           0x000001e4   Section        8  rtexit2.o(.ARM.Collect$$rtexit$$00000004)
    .text                                    0x000001ec   Section       32  startup.o(.text)
    .text                                    0x0000020c   Section        0  time.o(.text)
    .text                                    0x00000594   Section        0  retarget.o(.text)
    .text                                    0x00000598   Section        0  irq.o(.text)
    .text                                    0x000006bc   Section        0  main.o(.text)
    .text                                    0x00000708   Section        0  fsm_master.o(.text)
    .text                                    0x0000074c   Section        0  led.o(.text)
    .text                                    0x000011ec   Section        0  alarme.o(.text)
    .text                                    0x00001338   Section        4  use_no_semi.o(.text)
    .text                                    0x0000133c   Section      692  lludiv.o(.text)
    .text                                    0x000015f0   Section      380  aeabi_sdiv.o(.text)
    __arm_div8                               0x0000161c   ARM Code       0  aeabi_sdiv.o(.text)
    __arm_div5                               0x00001640   ARM Code       0  aeabi_sdiv.o(.text)
    __arm_div2                               0x00001664   ARM Code       0  aeabi_sdiv.o(.text)
    __arm_div_large                          0x000016a0   ARM Code       0  aeabi_sdiv.o(.text)
    .text                                    0x0000176c   Section        0  heapauxi.o(.text)
    .text                                    0x00001778   Section       96  sys_stackheap_outer.o(.text)
    .text                                    0x000017d8   Section        0  exit.o(.text)
    .text                                    0x000017e8   Section       12  libspace.o(.text)
    .text_udiv                               0x000017f4   Section       36  aeabi_sdiv.o(.text_udiv)
    .data                                    0x40000000   Section        8  time.o(.data)
    FlagInterrupt                            0x40000000   Data           1  time.o(.data)
    AlarmeFisiologico                        0x40000001   Data           1  time.o(.data)
    .data                                    0x40000008   Section        4  global.o(.data)
    .data                                    0x4000000c   Section        4  global.o(.data)
    .data                                    0x40000010   Section        1  global.o(.data)
    .data                                    0x40000011   Section        1  global.o(.data)
    .data                                    0x40000014   Section        4  global.o(.data)
    .bss                                     0x40000018   Section       96  libspace.o(.bss)
    HEAP                                     0x40000078   Section        0  startup.o(HEAP)
    STACK                                    0x40000078   Section     1160  startup.o(STACK)
    Heap_Mem                                 0x40000078   Data           0  startup.o(HEAP)
    Stack_Mem                                0x40000078   Data        1024  startup.o(STACK)
    Stack_Top                                0x40000500   Data           0  startup.o(STACK)

    Global Symbols

    Symbol Name                              Value     Ov Type        Size  Object(Section)

    BuildAttributes$$ARM_ISAv4$S$PE$A:L22$X:L11$S22$IEEE1$~IW$USESV6$~STKCKD$USESV7$~SHL$OSPACE$ROPI$EBA8$UX$STANDARDLIB$REQ8$EABIv2 0x00000000   Number         0  anon$$obj.o ABSOLUTE
    __ARM_use_no_argv                        0x00000000   Number         0  main.o ABSOLUTE
    __ARM_exceptions_init                     - Undefined Weak Reference
    __alloca_initialize                       - Undefined Weak Reference
    __cpp_initialize__aeabi_                  - Undefined Weak Reference
    __cxa_finalize                            - Undefined Weak Reference
    __rt_locale                               - Undefined Weak Reference
    __sigvec_lookup                           - Undefined Weak Reference
    _atexit_init                              - Undefined Weak Reference
    _call_atexit_fns                          - Undefined Weak Reference
    _clock_init                               - Undefined Weak Reference
    _fp_trap_init                             - Undefined Weak Reference
    _fp_trap_shutdown                         - Undefined Weak Reference
    _get_lc_collate                           - Undefined Weak Reference
    _get_lc_ctype                             - Undefined Weak Reference
    _get_lc_monetary                          - Undefined Weak Reference
    _get_lc_numeric                           - Undefined Weak Reference
    _get_lc_time                              - Undefined Weak Reference
    _getenv_init                              - Undefined Weak Reference
    _handle_redirection                       - Undefined Weak Reference
    _init_alloc                               - Undefined Weak Reference
    _init_user_alloc                          - Undefined Weak Reference
    _initio                                   - Undefined Weak Reference
    _rand_init                                - Undefined Weak Reference
    _signal_finish                            - Undefined Weak Reference
    _signal_init                              - Undefined Weak Reference
    _terminate_alloc                          - Undefined Weak Reference
    _terminate_user_alloc                     - Undefined Weak Reference
    _terminateio                              - Undefined Weak Reference
    Reset_Handler                            0x00000058   ARM Code       0  startup.o(RESET)
    __main                                   0x00000120   ARM Code       8  __main.o(!!!main)
    __scatterload                            0x00000128   ARM Code       0  __scatter.o(!!!scatter)
    __scatterload_rt2                        0x00000128   ARM Code      52  __scatter.o(!!!scatter)
    __scatterload_null                       0x0000013c   ARM Code       0  __scatter.o(!!!scatter)
    __scatterload_copy                       0x00000164   ARM Code      40  __scatter_copy.o(!!handler_copy)
    __scatterload_zeroinit                   0x0000018c   ARM Code      44  __scatter_zi.o(!!handler_zi)
    __rt_lib_init                            0x000001b8   ARM Code       0  libinit.o(.ARM.Collect$$libinit$$00000000)
    __rt_lib_init_alloca_1                   0x000001bc   ARM Code       0  libinit2.o(.ARM.Collect$$libinit$$0000002C)
    __rt_lib_init_argv_1                     0x000001bc   ARM Code       0  libinit2.o(.ARM.Collect$$libinit$$0000002A)
    __rt_lib_init_atexit_1                   0x000001bc   ARM Code       0  libinit2.o(.ARM.Collect$$libinit$$00000019)
    __rt_lib_init_clock_1                    0x000001bc   ARM Code       0  libinit2.o(.ARM.Collect$$libinit$$0000001F)
    __rt_lib_init_cpp_1                      0x000001bc   ARM Code       0  libinit2.o(.ARM.Collect$$libinit$$00000030)
    __rt_lib_init_exceptions_1               0x000001bc   ARM Code       0  libinit2.o(.ARM.Collect$$libinit$$0000002E)
    __rt_lib_init_fp_1                       0x000001bc   ARM Code       0  libinit2.o(.ARM.Collect$$libinit$$00000002)
    __rt_lib_init_fp_trap_1                  0x000001bc   ARM Code       0  libinit2.o(.ARM.Collect$$libinit$$0000001D)
    __rt_lib_init_getenv_1                   0x000001bc   ARM Code       0  libinit2.o(.ARM.Collect$$libinit$$00000021)
    __rt_lib_init_heap_1                     0x000001bc   ARM Code       0  libinit2.o(.ARM.Collect$$libinit$$00000008)
    __rt_lib_init_lc_collate_1               0x000001bc   ARM Code       0  libinit2.o(.ARM.Collect$$libinit$$0000000F)
    __rt_lib_init_lc_ctype_1                 0x000001bc   ARM Code       0  libinit2.o(.ARM.Collect$$libinit$$00000011)
    __rt_lib_init_lc_monetary_1              0x000001bc   ARM Code       0  libinit2.o(.ARM.Collect$$libinit$$00000013)
    __rt_lib_init_lc_numeric_1               0x000001bc   ARM Code       0  libinit2.o(.ARM.Collect$$libinit$$00000015)
    __rt_lib_init_lc_time_1                  0x000001bc   ARM Code       0  libinit2.o(.ARM.Collect$$libinit$$00000017)
    __rt_lib_init_rand_1                     0x000001bc   ARM Code       0  libinit2.o(.ARM.Collect$$libinit$$0000000C)
    __rt_lib_init_return                     0x000001bc   ARM Code       0  libinit2.o(.ARM.Collect$$libinit$$00000031)
    __rt_lib_init_signal_1                   0x000001bc   ARM Code       0  libinit2.o(.ARM.Collect$$libinit$$0000001B)
    __rt_lib_init_stdio_1                    0x000001bc   ARM Code       0  libinit2.o(.ARM.Collect$$libinit$$00000023)
    __rt_lib_init_user_alloc_1               0x000001bc   ARM Code       0  libinit2.o(.ARM.Collect$$libinit$$0000000A)
    __rt_lib_shutdown                        0x000001c0   ARM Code       0  libshutdown.o(.ARM.Collect$$libshutdown$$00000000)
    __rt_lib_shutdown_fp_trap_1              0x000001c4   ARM Code       0  libshutdown2.o(.ARM.Collect$$libshutdown$$00000006)
    __rt_lib_shutdown_heap_1                 0x000001c4   ARM Code       0  libshutdown2.o(.ARM.Collect$$libshutdown$$0000000E)
    __rt_lib_shutdown_return                 0x000001c4   ARM Code       0  libshutdown2.o(.ARM.Collect$$libshutdown$$0000000F)
    __rt_lib_shutdown_signal_1               0x000001c4   ARM Code       0  libshutdown2.o(.ARM.Collect$$libshutdown$$00000009)
    __rt_lib_shutdown_stdio_1                0x000001c4   ARM Code       0  libshutdown2.o(.ARM.Collect$$libshutdown$$00000003)
    __rt_lib_shutdown_user_alloc_1           0x000001c4   ARM Code       0  libshutdown2.o(.ARM.Collect$$libshutdown$$0000000B)
    __rt_entry                               0x000001c8   ARM Code       0  rtentry.o(.ARM.Collect$$rtentry$$00000000)
    __rt_entry_presh_1                       0x000001c8   ARM Code       0  rtentry2.o(.ARM.Collect$$rtentry$$00000002)
    __rt_entry_sh                            0x000001c8   ARM Code       0  rtentry4.o(.ARM.Collect$$rtentry$$00000004)
    __rt_entry_li                            0x000001d0   ARM Code       0  rtentry2.o(.ARM.Collect$$rtentry$$0000000A)
    __rt_entry_postsh_1                      0x000001d0   ARM Code       0  rtentry2.o(.ARM.Collect$$rtentry$$00000009)
    __rt_entry_main                          0x000001d4   ARM Code       0  rtentry2.o(.ARM.Collect$$rtentry$$0000000D)
    __rt_entry_postli_1                      0x000001d4   ARM Code       0  rtentry2.o(.ARM.Collect$$rtentry$$0000000C)
    __rt_exit                                0x000001dc   ARM Code       0  rtexit.o(.ARM.Collect$$rtexit$$00000000)
    __rt_exit_ls                             0x000001e0   ARM Code       0  rtexit2.o(.ARM.Collect$$rtexit$$00000003)
    __rt_exit_prels_1                        0x000001e0   ARM Code       0  rtexit2.o(.ARM.Collect$$rtexit$$00000002)
    __rt_exit_exit                           0x000001e4   ARM Code       0  rtexit2.o(.ARM.Collect$$rtexit$$00000004)
    __user_initial_stackheap                 0x000001ec   ARM Code       0  startup.o(.text)
    timer_0_ISR()                            0x0000020c   ARM Code     328  time.o(.text)
    GetCclk()                                0x00000354   ARM Code      40  time.o(.text)
    GetVPBdivider()                          0x0000037c   ARM Code      48  time.o(.text)
    GetPclk()                                0x000003ac   ARM Code      28  time.o(.text)
    SetupPLL()                               0x000003c8   ARM Code      56  time.o(.text)
    SetupVPBclock()                          0x00000400   ARM Code      16  time.o(.text)
    InitTimer(char, unsigned long)           0x00000410   ARM Code     240  time.o(.text)
    Delay(short)                             0x00000500   ARM Code      96  time.o(.text)
    _sys_exit                                0x00000594   ARM Code       4  retarget.o(.text)
    DefaultVICHandler()                      0x00000598   ARM Code      12  irq.o(.text)
    init_VIC()                               0x000005a4   ARM Code      68  irq.o(.text)
    install_irq(unsigned long, void*)        0x000005e8   ARM Code     100  irq.o(.text)
    uninstall_irq(unsigned long)             0x0000064c   ARM Code     112  irq.o(.text)
    main                                     0x000006bc   ARM Code      68  main.o(.text)
    Master_FSM::Master_FSM()                 0x00000708   ARM Code      32  fsm_master.o(.text)
    Master_FSM::Master_FSM__sub_object()     0x00000708   ARM Code       0  fsm_master.o(.text)
    Master_FSM::FSM_timer()                  0x00000728   ARM Code      36  fsm_master.o(.text)
    Led::Led()                               0x0000074c   ARM Code       4  led.o(.text)
    Led::Led__sub_object()                   0x0000074c   ARM Code       0  led.o(.text)
    Led::ECG_Alta_Ligado()                   0x00000750   ARM Code      68  led.o(.text)
    Led::ECG_Media_Ligado()                  0x00000794   ARM Code      68  led.o(.text)
    Led::SPO2_Alta_Ligado()                  0x000007d8   ARM Code      68  led.o(.text)
    Led::SPO2_Media_Ligado()                 0x0000081c   ARM Code      68  led.o(.text)
    Led::BAT_OK_Ligado()                     0x00000860   ARM Code      68  led.o(.text)
    Led::BAT_Media_Ligado()                  0x000008a4   ARM Code      32  led.o(.text)
    Led::ENF_Alta_Ligado()                   0x000008c4   ARM Code      68  led.o(.text)
    Led::ENF_Media_Ligado()                  0x00000908   ARM Code      68  led.o(.text)
    Led::Desliga()                           0x0000094c   ARM Code      68  led.o(.text)
    Led::ECG_Media()                         0x00000990   ARM Code     344  led.o(.text)
    Led::ECG_Alta()                          0x00000ae8   ARM Code     448  led.o(.text)
    Led::SPO2_Media()                        0x00000ca8   ARM Code     296  led.o(.text)
    Led::SPO2_Alta()                         0x00000dd0   ARM Code     448  led.o(.text)
    Led::ENF_Media()                         0x00000f90   ARM Code     340  led.o(.text)
    Led::ON_BAT_Media()                      0x000010e4   ARM Code     232  led.o(.text)
    Alarme::Alarme()                         0x000011ec   ARM Code       4  alarme.o(.text)
    Alarme::Alarme__sub_object()             0x000011ec   ARM Code       0  alarme.o(.text)
    Alarme::get_flag_timer_50ms()            0x000011f0   ARM Code       8  alarme.o(.text)
    Alarme::get_flag_timer_400ms()           0x000011f8   ARM Code       8  alarme.o(.text)
    Alarme::get_flag_timer_3000ms()          0x00001200   ARM Code       8  alarme.o(.text)
    Alarme::get_flag_timer_125ms()           0x00001208   ARM Code       8  alarme.o(.text)
    Alarme::get_flag_timer_1000ms()          0x00001210   ARM Code       8  alarme.o(.text)
    Alarme::get_flag_timer_5000ms()          0x00001218   ARM Code       8  alarme.o(.text)
    Alarme::timer_alarme()                   0x00001220   ARM Code     200  alarme.o(.text)
    Alarme::conta_timer_alarme()             0x000012e8   ARM Code      76  alarme.o(.text)
    __I$use$semihosting                      0x00001338   ARM Code       0  use_no_semi.o(.text)
    __use_no_semihosting_swi                 0x00001338   ARM Code       4  use_no_semi.o(.text)
    __aeabi_uldivmod                         0x0000133c   ARM Code       0  lludiv.o(.text)
    _ll_udiv                                 0x0000133c   ARM Code     692  lludiv.o(.text)
    _ll_udiv_donemoving                      0x00001350   ARM Code       0  lludiv.o(.text)
    __aeabi_idiv                             0x000015f0   ARM Code       0  aeabi_sdiv.o(.text)
    __aeabi_idivmod                          0x000015f0   ARM Code     380  aeabi_sdiv.o(.text)
    __use_two_region_memory                  0x0000176c   ARM Code       4  heapauxi.o(.text)
    __rt_heap_escrow$2region                 0x00001770   ARM Code       4  heapauxi.o(.text)
    __rt_heap_expand$2region                 0x00001774   ARM Code       4  heapauxi.o(.text)
    __user_setup_stackheap                   0x00001778   ARM Code      96  sys_stackheap_outer.o(.text)
    exit                                     0x000017d8   ARM Code      16  exit.o(.text)
    __user_libspace                          0x000017e8   ARM Code      12  libspace.o(.text)
    __user_perproc_libspace                  0x000017e8   ARM Code       0  libspace.o(.text)
    __user_perthread_libspace                0x000017e8   ARM Code       0  libspace.o(.text)
    __aeabi_uidiv                            0x000017f4   ARM Code       0  aeabi_sdiv.o(.text_udiv)
    __aeabi_uidivmod                         0x000017f4   ARM Code      36  aeabi_sdiv.o(.text_udiv)
    Region$$Table$$Base                      0x00001818   Number         0  anon$$obj.o(Region$$Table)
    Region$$Table$$Limit                     0x00001838   Number         0  anon$$obj.o(Region$$Table)
    delaycount                               0x40000004   Data           4  time.o(.data)
    timerseg                                 0x40000008   Data           4  global.o(.data)
    gTempoTeclaLiga                          0x4000000c   Data           4  global.o(.data)
    gAlarmeFisiologico                       0x40000010   Data           1  global.o(.data)
    gBotaoDesliga                            0x40000011   Data           1  global.o(.data)
    gIndexVetor                              0x40000014   Data           4  global.o(.data)
    __libspace_start                         0x40000018   Data          96  libspace.o(.bss)
    __temporary_stack_top$libspace           0x40000078   Data           0  libspace.o(.bss)



==============================================================================

Memory Map of the image

  Image Entry point : 0x00000120

  Load Region LR_IROM1 (Base: 0x00000000, Size: 0x00001850, Max: 0x00020000, ABSOLUTE)

    Execution Region ER_IROM1 (Base: 0x00000000, Size: 0x00001838, Max: 0x00020000, ABSOLUTE)

    Base Addr    Size         Type   Attr      Idx    E Section Name        Object

    0x00000000   0x00000120   Code   RO            3    RESET               startup.o
    0x00000120   0x00000008   Code   RO          238  * !!!main             c_4.l(__main.o)
    0x00000128   0x0000003c   Code   RO          402    !!!scatter          c_4.l(__scatter.o)
    0x00000164   0x00000028   Code   RO          404    !!handler_copy      c_4.l(__scatter_copy.o)
    0x0000018c   0x0000002c   Code   RO          406    !!handler_zi        c_4.l(__scatter_zi.o)
    0x000001b8   0x00000004   Code   RO          279    .ARM.Collect$$libinit$$00000000  c_4.l(libinit.o)
    0x000001bc   0x00000000   Code   RO          292    .ARM.Collect$$libinit$$00000002  c_4.l(libinit2.o)
    0x000001bc   0x00000000   Code   RO          295    .ARM.Collect$$libinit$$00000008  c_4.l(libinit2.o)
    0x000001bc   0x00000000   Code   RO          297    .ARM.Collect$$libinit$$0000000A  c_4.l(libinit2.o)
    0x000001bc   0x00000000   Code   RO          299    .ARM.Collect$$libinit$$0000000C  c_4.l(libinit2.o)
    0x000001bc   0x00000000   Code   RO          302    .ARM.Collect$$libinit$$0000000F  c_4.l(libinit2.o)
    0x000001bc   0x00000000   Code   RO          304    .ARM.Collect$$libinit$$00000011  c_4.l(libinit2.o)
    0x000001bc   0x00000000   Code   RO          306    .ARM.Collect$$libinit$$00000013  c_4.l(libinit2.o)
    0x000001bc   0x00000000   Code   RO          308    .ARM.Collect$$libinit$$00000015  c_4.l(libinit2.o)
    0x000001bc   0x00000000   Code   RO          310    .ARM.Collect$$libinit$$00000017  c_4.l(libinit2.o)
    0x000001bc   0x00000000   Code   RO          312    .ARM.Collect$$libinit$$00000019  c_4.l(libinit2.o)
    0x000001bc   0x00000000   Code   RO          314    .ARM.Collect$$libinit$$0000001B  c_4.l(libinit2.o)
    0x000001bc   0x00000000   Code   RO          316    .ARM.Collect$$libinit$$0000001D  c_4.l(libinit2.o)
    0x000001bc   0x00000000   Code   RO          318    .ARM.Collect$$libinit$$0000001F  c_4.l(libinit2.o)
    0x000001bc   0x00000000   Code   RO          320    .ARM.Collect$$libinit$$00000021  c_4.l(libinit2.o)
    0x000001bc   0x00000000   Code   RO          322    .ARM.Collect$$libinit$$00000023  c_4.l(libinit2.o)
    0x000001bc   0x00000000   Code   RO          326    .ARM.Collect$$libinit$$0000002A  c_4.l(libinit2.o)
    0x000001bc   0x00000000   Code   RO          328    .ARM.Collect$$libinit$$0000002C  c_4.l(libinit2.o)
    0x000001bc   0x00000000   Code   RO          330    .ARM.Collect$$libinit$$0000002E  c_4.l(libinit2.o)
    0x000001bc   0x00000000   Code   RO          332    .ARM.Collect$$libinit$$00000030  c_4.l(libinit2.o)
    0x000001bc   0x00000004   Code   RO          333    .ARM.Collect$$libinit$$00000031  c_4.l(libinit2.o)
    0x000001c0   0x00000004   Code   RO          359    .ARM.Collect$$libshutdown$$00000000  c_4.l(libshutdown.o)
    0x000001c4   0x00000000   Code   RO          387    .ARM.Collect$$libshutdown$$00000003  c_4.l(libshutdown2.o)
    0x000001c4   0x00000000   Code   RO          390    .ARM.Collect$$libshutdown$$00000006  c_4.l(libshutdown2.o)
    0x000001c4   0x00000000   Code   RO          393    .ARM.Collect$$libshutdown$$00000009  c_4.l(libshutdown2.o)
    0x000001c4   0x00000000   Code   RO          395    .ARM.Collect$$libshutdown$$0000000B  c_4.l(libshutdown2.o)
    0x000001c4   0x00000000   Code   RO          398    .ARM.Collect$$libshutdown$$0000000E  c_4.l(libshutdown2.o)
    0x000001c4   0x00000004   Code   RO          399    .ARM.Collect$$libshutdown$$0000000F  c_4.l(libshutdown2.o)
    0x000001c8   0x00000000   Code   RO          240    .ARM.Collect$$rtentry$$00000000  c_4.l(rtentry.o)
    0x000001c8   0x00000000   Code   RO          250    .ARM.Collect$$rtentry$$00000002  c_4.l(rtentry2.o)
    0x000001c8   0x00000008   Code   RO          262    .ARM.Collect$$rtentry$$00000004  c_4.l(rtentry4.o)
    0x000001d0   0x00000000   Code   RO          252    .ARM.Collect$$rtentry$$00000009  c_4.l(rtentry2.o)
    0x000001d0   0x00000004   Code   RO          253    .ARM.Collect$$rtentry$$0000000A  c_4.l(rtentry2.o)
    0x000001d4   0x00000000   Code   RO          255    .ARM.Collect$$rtentry$$0000000C  c_4.l(rtentry2.o)
    0x000001d4   0x00000008   Code   RO          256    .ARM.Collect$$rtentry$$0000000D  c_4.l(rtentry2.o)
    0x000001dc   0x00000004   Code   RO          283    .ARM.Collect$$rtexit$$00000000  c_4.l(rtexit.o)
    0x000001e0   0x00000000   Code   RO          335    .ARM.Collect$$rtexit$$00000002  c_4.l(rtexit2.o)
    0x000001e0   0x00000004   Code   RO          336    .ARM.Collect$$rtexit$$00000003  c_4.l(rtexit2.o)
    0x000001e4   0x00000008   Code   RO          337    .ARM.Collect$$rtexit$$00000004  c_4.l(rtexit2.o)
    0x000001ec   0x00000020   Code   RO            4    .text               startup.o
    0x0000020c   0x00000388   Code   RO           11    .text               time.o
    0x00000594   0x00000004   Code   RO           71    .text               retarget.o
    0x00000598   0x00000124   Code   RO           91    .text               irq.o
    0x000006bc   0x0000004c   Code   RO          147    .text               main.o
    0x00000708   0x00000044   Code   RO          174    .text               fsm_master.o
    0x0000074c   0x00000aa0   Code   RO          190    .text               led.o
    0x000011ec   0x0000014c   Code   RO          202    .text               alarme.o
    0x00001338   0x00000004   Code   RO          216    .text               c_4.l(use_no_semi.o)
    0x0000133c   0x000002b4   Code   RO          218    .text               c_4.l(lludiv.o)
    0x000015f0   0x0000017c   Code   RO          220    .text               c_4.l(aeabi_sdiv.o)
    0x0000176c   0x0000000c   Code   RO          236    .text               c_4.l(heapauxi.o)
    0x00001778   0x00000060   Code   RO          266    .text               c_4.l(sys_stackheap_outer.o)
    0x000017d8   0x00000010   Code   RO          268    .text               c_4.l(exit.o)
    0x000017e8   0x0000000c   Code   RO          280    .text               c_4.l(libspace.o)
    0x000017f4   0x00000024   Code   RO          221    .text_udiv          c_4.l(aeabi_sdiv.o)
    0x00001818   0x00000020   Data   RO          400    Region$$Table       anon$$obj.o


    Execution Region RW_IRAM1 (Base: 0x40000000, Size: 0x00000500, Max: 0x00004000, ABSOLUTE)

    Base Addr    Size         Type   Attr      Idx    E Section Name        Object

    0x40000000   0x00000008   Data   RW           13    .data               time.o
    0x40000008   0x00000004   Data   RW          124    .data               global.o
    0x4000000c   0x00000004   Data   RW          126    .data               global.o
    0x40000010   0x00000001   Data   RW          129    .data               global.o
    0x40000011   0x00000001   Data   RW          130    .data               global.o
    0x40000012   0x00000002   PAD
    0x40000014   0x00000004   Data   RW          131    .data               global.o
    0x40000018   0x00000060   Zero   RW          281    .bss                c_4.l(libspace.o)
    0x40000078   0x00000000   Zero   RW            2    HEAP                startup.o
    0x40000078   0x00000488   Zero   RW            1    STACK               startup.o


==============================================================================

Image component sizes


      Code (inc. data)   RO Data    RW Data    ZI Data      Debug   Object Name

       332          4          0          0          0       1712   alarme.o
        68          0          0          0          0        528   fsm_master.o
         0          0          0         14          0        959   global.o
       292          0          0          0          0       1883   irq.o
      2720         32          0          0          0       2696   led.o
        76          8          0          0          0        439   main.o
         4          0          0          0          0        388   retarget.o
       320         64          0          0       1160        520   startup.o
       904         52          0          8          0       8154   time.o

    ----------------------------------------------------------------------
      4716        160         32         24       1160      17279   Object Totals
         0          0         32          0          0          0   (incl. Generated)
         0          0          0          2          0          0   (incl. Padding)

    ----------------------------------------------------------------------

      Code (inc. data)   RO Data    RW Data    ZI Data      Debug   Library Member Name

         8          0          0          0          0         68   __main.o
        60          8          0          0          0          0   __scatter.o
        40          0          0          0          0          0   __scatter_copy.o
        44          0          0          0          0          0   __scatter_zi.o
       416          0          0          0          0        144   aeabi_sdiv.o
        16          0          0          0          0         72   exit.o
        12          0          0          0          0        152   heapauxi.o
         4          0          0          0          0          0   libinit.o
         4          0          0          0          0          0   libinit2.o
         4          0          0          0          0          0   libshutdown.o
         4          0          0          0          0          0   libshutdown2.o
        12          4          0          0         96         68   libspace.o
       692         64          0          0          0         84   lludiv.o
         0          0          0          0          0          0   rtentry.o
        12          0          0          0          0          0   rtentry2.o
         8          0          0          0          0          0   rtentry4.o
         4          0          0          0          0          0   rtexit.o
        12          0          0          0          0          0   rtexit2.o
        96          0          0          0          0         80   sys_stackheap_outer.o
         4          0          0          0          0         68   use_no_semi.o

    ----------------------------------------------------------------------
      1452         76          0          0         96        736   Library Totals
         0          0          0          0          0          0   (incl. Padding)

    ----------------------------------------------------------------------

      Code (inc. data)   RO Data    RW Data    ZI Data      Debug   Library Name

      1452         76          0          0         96        736   c_4.l

    ----------------------------------------------------------------------
      1452         76          0          0         96        736   Library Totals

    ----------------------------------------------------------------------

==============================================================================


      Code (inc. data)   RO Data    RW Data    ZI Data      Debug   

      6168        236         32         24       1256      17079   Grand Totals
      6168        236         32         24       1256      17079   ELF Image Totals
      6168        236         32         24          0          0   ROM Totals

==============================================================================

    Total RO  Size (Code + RO Data)                 6200 (   6.05kB)
    Total RW  Size (RW Data + ZI Data)              1280 (   1.25kB)
    Total ROM Size (Code + RO Data + RW Data)       6224 (   6.08kB)

==============================================================================

