ARM Linker, 5.03 [Build 76] [MDK-ARM Standard]

==============================================================================

Section Cross References

    startup.o(STACK) refers (Special) to heapauxi.o(.text) for __use_two_region_memory
    startup.o(HEAP) refers (Special) to heapauxi.o(.text) for __use_two_region_memory
    startup.o(RESET) refers (Special) to heapauxi.o(.text) for __use_two_region_memory
    startup.o(RESET) refers to startup.o(STACK) for Stack_Top
    startup.o(RESET) refers to __main.o(!!!main) for __main
    startup.o(.text) refers (Special) to heapauxi.o(.text) for __use_two_region_memory
    startup.o(.text) refers to startup.o(HEAP) for Heap_Mem
    startup.o(.text) refers to startup.o(STACK) for Stack_Mem
    time.o(.text) refers to cxa_guard_acquire.o(i.__cxa_guard_acquire) for __cxa_guard_acquire
    time.o(.text) refers to fsm_master.o(.text) for Master_FSM::Master_FSM()
    time.o(.text) refers to aeabi_sdiv.o(.text_udiv) for __aeabi_uidivmod
    time.o(.text) refers to lludiv.o(.text) for __aeabi_uldivmod
    time.o(.text) refers to irq.o(.text) for install_irq(unsigned long, void*)
    time.o(.text) refers to aeabi_sdiv.o(.text) for __aeabi_idivmod
    time.o(.text) refers to time.o(.data) for .data
    time.o(.text) refers to time.o(.bss) for .bss
    time.o(.ARM.exidx) refers to time.o(.text) for .text
    retarget.o(.text) refers (Special) to use_no_semi.o(.text) for __use_no_semihosting_swi
    retarget.o(.ARM.exidx) refers (Special) to use_no_semi.o(.text) for __use_no_semihosting_swi
    retarget.o(.ARM.exidx) refers to retarget.o(.text) for .text
    irq.o(.ARM.exidx) refers to irq.o(.text) for .text
    timer.o(.ARM.exidx) refers to timer.o(.text) for .text
    main.o(.text) refers to cxa_guard_acquire.o(i.__cxa_guard_acquire) for __cxa_guard_acquire
    main.o(.text) refers to vic.o(.text) for Vic::Vic()
    main.o(.text) refers to time.o(.text) for InitTimer(char, unsigned long)
    main.o(.text) refers to zigbee.o(.text) for Zigbee::Zigbee()
    main.o(.text) refers to main.o(.data) for .data
    main.o(.text) refers to main.o(.bss) for .bss
    main.o(.ARM.exidx) refers to main.o(.text) for .text
    fsm_master.o(.text) refers to led.o(.text) for Led::Led()
    fsm_master.o(.text) refers to botao.o(.text) for Button::Button()
    fsm_master.o(.text) refers to alarm.o(.text) for Alarm::Alarm()
    fsm_master.o(.ARM.exidx) refers to fsm_master.o(.text) for .text
    led.o(.text) refers to alarm.o(.text) for Alarm::get_flag_tec_alarm_BAT()
    led.o(.text) refers to global.o(.data) for timerseg
    led.o(.ARM.exidx) refers to led.o(.text) for .text
    botao.o(.ARM.exidx) refers to botao.o(.text) for .text
    alarm.o(.ARM.exidx) refers to alarm.o(.text) for .text
    spo2.o(.text) refers to vic.o(.text) for Vic::Set_vic_vect_addr(unsigned long)
    spo2.o(.text) refers to scalbn.o(x$fpl$scalbn) for __ARM_scalbn
    spo2.o(.text) refers to ddiv.o(x$fpl$ddiv) for __aeabi_ddiv
    spo2.o(.text) refers to daddsub_noclz.o(x$fpl$dadd) for __aeabi_dadd
    spo2.o(.text) refers to dfixu.o(x$fpl$dfixu) for __aeabi_d2uiz
    spo2.o(.ARM.exidx) refers to spo2.o(.text) for .text
    zigbee.o(.text) refers to vic.o(.text) for Vic::Set_vic_vect_addr(unsigned long)
    zigbee.o(.text) refers to scalbn.o(x$fpl$scalbn) for __ARM_scalbn
    zigbee.o(.text) refers to ddiv.o(x$fpl$ddiv) for __aeabi_ddiv
    zigbee.o(.text) refers to daddsub_noclz.o(x$fpl$dadd) for __aeabi_dadd
    zigbee.o(.text) refers to dfixu.o(x$fpl$dfixu) for __aeabi_d2uiz
    zigbee.o(.ARM.exidx) refers to zigbee.o(.text) for .text
    vic.o(.ARM.exidx) refers to vic.o(.text) for .text
    aeabi_sdiv.o(.text_udiv) refers to aeabi_sdiv.o(.text) for __arm_div2
    aeabi_sdiv_div0.o(.text_udiv) refers to aeabi_sdiv_div0.o(.text) for __arm_div2
    __main.o(!!!main) refers to rtentry.o(.ARM.Collect$$rtentry$$00000000) for __rt_entry
    cxa_guard_acquire.o(.ARM.exidx) refers to cxa_guard_acquire.o(i.__cxa_guard_acquire) for i.__cxa_guard_acquire
    cxa_guard_release.o(.ARM.exidx) refers to cxa_guard_release.o(i.__cxa_guard_release) for i.__cxa_guard_release
    daddsub_noclz.o(x$fpl$dadd) refers (Special) to usenofp.o(x$fpl$usenofp) for __I$use$fp
    daddsub_noclz.o(x$fpl$dadd) refers to daddsub_noclz.o(x$fpl$dsub) for _dsub1
    daddsub_noclz.o(x$fpl$dadd) refers to dretinf.o(x$fpl$dretinf) for __fpl_dretinf
    daddsub_noclz.o(x$fpl$dadd) refers to dnaninf.o(x$fpl$dnaninf) for __fpl_dnaninf
    daddsub_noclz.o(x$fpl$drsb) refers (Special) to usenofp.o(x$fpl$usenofp) for __I$use$fp
    daddsub_noclz.o(x$fpl$drsb) refers to daddsub_noclz.o(x$fpl$dadd) for _dadd1
    daddsub_noclz.o(x$fpl$drsb) refers to daddsub_noclz.o(x$fpl$dsub) for _dsub1
    daddsub_noclz.o(x$fpl$dsub) refers (Special) to usenofp.o(x$fpl$usenofp) for __I$use$fp
    daddsub_noclz.o(x$fpl$dsub) refers to daddsub_noclz.o(x$fpl$dadd) for _dadd1
    daddsub_noclz.o(x$fpl$dsub) refers to dnaninf.o(x$fpl$dnaninf) for __fpl_dnaninf
    ddiv.o(x$fpl$drdiv) refers (Special) to usenofp.o(x$fpl$usenofp) for __I$use$fp
    ddiv.o(x$fpl$drdiv) refers to ddiv.o(x$fpl$ddiv) for ddiv_entry
    ddiv.o(x$fpl$ddiv) refers (Special) to usenofp.o(x$fpl$usenofp) for __I$use$fp
    ddiv.o(x$fpl$ddiv) refers to dretinf.o(x$fpl$dretinf) for __fpl_dretinf
    ddiv.o(x$fpl$ddiv) refers to dnaninf.o(x$fpl$dnaninf) for __fpl_dnaninf
    dfixu.o(x$fpl$dfixu) refers (Special) to usenofp.o(x$fpl$usenofp) for __I$use$fp
    dfixu.o(x$fpl$dfixu) refers to dnaninf.o(x$fpl$dnaninf) for __fpl_dnaninf
    dfixu.o(x$fpl$dfixur) refers (Special) to usenofp.o(x$fpl$usenofp) for __I$use$fp
    dfixu.o(x$fpl$dfixur) refers to dnaninf.o(x$fpl$dnaninf) for __fpl_dnaninf
    scalbn.o(x$fpl$scalbn) refers (Special) to usenofp.o(x$fpl$usenofp) for __I$use$fp
    scalbn.o(x$fpl$scalbn) refers to dcheck1.o(x$fpl$dcheck1) for __fpl_dcheck_NaN1
    rtentry.o(.ARM.Collect$$rtentry$$00000000) refers (Special) to rtentry2.o(.ARM.Collect$$rtentry$$0000000A) for __rt_entry_li
    rtentry.o(.ARM.Collect$$rtentry$$00000000) refers (Special) to rtentry2.o(.ARM.Collect$$rtentry$$0000000D) for __rt_entry_main
    rtentry.o(.ARM.Collect$$rtentry$$00000000) refers (Special) to rtentry2.o(.ARM.Collect$$rtentry$$0000000C) for __rt_entry_postli_1
    rtentry.o(.ARM.Collect$$rtentry$$00000000) refers (Special) to rtentry2.o(.ARM.Collect$$rtentry$$00000009) for __rt_entry_postsh_1
    rtentry.o(.ARM.Collect$$rtentry$$00000000) refers (Special) to rtentry2.o(.ARM.Collect$$rtentry$$00000002) for __rt_entry_presh_1
    rtentry.o(.ARM.Collect$$rtentry$$00000000) refers (Special) to rtentry4.o(.ARM.Collect$$rtentry$$00000004) for __rt_entry_sh
    aeabi_idiv0_sigfpe.o(.text) refers to rt_div0.o(.text) for __rt_div0
    aeabi_ldiv0_sigfpe.o(.text) refers to rt_div0.o(.text) for __rt_div0
    dcheck1.o(x$fpl$dcheck1) refers (Special) to usenofp.o(x$fpl$usenofp) for __I$use$fp
    dcheck1.o(x$fpl$dcheck1) refers to retnan.o(x$fpl$retnan) for __fpl_return_NaN
    dnaninf.o(x$fpl$dnaninf) refers (Special) to usenofp.o(x$fpl$usenofp) for __I$use$fp
    dretinf.o(x$fpl$dretinf) refers (Special) to usenofp.o(x$fpl$usenofp) for __I$use$fp
    rtentry2.o(.ARM.Collect$$rtentry$$00000008) refers to boardinit2.o(.text) for _platform_post_stackheap_init
    rtentry2.o(.ARM.Collect$$rtentry$$0000000A) refers to libinit.o(.ARM.Collect$$libinit$$00000000) for __rt_lib_init
    rtentry2.o(.ARM.Collect$$rtentry$$0000000B) refers to boardinit3.o(.text) for _platform_post_lib_init
    rtentry2.o(.ARM.Collect$$rtentry$$0000000D) refers to main.o(.text) for main
    rtentry2.o(.ARM.Collect$$rtentry$$0000000D) refers to exit.o(.text) for exit
    rtentry2.o(.ARM.exidx) refers to rtentry2.o(.ARM.Collect$$rtentry$$00000001) for .ARM.Collect$$rtentry$$00000001
    rtentry2.o(.ARM.exidx) refers to rtentry2.o(.ARM.Collect$$rtentry$$00000008) for .ARM.Collect$$rtentry$$00000008
    rtentry2.o(.ARM.exidx) refers to rtentry2.o(.ARM.Collect$$rtentry$$0000000A) for .ARM.Collect$$rtentry$$0000000A
    rtentry2.o(.ARM.exidx) refers to rtentry2.o(.ARM.Collect$$rtentry$$0000000B) for .ARM.Collect$$rtentry$$0000000B
    rtentry2.o(.ARM.exidx) refers to rtentry2.o(.ARM.Collect$$rtentry$$0000000D) for .ARM.Collect$$rtentry$$0000000D
    rtentry4.o(.ARM.Collect$$rtentry$$00000004) refers to sys_stackheap_outer.o(.text) for __user_setup_stackheap
    rtentry4.o(.ARM.exidx) refers to rtentry4.o(.ARM.Collect$$rtentry$$00000004) for .ARM.Collect$$rtentry$$00000004
    rt_div0.o(.text) refers to defsig_fpe_outer.o(.text) for __rt_SIGFPE
    retnan.o(x$fpl$retnan) refers (Special) to usenofp.o(x$fpl$usenofp) for __I$use$fp
    retnan.o(x$fpl$retnan) refers to trapv.o(x$fpl$trapveneer) for __fpl_cmpreturn
    sys_stackheap_outer.o(.text) refers to libspace.o(.text) for __user_perproc_libspace
    sys_stackheap_outer.o(.text) refers to startup.o(.text) for __user_initial_stackheap
    exit.o(.text) refers to rtexit.o(.ARM.Collect$$rtexit$$00000000) for __rt_exit
    defsig_fpe_outer.o(.text) refers to defsig_fpe_inner.o(.text) for __rt_SIGFPE_inner
    defsig_fpe_outer.o(.text) refers to defsig_exit.o(.text) for __sig_exit
    defsig_fpe_formal.o(.text) refers to rt_raise.o(.text) for __rt_raise
    libinit.o(.ARM.Collect$$libinit$$00000000) refers (Special) to libinit2.o(.ARM.Collect$$libinit$$0000002C) for __rt_lib_init_alloca_1
    libinit.o(.ARM.Collect$$libinit$$00000000) refers (Special) to libinit2.o(.ARM.Collect$$libinit$$0000002A) for __rt_lib_init_argv_1
    libinit.o(.ARM.Collect$$libinit$$00000000) refers (Special) to libinit2.o(.ARM.Collect$$libinit$$00000019) for __rt_lib_init_atexit_1
    libinit.o(.ARM.Collect$$libinit$$00000000) refers (Special) to libinit2.o(.ARM.Collect$$libinit$$0000001F) for __rt_lib_init_clock_1
    libinit.o(.ARM.Collect$$libinit$$00000000) refers (Special) to libinit2.o(.ARM.Collect$$libinit$$00000030) for __rt_lib_init_cpp_1
    libinit.o(.ARM.Collect$$libinit$$00000000) refers (Special) to libinit2.o(.ARM.Collect$$libinit$$0000002E) for __rt_lib_init_exceptions_1
    libinit.o(.ARM.Collect$$libinit$$00000000) refers (Special) to libinit2.o(.ARM.Collect$$libinit$$00000002) for __rt_lib_init_fp_1
    libinit.o(.ARM.Collect$$libinit$$00000000) refers (Special) to libinit2.o(.ARM.Collect$$libinit$$0000001D) for __rt_lib_init_fp_trap_1
    libinit.o(.ARM.Collect$$libinit$$00000000) refers (Special) to libinit2.o(.ARM.Collect$$libinit$$00000021) for __rt_lib_init_getenv_1
    libinit.o(.ARM.Collect$$libinit$$00000000) refers (Special) to libinit2.o(.ARM.Collect$$libinit$$00000008) for __rt_lib_init_heap_1
    libinit.o(.ARM.Collect$$libinit$$00000000) refers (Special) to libinit2.o(.ARM.Collect$$libinit$$0000000F) for __rt_lib_init_lc_collate_1
    libinit.o(.ARM.Collect$$libinit$$00000000) refers (Special) to libinit2.o(.ARM.Collect$$libinit$$00000011) for __rt_lib_init_lc_ctype_1
    libinit.o(.ARM.Collect$$libinit$$00000000) refers (Special) to libinit2.o(.ARM.Collect$$libinit$$00000013) for __rt_lib_init_lc_monetary_1
    libinit.o(.ARM.Collect$$libinit$$00000000) refers (Special) to libinit2.o(.ARM.Collect$$libinit$$00000015) for __rt_lib_init_lc_numeric_1
    libinit.o(.ARM.Collect$$libinit$$00000000) refers (Special) to libinit2.o(.ARM.Collect$$libinit$$00000017) for __rt_lib_init_lc_time_1
    libinit.o(.ARM.Collect$$libinit$$00000000) refers (Special) to libinit2.o(.ARM.Collect$$libinit$$0000000C) for __rt_lib_init_rand_1
    libinit.o(.ARM.Collect$$libinit$$00000000) refers (Special) to libinit2.o(.ARM.Collect$$libinit$$00000031) for __rt_lib_init_return
    libinit.o(.ARM.Collect$$libinit$$00000000) refers (Special) to libinit2.o(.ARM.Collect$$libinit$$0000001B) for __rt_lib_init_signal_1
    libinit.o(.ARM.Collect$$libinit$$00000000) refers (Special) to libinit2.o(.ARM.Collect$$libinit$$00000023) for __rt_lib_init_stdio_1
    libinit.o(.ARM.Collect$$libinit$$00000000) refers (Special) to libinit2.o(.ARM.Collect$$libinit$$0000000A) for __rt_lib_init_user_alloc_1
    trapv.o(x$fpl$trapveneer) refers (Special) to usenofp.o(x$fpl$usenofp) for __I$use$fp
    libspace.o(.text) refers to libspace.o(.bss) for __libspace_start
    rtexit.o(.ARM.Collect$$rtexit$$00000000) refers (Special) to rtexit2.o(.ARM.Collect$$rtexit$$00000004) for __rt_exit_exit
    rtexit.o(.ARM.Collect$$rtexit$$00000000) refers (Special) to rtexit2.o(.ARM.Collect$$rtexit$$00000003) for __rt_exit_ls
    rtexit.o(.ARM.Collect$$rtexit$$00000000) refers (Special) to rtexit2.o(.ARM.Collect$$rtexit$$00000002) for __rt_exit_prels_1
    rtexit.o(.ARM.exidx) refers (Special) to rtexit2.o(.ARM.Collect$$rtexit$$00000004) for __rt_exit_exit
    rtexit.o(.ARM.exidx) refers (Special) to rtexit2.o(.ARM.Collect$$rtexit$$00000003) for __rt_exit_ls
    rtexit.o(.ARM.exidx) refers (Special) to rtexit2.o(.ARM.Collect$$rtexit$$00000002) for __rt_exit_prels_1
    rtexit.o(.ARM.exidx) refers to rtexit.o(.ARM.Collect$$rtexit$$00000000) for .ARM.Collect$$rtexit$$00000000
    rt_raise.o(.text) refers to __raise.o(.text) for __raise
    rt_raise.o(.text) refers to retarget.o(.text) for _sys_exit
    defsig_exit.o(.text) refers to retarget.o(.text) for _sys_exit
    defsig_fpe_inner.o(.text) refers to defsig_general.o(.text) for __default_signal_display
    libinit2.o(.ARM.Collect$$libinit$$0000000E) refers to libinit2.o(.ARM.Collect$$libinit$$0000000D) for .ARM.Collect$$libinit$$0000000D
    libinit2.o(.ARM.Collect$$libinit$$00000010) refers to libinit2.o(.ARM.Collect$$libinit$$0000000D) for .ARM.Collect$$libinit$$0000000D
    libinit2.o(.ARM.Collect$$libinit$$00000012) refers to libinit2.o(.ARM.Collect$$libinit$$0000000D) for .ARM.Collect$$libinit$$0000000D
    libinit2.o(.ARM.Collect$$libinit$$00000014) refers to libinit2.o(.ARM.Collect$$libinit$$0000000D) for .ARM.Collect$$libinit$$0000000D
    libinit2.o(.ARM.Collect$$libinit$$00000016) refers to libinit2.o(.ARM.Collect$$libinit$$0000000D) for .ARM.Collect$$libinit$$0000000D
    libinit2.o(.ARM.Collect$$libinit$$00000024) refers to argv_veneer.o(.emb_text) for __ARM_argv_veneer
    libinit2.o(.ARM.Collect$$libinit$$00000025) refers to argv_veneer.o(.emb_text) for __ARM_argv_veneer
    rtexit2.o(.ARM.Collect$$rtexit$$00000003) refers to libshutdown.o(.ARM.Collect$$libshutdown$$00000000) for __rt_lib_shutdown
    rtexit2.o(.ARM.Collect$$rtexit$$00000004) refers to retarget.o(.text) for _sys_exit
    rtexit2.o(.ARM.exidx) refers to rtexit2.o(.ARM.Collect$$rtexit$$00000001) for .ARM.Collect$$rtexit$$00000001
    rtexit2.o(.ARM.exidx) refers to rtexit2.o(.ARM.Collect$$rtexit$$00000003) for .ARM.Collect$$rtexit$$00000003
    rtexit2.o(.ARM.exidx) refers to rtexit2.o(.ARM.Collect$$rtexit$$00000004) for .ARM.Collect$$rtexit$$00000004
    __raise.o(.text) refers to defsig.o(CL$$defsig) for __default_signal_handler
    defsig_general.o(.text) refers to sys_wrch.o(.text) for _ttywrch
    argv_veneer.o(.emb_text) refers to no_argv.o(.text) for __ARM_get_argv
    sys_wrch.o(.text) refers (Special) to use_no_semi.o(.text) for __I$use$semihosting
    sys_wrch.o(.text) refers (Special) to indicate_semi.o(.text) for __semihosting_library_function
    defsig.o(CL$$defsig) refers to defsig_fpe_inner.o(.text) for __rt_SIGFPE_inner
    defsig.o(CL$$defsig) refers to defsig_rtmem_inner.o(.text) for __rt_SIGRTMEM_inner
    _get_argv_nomalloc.o(.text) refers (Special) to hrguard.o(.text) for __heap_region$guard
    _get_argv_nomalloc.o(.text) refers to defsig_rtmem_outer.o(.text) for __rt_SIGRTMEM
    _get_argv_nomalloc.o(.text) refers to sys_command.o(.text) for _sys_command_string
    libshutdown.o(.ARM.Collect$$libshutdown$$00000000) refers (Special) to libshutdown2.o(.ARM.Collect$$libshutdown$$00000006) for __rt_lib_shutdown_fp_trap_1
    libshutdown.o(.ARM.Collect$$libshutdown$$00000000) refers (Special) to libshutdown2.o(.ARM.Collect$$libshutdown$$0000000E) for __rt_lib_shutdown_heap_1
    libshutdown.o(.ARM.Collect$$libshutdown$$00000000) refers (Special) to libshutdown2.o(.ARM.Collect$$libshutdown$$0000000F) for __rt_lib_shutdown_return
    libshutdown.o(.ARM.Collect$$libshutdown$$00000000) refers (Special) to libshutdown2.o(.ARM.Collect$$libshutdown$$00000009) for __rt_lib_shutdown_signal_1
    libshutdown.o(.ARM.Collect$$libshutdown$$00000000) refers (Special) to libshutdown2.o(.ARM.Collect$$libshutdown$$00000003) for __rt_lib_shutdown_stdio_1
    libshutdown.o(.ARM.Collect$$libshutdown$$00000000) refers (Special) to libshutdown2.o(.ARM.Collect$$libshutdown$$0000000B) for __rt_lib_shutdown_user_alloc_1
    sys_command.o(.text) refers (Special) to use_no_semi.o(.text) for __I$use$semihosting
    sys_command.o(.text) refers (Special) to indicate_semi.o(.text) for __semihosting_library_function
    defsig_abrt_inner.o(.text) refers to defsig_general.o(.text) for __default_signal_display
    defsig_rtred_inner.o(.text) refers to defsig_general.o(.text) for __default_signal_display
    defsig_rtmem_inner.o(.text) refers to defsig_general.o(.text) for __default_signal_display
    defsig_rtmem_outer.o(.text) refers to defsig_rtmem_inner.o(.text) for __rt_SIGRTMEM_inner
    defsig_rtmem_outer.o(.text) refers to defsig_exit.o(.text) for __sig_exit
    defsig_rtmem_formal.o(.text) refers to rt_raise.o(.text) for __rt_raise
    defsig_stak_inner.o(.text) refers to defsig_general.o(.text) for __default_signal_display
    defsig_pvfn_inner.o(.text) refers to defsig_general.o(.text) for __default_signal_display
    defsig_cppl_inner.o(.text) refers to defsig_general.o(.text) for __default_signal_display
    defsig_segv_inner.o(.text) refers to defsig_general.o(.text) for __default_signal_display
    defsig_other.o(.text) refers to defsig_general.o(.text) for __default_signal_display


==============================================================================

Removing Unused input sections from the image.

    Removing time.o(.ARM.exidx), (8 bytes).
    Removing retarget.o(.ARM.exidx), (8 bytes).
    Removing irq.o(.ARM.exidx), (8 bytes).
    Removing timer.o(.text), (132 bytes).
    Removing timer.o(.ARM.exidx), (8 bytes).
    Removing global.o(.data), (4 bytes).
    Removing global.o(.data), (4 bytes).
    Removing global.o(.data), (4 bytes).
    Removing global.o(.data), (4 bytes).
    Removing global.o(.data), (1 bytes).
    Removing global.o(.data), (1 bytes).
    Removing global.o(.data), (4 bytes).
    Removing global.o(.data), (4 bytes).
    Removing global.o(.data), (8 bytes).
    Removing main.o(.ARM.exidx), (8 bytes).
    Removing main.o(.data), (1 bytes).
    Removing main.o(.data), (1 bytes).
    Removing fsm_master.o(.ARM.exidx), (8 bytes).
    Removing led.o(.ARM.exidx), (8 bytes).
    Removing botao.o(.ARM.exidx), (8 bytes).
    Removing alarm.o(.ARM.exidx), (8 bytes).
    Removing spo2.o(.text), (1580 bytes).
    Removing spo2.o(.ARM.exidx), (8 bytes).
    Removing zigbee.o(.ARM.exidx), (8 bytes).
    Removing vic.o(.ARM.exidx), (8 bytes).

25 unused section(s) (total 1844 bytes) removed from the image.

==============================================================================

Image Symbol Table

    Local Symbols

    Symbol Name                              Value     Ov Type        Size  Object(Section)

    RESET                                    0x00000000   Section      288  startup.o(RESET)
    ../../../edgfe/lib_src/guard.c           0x00000000   Number         0  cxa_guard_acquire.o ABSOLUTE
    ../../../edgfe/lib_src/guard.c           0x00000000   Number         0  cxa_guard_release.o ABSOLUTE
    ../clib/angel/boardlib.s                 0x00000000   Number         0  boardinit3.o ABSOLUTE
    ../clib/angel/boardlib.s                 0x00000000   Number         0  boardinit2.o ABSOLUTE
    ../clib/angel/boardlib.s                 0x00000000   Number         0  boardinit1.o ABSOLUTE
    ../clib/angel/boardlib.s                 0x00000000   Number         0  boardshut.o ABSOLUTE
    ../clib/angel/handlers.s                 0x00000000   Number         0  __scatter_zi.o ABSOLUTE
    ../clib/angel/handlers.s                 0x00000000   Number         0  __scatter_copy.o ABSOLUTE
    ../clib/angel/kernel.s                   0x00000000   Number         0  rtexit2.o ABSOLUTE
    ../clib/angel/kernel.s                   0x00000000   Number         0  rtentry.o ABSOLUTE
    ../clib/angel/kernel.s                   0x00000000   Number         0  rtentry4.o ABSOLUTE
    ../clib/angel/kernel.s                   0x00000000   Number         0  rtentry2.o ABSOLUTE
    ../clib/angel/kernel.s                   0x00000000   Number         0  rtexit.o ABSOLUTE
    ../clib/angel/rt.s                       0x00000000   Number         0  aeabi_idiv0.o ABSOLUTE
    ../clib/angel/rt.s                       0x00000000   Number         0  aeabi_idiv0_sigfpe.o ABSOLUTE
    ../clib/angel/rt.s                       0x00000000   Number         0  aeabi_ldiv0.o ABSOLUTE
    ../clib/angel/rt.s                       0x00000000   Number         0  aeabi_ldiv0_sigfpe.o ABSOLUTE
    ../clib/angel/rt.s                       0x00000000   Number         0  rt_div0.o ABSOLUTE
    ../clib/angel/rt.s                       0x00000000   Number         0  rt_raise.o ABSOLUTE
    ../clib/angel/scatter.s                  0x00000000   Number         0  __scatter.o ABSOLUTE
    ../clib/angel/startup.s                  0x00000000   Number         0  __main.o ABSOLUTE
    ../clib/angel/sys.s                      0x00000000   Number         0  use_no_semi.o ABSOLUTE
    ../clib/angel/sys.s                      0x00000000   Number         0  libspace.o ABSOLUTE
    ../clib/angel/sys.s                      0x00000000   Number         0  sys_stackheap_outer.o ABSOLUTE
    ../clib/angel/sys.s                      0x00000000   Number         0  indicate_semi.o ABSOLUTE
    ../clib/angel/sysapp.c                   0x00000000   Number         0  sys_command.o ABSOLUTE
    ../clib/angel/sysapp.c                   0x00000000   Number         0  sys_wrch.o ABSOLUTE
    ../clib/armsys.c                         0x00000000   Number         0  no_argv.o ABSOLUTE
    ../clib/armsys.c                         0x00000000   Number         0  argv_veneer.o ABSOLUTE
    ../clib/armsys.c                         0x00000000   Number         0  argv_veneer.o ABSOLUTE
    ../clib/armsys.c                         0x00000000   Number         0  _get_argv_nomalloc.o ABSOLUTE
    ../clib/division.s                       0x00000000   Number         0  aeabi_sdiv.o ABSOLUTE
    ../clib/division.s                       0x00000000   Number         0  aeabi_sdiv_div0.o ABSOLUTE
    ../clib/divrt.s                          0x00000000   Number         0  divrt_7tdmi.o ABSOLUTE
    ../clib/divrt.s                          0x00000000   Number         0  divrt_7tdmi_div0.o ABSOLUTE
    ../clib/heapalloc.c                      0x00000000   Number         0  hrguard.o ABSOLUTE
    ../clib/heapaux.c                        0x00000000   Number         0  heapauxi.o ABSOLUTE
    ../clib/libinit.s                        0x00000000   Number         0  libshutdown2.o ABSOLUTE
    ../clib/libinit.s                        0x00000000   Number         0  libinit.o ABSOLUTE
    ../clib/libinit.s                        0x00000000   Number         0  libshutdown.o ABSOLUTE
    ../clib/libinit.s                        0x00000000   Number         0  libinit2.o ABSOLUTE
    ../clib/longlong.s                       0x00000000   Number         0  lludiv.o ABSOLUTE
    ../clib/signal.c                         0x00000000   Number         0  defsig_other.o ABSOLUTE
    ../clib/signal.c                         0x00000000   Number         0  defsig_segv_inner.o ABSOLUTE
    ../clib/signal.c                         0x00000000   Number         0  defsig_cppl_inner.o ABSOLUTE
    ../clib/signal.c                         0x00000000   Number         0  defsig_pvfn_inner.o ABSOLUTE
    ../clib/signal.c                         0x00000000   Number         0  defsig_stak_inner.o ABSOLUTE
    ../clib/signal.c                         0x00000000   Number         0  defsig_fpe_inner.o ABSOLUTE
    ../clib/signal.c                         0x00000000   Number         0  defsig_rtmem_formal.o ABSOLUTE
    ../clib/signal.c                         0x00000000   Number         0  defsig_rtmem_outer.o ABSOLUTE
    ../clib/signal.c                         0x00000000   Number         0  defsig_rtmem_inner.o ABSOLUTE
    ../clib/signal.c                         0x00000000   Number         0  defsig_exit.o ABSOLUTE
    ../clib/signal.c                         0x00000000   Number         0  defsig_rtred_inner.o ABSOLUTE
    ../clib/signal.c                         0x00000000   Number         0  defsig_general.o ABSOLUTE
    ../clib/signal.c                         0x00000000   Number         0  __raise.o ABSOLUTE
    ../clib/signal.c                         0x00000000   Number         0  defsig_abrt_inner.o ABSOLUTE
    ../clib/signal.c                         0x00000000   Number         0  defsig_fpe_formal.o ABSOLUTE
    ../clib/signal.c                         0x00000000   Number         0  defsig_fpe_outer.o ABSOLUTE
    ../clib/signal.s                         0x00000000   Number         0  defsig.o ABSOLUTE
    ../clib/stdlib.c                         0x00000000   Number         0  exit.o ABSOLUTE
    ../fplib/daddsub.s                       0x00000000   Number         0  daddsub_noclz.o ABSOLUTE
    ../fplib/dcheck1.s                       0x00000000   Number         0  dcheck1.o ABSOLUTE
    ../fplib/ddiv.s                          0x00000000   Number         0  ddiv.o ABSOLUTE
    ../fplib/dfixu.s                         0x00000000   Number         0  dfixu.o ABSOLUTE
    ../fplib/dnaninf.s                       0x00000000   Number         0  dnaninf.o ABSOLUTE
    ../fplib/dretinf.s                       0x00000000   Number         0  dretinf.o ABSOLUTE
    ../fplib/fpinit.s                        0x00000000   Number         0  fpinit.o ABSOLUTE
    ../fplib/retnan.s                        0x00000000   Number         0  retnan.o ABSOLUTE
    ../fplib/scalbn.s                        0x00000000   Number         0  scalbn.o ABSOLUTE
    ../fplib/trapv.s                         0x00000000   Number         0  trapv.o ABSOLUTE
    ../fplib/usenofp.s                       0x00000000   Number         0  usenofp.o ABSOLUTE
    Retarget.cpp                             0x00000000   Number         0  retarget.o ABSOLUTE
    Startup.s                                0x00000000   Number         0  startup.o ABSOLUTE
    Time.cpp                                 0x00000000   Number         0  time.o ABSOLUTE
    alarm.cpp                                0x00000000   Number         0  alarm.o ABSOLUTE
    botao.cpp                                0x00000000   Number         0  botao.o ABSOLUTE
    dc.s                                     0x00000000   Number         0  dc.o ABSOLUTE
    fsm_master.cpp                           0x00000000   Number         0  fsm_master.o ABSOLUTE
    global.cpp                               0x00000000   Number         0  global.o ABSOLUTE
    interrupt.cpp                            0x00000000   Number         0  interrupt.o ABSOLUTE
    irq.cpp                                  0x00000000   Number         0  irq.o ABSOLUTE
    led.cpp                                  0x00000000   Number         0  led.o ABSOLUTE
    main.cpp                                 0x00000000   Number         0  main.o ABSOLUTE
    spo2.cpp                                 0x00000000   Number         0  spo2.o ABSOLUTE
    timer.cpp                                0x00000000   Number         0  timer.o ABSOLUTE
    vic.cpp                                  0x00000000   Number         0  vic.o ABSOLUTE
    zigbee.cpp                               0x00000000   Number         0  zigbee.o ABSOLUTE
    Undef_Handler                            0x00000040   ARM Code       4  startup.o(RESET)
    SWI_Handler                              0x00000044   ARM Code       4  startup.o(RESET)
    PAbt_Handler                             0x00000048   ARM Code       4  startup.o(RESET)
    DAbt_Handler                             0x0000004c   ARM Code       4  startup.o(RESET)
    IRQ_Handler                              0x00000050   ARM Code       4  startup.o(RESET)
    FIQ_Handler                              0x00000054   ARM Code       4  startup.o(RESET)
    !!!main                                  0x00000120   Section        8  __main.o(!!!main)
    !!!scatter                               0x00000128   Section       60  __scatter.o(!!!scatter)
    !!handler_copy                           0x00000164   Section       40  __scatter_copy.o(!!handler_copy)
    !!handler_zi                             0x0000018c   Section       44  __scatter_zi.o(!!handler_zi)
    .ARM.Collect$$libinit$$00000000          0x000001b8   Section        4  libinit.o(.ARM.Collect$$libinit$$00000000)
    .ARM.Collect$$libinit$$00000002          0x000001bc   Section        0  libinit2.o(.ARM.Collect$$libinit$$00000002)
    .ARM.Collect$$libinit$$00000008          0x000001bc   Section        0  libinit2.o(.ARM.Collect$$libinit$$00000008)
    .ARM.Collect$$libinit$$0000000A          0x000001bc   Section        0  libinit2.o(.ARM.Collect$$libinit$$0000000A)
    .ARM.Collect$$libinit$$0000000C          0x000001bc   Section        0  libinit2.o(.ARM.Collect$$libinit$$0000000C)
    .ARM.Collect$$libinit$$0000000F          0x000001bc   Section        0  libinit2.o(.ARM.Collect$$libinit$$0000000F)
    .ARM.Collect$$libinit$$00000011          0x000001bc   Section        0  libinit2.o(.ARM.Collect$$libinit$$00000011)
    .ARM.Collect$$libinit$$00000013          0x000001bc   Section        0  libinit2.o(.ARM.Collect$$libinit$$00000013)
    .ARM.Collect$$libinit$$00000015          0x000001bc   Section        0  libinit2.o(.ARM.Collect$$libinit$$00000015)
    .ARM.Collect$$libinit$$00000017          0x000001bc   Section        0  libinit2.o(.ARM.Collect$$libinit$$00000017)
    .ARM.Collect$$libinit$$00000019          0x000001bc   Section        0  libinit2.o(.ARM.Collect$$libinit$$00000019)
    .ARM.Collect$$libinit$$0000001B          0x000001bc   Section        0  libinit2.o(.ARM.Collect$$libinit$$0000001B)
    .ARM.Collect$$libinit$$0000001D          0x000001bc   Section        0  libinit2.o(.ARM.Collect$$libinit$$0000001D)
    .ARM.Collect$$libinit$$0000001F          0x000001bc   Section        0  libinit2.o(.ARM.Collect$$libinit$$0000001F)
    .ARM.Collect$$libinit$$00000021          0x000001bc   Section        0  libinit2.o(.ARM.Collect$$libinit$$00000021)
    .ARM.Collect$$libinit$$00000023          0x000001bc   Section        0  libinit2.o(.ARM.Collect$$libinit$$00000023)
    .ARM.Collect$$libinit$$0000002A          0x000001bc   Section        0  libinit2.o(.ARM.Collect$$libinit$$0000002A)
    .ARM.Collect$$libinit$$0000002C          0x000001bc   Section        0  libinit2.o(.ARM.Collect$$libinit$$0000002C)
    .ARM.Collect$$libinit$$0000002E          0x000001bc   Section        0  libinit2.o(.ARM.Collect$$libinit$$0000002E)
    .ARM.Collect$$libinit$$00000030          0x000001bc   Section        0  libinit2.o(.ARM.Collect$$libinit$$00000030)
    .ARM.Collect$$libinit$$00000031          0x000001bc   Section        4  libinit2.o(.ARM.Collect$$libinit$$00000031)
    .ARM.Collect$$libshutdown$$00000000      0x000001c0   Section        4  libshutdown.o(.ARM.Collect$$libshutdown$$00000000)
    .ARM.Collect$$libshutdown$$00000003      0x000001c4   Section        0  libshutdown2.o(.ARM.Collect$$libshutdown$$00000003)
    .ARM.Collect$$libshutdown$$00000006      0x000001c4   Section        0  libshutdown2.o(.ARM.Collect$$libshutdown$$00000006)
    .ARM.Collect$$libshutdown$$00000009      0x000001c4   Section        0  libshutdown2.o(.ARM.Collect$$libshutdown$$00000009)
    .ARM.Collect$$libshutdown$$0000000B      0x000001c4   Section        0  libshutdown2.o(.ARM.Collect$$libshutdown$$0000000B)
    .ARM.Collect$$libshutdown$$0000000E      0x000001c4   Section        0  libshutdown2.o(.ARM.Collect$$libshutdown$$0000000E)
    .ARM.Collect$$libshutdown$$0000000F      0x000001c4   Section        4  libshutdown2.o(.ARM.Collect$$libshutdown$$0000000F)
    .ARM.Collect$$rtentry$$00000000          0x000001c8   Section        0  rtentry.o(.ARM.Collect$$rtentry$$00000000)
    .ARM.Collect$$rtentry$$00000002          0x000001c8   Section        0  rtentry2.o(.ARM.Collect$$rtentry$$00000002)
    .ARM.Collect$$rtentry$$00000004          0x000001c8   Section        8  rtentry4.o(.ARM.Collect$$rtentry$$00000004)
    .ARM.Collect$$rtentry$$00000009          0x000001d0   Section        0  rtentry2.o(.ARM.Collect$$rtentry$$00000009)
    .ARM.Collect$$rtentry$$0000000A          0x000001d0   Section        4  rtentry2.o(.ARM.Collect$$rtentry$$0000000A)
    .ARM.Collect$$rtentry$$0000000C          0x000001d4   Section        0  rtentry2.o(.ARM.Collect$$rtentry$$0000000C)
    .ARM.Collect$$rtentry$$0000000D          0x000001d4   Section        8  rtentry2.o(.ARM.Collect$$rtentry$$0000000D)
    .ARM.Collect$$rtexit$$00000000           0x000001dc   Section        4  rtexit.o(.ARM.Collect$$rtexit$$00000000)
    .ARM.Collect$$rtexit$$00000002           0x000001e0   Section        0  rtexit2.o(.ARM.Collect$$rtexit$$00000002)
    .ARM.Collect$$rtexit$$00000003           0x000001e0   Section        4  rtexit2.o(.ARM.Collect$$rtexit$$00000003)
    .ARM.Collect$$rtexit$$00000004           0x000001e4   Section        8  rtexit2.o(.ARM.Collect$$rtexit$$00000004)
    .text                                    0x000001ec   Section       32  startup.o(.text)
    .text                                    0x0000020c   Section        0  time.o(.text)
    .text                                    0x00000494   Section        0  retarget.o(.text)
    .text                                    0x00000498   Section        0  irq.o(.text)
    .text                                    0x000005bc   Section        0  main.o(.text)
    .text                                    0x000006f0   Section        0  fsm_master.o(.text)
    .text                                    0x00000748   Section        0  led.o(.text)
    .text                                    0x00000cb4   Section        0  botao.o(.text)
    .text                                    0x00000db8   Section        0  alarm.o(.text)
    .text                                    0x00000e5c   Section        0  zigbee.o(.text)
    .text                                    0x00001484   Section        0  vic.o(.text)
    .text                                    0x00001540   Section        4  use_no_semi.o(.text)
    .text                                    0x00001544   Section      692  lludiv.o(.text)
    .text                                    0x000017f8   Section      380  aeabi_sdiv.o(.text)
    __arm_div8                               0x00001824   ARM Code       0  aeabi_sdiv.o(.text)
    __arm_div5                               0x00001848   ARM Code       0  aeabi_sdiv.o(.text)
    __arm_div2                               0x0000186c   ARM Code       0  aeabi_sdiv.o(.text)
    __arm_div_large                          0x000018a8   ARM Code       0  aeabi_sdiv.o(.text)
    .text                                    0x00001974   Section        0  heapauxi.o(.text)
    .text                                    0x00001980   Section       96  sys_stackheap_outer.o(.text)
    .text                                    0x000019e0   Section        0  exit.o(.text)
    .text                                    0x000019f0   Section       12  libspace.o(.text)
    .text_udiv                               0x000019fc   Section       36  aeabi_sdiv.o(.text_udiv)
    i.__cxa_guard_acquire                    0x00001a20   Section        0  cxa_guard_acquire.o(i.__cxa_guard_acquire)
    x$fpl$dadd                               0x00001a3c   Section      340  daddsub_noclz.o(x$fpl$dadd)
    _dadd1                                   0x00001a4c   ARM Code       0  daddsub_noclz.o(x$fpl$dadd)
    x$fpl$dcheck1                            0x00001b90   Section       16  dcheck1.o(x$fpl$dcheck1)
    x$fpl$ddiv                               0x00001ba0   Section      720  ddiv.o(x$fpl$ddiv)
    ddiv_entry                               0x00001ba8   ARM Code       0  ddiv.o(x$fpl$ddiv)
    x$fpl$dfixu                              0x00001e70   Section      112  dfixu.o(x$fpl$dfixu)
    x$fpl$dnaninf                            0x00001ee0   Section      184  dnaninf.o(x$fpl$dnaninf)
    x$fpl$dretinf                            0x00001f98   Section       16  dretinf.o(x$fpl$dretinf)
    x$fpl$dsub                               0x00001fa8   Section      572  daddsub_noclz.o(x$fpl$dsub)
    _dsub1                                   0x00001fb8   ARM Code       0  daddsub_noclz.o(x$fpl$dsub)
    x$fpl$retnan                             0x000021e4   Section      116  retnan.o(x$fpl$retnan)
    x$fpl$scalbn                             0x00002258   Section      104  scalbn.o(x$fpl$scalbn)
    x$fpl$trapveneer                         0x000022c0   Section       60  trapv.o(x$fpl$trapveneer)
    x$fpl$usenofp                            0x000022fc   Section        0  usenofp.o(x$fpl$usenofp)
    .data                                    0x40000000   Section        8  time.o(.data)
    _ZGVFSM_state                            0x40000000   Data           4  time.o(.data)
    .data                                    0x40000008   Section        4  global.o(.data)
    .data                                    0x4000000c   Section       16  main.o(.data)
    start                                    0x4000000c   Data           1  main.o(.data)
    init_VIC_cpy                             0x4000000d   Data           1  main.o(.data)
    _ZGVinit_VIC_cpy                         0x40000010   Data           4  main.o(.data)
    _ZGVInit_zigbee                          0x40000014   Data           4  main.o(.data)
    _ZGVstart                                0x40000018   Data           4  main.o(.data)
    .bss                                     0x4000001c   Section       64  time.o(.bss)
    FSM_state                                0x4000001c   Data          64  time.o(.bss)
    .bss                                     0x4000005c   Section      564  main.o(.bss)
    Init_zigbee                              0x4000005c   Data         564  main.o(.bss)
    .bss                                     0x40000290   Section       96  libspace.o(.bss)
    HEAP                                     0x400002f0   Section        0  startup.o(HEAP)
    STACK                                    0x400002f0   Section     1160  startup.o(STACK)
    Heap_Mem                                 0x400002f0   Data           0  startup.o(HEAP)
    Stack_Mem                                0x400002f0   Data        1024  startup.o(STACK)
    Stack_Top                                0x40000778   Data           0  startup.o(STACK)

    Global Symbols

    Symbol Name                              Value     Ov Type        Size  Object(Section)

    BuildAttributes$$ARM_ISAv4$S$PE$A:L22$X:L11$S22$IEEE1$~IW$USESV6$~STKCKD$USESV7$~SHL$OSPACE$ROPI$EBA8$UX$STANDARDLIB$REQ8$EABIv2 0x00000000   Number         0  anon$$obj.o ABSOLUTE
    __ARM_use_no_argv                        0x00000000   Number         0  main.o ABSOLUTE
    __ARM_exceptions_init                     - Undefined Weak Reference
    __alloca_initialize                       - Undefined Weak Reference
    __cpp_initialize__aeabi_                  - Undefined Weak Reference
    __cxa_finalize                            - Undefined Weak Reference
    __rt_locale                               - Undefined Weak Reference
    __sigvec_lookup                           - Undefined Weak Reference
    _atexit_init                              - Undefined Weak Reference
    _call_atexit_fns                          - Undefined Weak Reference
    _clock_init                               - Undefined Weak Reference
    _fp_trap_init                             - Undefined Weak Reference
    _fp_trap_shutdown                         - Undefined Weak Reference
    _get_lc_collate                           - Undefined Weak Reference
    _get_lc_ctype                             - Undefined Weak Reference
    _get_lc_monetary                          - Undefined Weak Reference
    _get_lc_numeric                           - Undefined Weak Reference
    _get_lc_time                              - Undefined Weak Reference
    _getenv_init                              - Undefined Weak Reference
    _handle_redirection                       - Undefined Weak Reference
    _init_alloc                               - Undefined Weak Reference
    _init_user_alloc                          - Undefined Weak Reference
    _initio                                   - Undefined Weak Reference
    _rand_init                                - Undefined Weak Reference
    _signal_finish                            - Undefined Weak Reference
    _signal_init                              - Undefined Weak Reference
    _terminate_alloc                          - Undefined Weak Reference
    _terminate_user_alloc                     - Undefined Weak Reference
    _terminateio                              - Undefined Weak Reference
    Reset_Handler                            0x00000058   ARM Code       0  startup.o(RESET)
    __main                                   0x00000120   ARM Code       8  __main.o(!!!main)
    __scatterload                            0x00000128   ARM Code       0  __scatter.o(!!!scatter)
    __scatterload_rt2                        0x00000128   ARM Code      52  __scatter.o(!!!scatter)
    __scatterload_null                       0x0000013c   ARM Code       0  __scatter.o(!!!scatter)
    __scatterload_copy                       0x00000164   ARM Code      40  __scatter_copy.o(!!handler_copy)
    __scatterload_zeroinit                   0x0000018c   ARM Code      44  __scatter_zi.o(!!handler_zi)
    __rt_lib_init                            0x000001b8   ARM Code       0  libinit.o(.ARM.Collect$$libinit$$00000000)
    __rt_lib_init_alloca_1                   0x000001bc   ARM Code       0  libinit2.o(.ARM.Collect$$libinit$$0000002C)
    __rt_lib_init_argv_1                     0x000001bc   ARM Code       0  libinit2.o(.ARM.Collect$$libinit$$0000002A)
    __rt_lib_init_atexit_1                   0x000001bc   ARM Code       0  libinit2.o(.ARM.Collect$$libinit$$00000019)
    __rt_lib_init_clock_1                    0x000001bc   ARM Code       0  libinit2.o(.ARM.Collect$$libinit$$0000001F)
    __rt_lib_init_cpp_1                      0x000001bc   ARM Code       0  libinit2.o(.ARM.Collect$$libinit$$00000030)
    __rt_lib_init_exceptions_1               0x000001bc   ARM Code       0  libinit2.o(.ARM.Collect$$libinit$$0000002E)
    __rt_lib_init_fp_1                       0x000001bc   ARM Code       0  libinit2.o(.ARM.Collect$$libinit$$00000002)
    __rt_lib_init_fp_trap_1                  0x000001bc   ARM Code       0  libinit2.o(.ARM.Collect$$libinit$$0000001D)
    __rt_lib_init_getenv_1                   0x000001bc   ARM Code       0  libinit2.o(.ARM.Collect$$libinit$$00000021)
    __rt_lib_init_heap_1                     0x000001bc   ARM Code       0  libinit2.o(.ARM.Collect$$libinit$$00000008)
    __rt_lib_init_lc_collate_1               0x000001bc   ARM Code       0  libinit2.o(.ARM.Collect$$libinit$$0000000F)
    __rt_lib_init_lc_ctype_1                 0x000001bc   ARM Code       0  libinit2.o(.ARM.Collect$$libinit$$00000011)
    __rt_lib_init_lc_monetary_1              0x000001bc   ARM Code       0  libinit2.o(.ARM.Collect$$libinit$$00000013)
    __rt_lib_init_lc_numeric_1               0x000001bc   ARM Code       0  libinit2.o(.ARM.Collect$$libinit$$00000015)
    __rt_lib_init_lc_time_1                  0x000001bc   ARM Code       0  libinit2.o(.ARM.Collect$$libinit$$00000017)
    __rt_lib_init_rand_1                     0x000001bc   ARM Code       0  libinit2.o(.ARM.Collect$$libinit$$0000000C)
    __rt_lib_init_return                     0x000001bc   ARM Code       0  libinit2.o(.ARM.Collect$$libinit$$00000031)
    __rt_lib_init_signal_1                   0x000001bc   ARM Code       0  libinit2.o(.ARM.Collect$$libinit$$0000001B)
    __rt_lib_init_stdio_1                    0x000001bc   ARM Code       0  libinit2.o(.ARM.Collect$$libinit$$00000023)
    __rt_lib_init_user_alloc_1               0x000001bc   ARM Code       0  libinit2.o(.ARM.Collect$$libinit$$0000000A)
    __rt_lib_shutdown                        0x000001c0   ARM Code       0  libshutdown.o(.ARM.Collect$$libshutdown$$00000000)
    __rt_lib_shutdown_fp_trap_1              0x000001c4   ARM Code       0  libshutdown2.o(.ARM.Collect$$libshutdown$$00000006)
    __rt_lib_shutdown_heap_1                 0x000001c4   ARM Code       0  libshutdown2.o(.ARM.Collect$$libshutdown$$0000000E)
    __rt_lib_shutdown_return                 0x000001c4   ARM Code       0  libshutdown2.o(.ARM.Collect$$libshutdown$$0000000F)
    __rt_lib_shutdown_signal_1               0x000001c4   ARM Code       0  libshutdown2.o(.ARM.Collect$$libshutdown$$00000009)
    __rt_lib_shutdown_stdio_1                0x000001c4   ARM Code       0  libshutdown2.o(.ARM.Collect$$libshutdown$$00000003)
    __rt_lib_shutdown_user_alloc_1           0x000001c4   ARM Code       0  libshutdown2.o(.ARM.Collect$$libshutdown$$0000000B)
    __rt_entry                               0x000001c8   ARM Code       0  rtentry.o(.ARM.Collect$$rtentry$$00000000)
    __rt_entry_presh_1                       0x000001c8   ARM Code       0  rtentry2.o(.ARM.Collect$$rtentry$$00000002)
    __rt_entry_sh                            0x000001c8   ARM Code       0  rtentry4.o(.ARM.Collect$$rtentry$$00000004)
    __rt_entry_li                            0x000001d0   ARM Code       0  rtentry2.o(.ARM.Collect$$rtentry$$0000000A)
    __rt_entry_postsh_1                      0x000001d0   ARM Code       0  rtentry2.o(.ARM.Collect$$rtentry$$00000009)
    __rt_entry_main                          0x000001d4   ARM Code       0  rtentry2.o(.ARM.Collect$$rtentry$$0000000D)
    __rt_entry_postli_1                      0x000001d4   ARM Code       0  rtentry2.o(.ARM.Collect$$rtentry$$0000000C)
    __rt_exit                                0x000001dc   ARM Code       0  rtexit.o(.ARM.Collect$$rtexit$$00000000)
    __rt_exit_ls                             0x000001e0   ARM Code       0  rtexit2.o(.ARM.Collect$$rtexit$$00000003)
    __rt_exit_prels_1                        0x000001e0   ARM Code       0  rtexit2.o(.ARM.Collect$$rtexit$$00000002)
    __rt_exit_exit                           0x000001e4   ARM Code       0  rtexit2.o(.ARM.Collect$$rtexit$$00000004)
    __user_initial_stackheap                 0x000001ec   ARM Code       0  startup.o(.text)
    timer_0_ISR()                            0x0000020c   ARM Code      96  time.o(.text)
    GetCclk()                                0x0000026c   ARM Code      40  time.o(.text)
    GetVPBdivider()                          0x00000294   ARM Code      48  time.o(.text)
    GetPclk()                                0x000002c4   ARM Code      28  time.o(.text)
    SetupPLL()                               0x000002e0   ARM Code      56  time.o(.text)
    SetupVPBclock()                          0x00000318   ARM Code      16  time.o(.text)
    InitTimer(char, unsigned long)           0x00000328   ARM Code     240  time.o(.text)
    Delay(short)                             0x00000418   ARM Code      96  time.o(.text)
    _sys_exit                                0x00000494   ARM Code       4  retarget.o(.text)
    DefaultVICHandler()                      0x00000498   ARM Code      12  irq.o(.text)
    init_VIC()                               0x000004a4   ARM Code      68  irq.o(.text)
    install_irq(unsigned long, void*)        0x000004e8   ARM Code     100  irq.o(.text)
    uninstall_irq(unsigned long)             0x0000054c   ARM Code     112  irq.o(.text)
    main                                     0x000005bc   ARM Code     280  main.o(.text)
    Master_FSM::Master_FSM()                 0x000006f0   ARM Code      32  fsm_master.o(.text)
    Master_FSM::Master_FSM__sub_object()     0x000006f0   ARM Code       0  fsm_master.o(.text)
    Master_FSM::FSM_START()                  0x00000710   ARM Code      56  fsm_master.o(.text)
    Led::Led()                               0x00000748   ARM Code       4  led.o(.text)
    Led::Led__sub_object()                   0x00000748   ARM Code       0  led.o(.text)
    Led::FSM_LED(Alarm)                      0x0000074c   ARM Code    1364  led.o(.text)
    Button::Button()                         0x00000cb4   ARM Code       4  botao.o(.text)
    Button::Button__sub_object()             0x00000cb4   ARM Code       0  botao.o(.text)
    Button::FSM_button()                     0x00000cb8   ARM Code     240  botao.o(.text)
    Button::get_nurse_calling()              0x00000da8   ARM Code       8  botao.o(.text)
    Alarm::Alarm()                           0x00000db8   ARM Code       4  alarm.o(.text)
    Alarm::Alarm__sub_object()               0x00000db8   ARM Code       0  alarm.o(.text)
    Alarm::Alarm_FSM(bool)                   0x00000dbc   ARM Code      88  alarm.o(.text)
    Alarm::get_flag_tec_alarm_ECG()          0x00000e14   ARM Code       8  alarm.o(.text)
    Alarm::get_flag_tec_alarm_SPO2()         0x00000e1c   ARM Code       8  alarm.o(.text)
    Alarm::get_flag_tec_alarm_ENF()          0x00000e24   ARM Code       8  alarm.o(.text)
    Alarm::get_flag_tec_alarm_BAT()          0x00000e2c   ARM Code       8  alarm.o(.text)
    Alarm::get_flag_phy_alarm_ECG()          0x00000e34   ARM Code       8  alarm.o(.text)
    Alarm::get_flag_phy_alarm_SPO2()         0x00000e3c   ARM Code       8  alarm.o(.text)
    Alarm::get_flag_tec_alarm()              0x00000e44   ARM Code       8  alarm.o(.text)
    Alarm::get_flag_phy_alarm()              0x00000e4c   ARM Code       8  alarm.o(.text)
    Alarm::get_status_nurse()                0x00000e54   ARM Code       8  alarm.o(.text)
    Zigbee::Zigbee()                         0x00000e5c   ARM Code      36  zigbee.o(.text)
    Zigbee::Zigbee__sub_object()             0x00000e5c   ARM Code       0  zigbee.o(.text)
    Zigbee::uart_tx_char(char, unsigned char) 0x00000e80   ARM Code      52  zigbee.o(.text)
    Zigbee::send_package(bool)               0x00000eb4   ARM Code     520  zigbee.o(.text)
    Zigbee::Treat_Data_Zigbee(Vic)           0x000010bc   ARM Code     564  zigbee.o(.text)
    Zigbee::config_COM_zigbee(Vic)           0x000012f0   ARM Code     304  zigbee.o(.text)
    Zigbee::COM_tx_buffer()                  0x00001420   ARM Code      68  zigbee.o(.text)
    Vic::Vic()                               0x00001484   ARM Code       4  vic.o(.text)
    Vic::Vic__sub_object()                   0x00001484   ARM Code       0  vic.o(.text)
    Vic::init_VIC()                          0x00001488   ARM Code      72  vic.o(.text)
    Vic::Set_install_irq(unsigned long, void*) 0x000014d0   ARM Code     100  vic.o(.text)
    Vic::Set_vic_vect_addr(unsigned long)    0x00001534   ARM Code      12  vic.o(.text)
    __I$use$semihosting                      0x00001540   ARM Code       0  use_no_semi.o(.text)
    __use_no_semihosting_swi                 0x00001540   ARM Code       4  use_no_semi.o(.text)
    __aeabi_uldivmod                         0x00001544   ARM Code       0  lludiv.o(.text)
    _ll_udiv                                 0x00001544   ARM Code     692  lludiv.o(.text)
    _ll_udiv_donemoving                      0x00001558   ARM Code       0  lludiv.o(.text)
    __aeabi_idiv                             0x000017f8   ARM Code       0  aeabi_sdiv.o(.text)
    __aeabi_idivmod                          0x000017f8   ARM Code     380  aeabi_sdiv.o(.text)
    __use_two_region_memory                  0x00001974   ARM Code       4  heapauxi.o(.text)
    __rt_heap_escrow$2region                 0x00001978   ARM Code       4  heapauxi.o(.text)
    __rt_heap_expand$2region                 0x0000197c   ARM Code       4  heapauxi.o(.text)
    __user_setup_stackheap                   0x00001980   ARM Code      96  sys_stackheap_outer.o(.text)
    exit                                     0x000019e0   ARM Code      16  exit.o(.text)
    __user_libspace                          0x000019f0   ARM Code      12  libspace.o(.text)
    __user_perproc_libspace                  0x000019f0   ARM Code       0  libspace.o(.text)
    __user_perthread_libspace                0x000019f0   ARM Code       0  libspace.o(.text)
    __aeabi_uidiv                            0x000019fc   ARM Code       0  aeabi_sdiv.o(.text_udiv)
    __aeabi_uidivmod                         0x000019fc   ARM Code      36  aeabi_sdiv.o(.text_udiv)
    __cxa_guard_acquire                      0x00001a20   ARM Code      28  cxa_guard_acquire.o(i.__cxa_guard_acquire)
    __aeabi_dadd                             0x00001a3c   ARM Code       0  daddsub_noclz.o(x$fpl$dadd)
    _dadd                                    0x00001a3c   ARM Code     336  daddsub_noclz.o(x$fpl$dadd)
    __fpl_dcheck_NaN1                        0x00001b90   ARM Code      12  dcheck1.o(x$fpl$dcheck1)
    __aeabi_ddiv                             0x00001ba0   ARM Code       0  ddiv.o(x$fpl$ddiv)
    _ddiv                                    0x00001ba0   ARM Code     584  ddiv.o(x$fpl$ddiv)
    __aeabi_d2uiz                            0x00001e70   ARM Code       0  dfixu.o(x$fpl$dfixu)
    _dfixu                                   0x00001e70   ARM Code     112  dfixu.o(x$fpl$dfixu)
    __fpl_dnaninf                            0x00001ee0   ARM Code     184  dnaninf.o(x$fpl$dnaninf)
    __fpl_dretinf                            0x00001f98   ARM Code      16  dretinf.o(x$fpl$dretinf)
    __aeabi_dsub                             0x00001fa8   ARM Code       0  daddsub_noclz.o(x$fpl$dsub)
    _dsub                                    0x00001fa8   ARM Code     568  daddsub_noclz.o(x$fpl$dsub)
    __fpl_return_NaN                         0x000021e4   ARM Code     116  retnan.o(x$fpl$retnan)
    __ARM_scalbn                             0x00002258   ARM Code     104  scalbn.o(x$fpl$scalbn)
    __fpl_cmpreturn                          0x000022c0   ARM Code      60  trapv.o(x$fpl$trapveneer)
    Region$$Table$$Base                      0x000022fc   Number         0  anon$$obj.o(Region$$Table)
    __I$use$fp                               0x000022fc   Number         0  usenofp.o(x$fpl$usenofp)
    Region$$Table$$Limit                     0x0000231c   Number         0  anon$$obj.o(Region$$Table)
    delaycount                               0x40000004   Data           4  time.o(.data)
    timerseg                                 0x40000008   Data           4  global.o(.data)
    __libspace_start                         0x40000290   Data          96  libspace.o(.bss)
    __temporary_stack_top$libspace           0x400002f0   Data           0  libspace.o(.bss)



==============================================================================

Memory Map of the image

  Image Entry point : 0x00000120

  Load Region LR_IROM1 (Base: 0x00000000, Size: 0x00002338, Max: 0x00020000, ABSOLUTE)

    Execution Region ER_IROM1 (Base: 0x00000000, Size: 0x0000231c, Max: 0x00020000, ABSOLUTE)

    Base Addr    Size         Type   Attr      Idx    E Section Name        Object

    0x00000000   0x00000120   Code   RO            3    RESET               startup.o
    0x00000120   0x00000008   Code   RO          319  * !!!main             c_4.l(__main.o)
    0x00000128   0x0000003c   Code   RO          516    !!!scatter          c_4.l(__scatter.o)
    0x00000164   0x00000028   Code   RO          518    !!handler_copy      c_4.l(__scatter_copy.o)
    0x0000018c   0x0000002c   Code   RO          520    !!handler_zi        c_4.l(__scatter_zi.o)
    0x000001b8   0x00000004   Code   RO          391    .ARM.Collect$$libinit$$00000000  c_4.l(libinit.o)
    0x000001bc   0x00000000   Code   RO          406    .ARM.Collect$$libinit$$00000002  c_4.l(libinit2.o)
    0x000001bc   0x00000000   Code   RO          409    .ARM.Collect$$libinit$$00000008  c_4.l(libinit2.o)
    0x000001bc   0x00000000   Code   RO          411    .ARM.Collect$$libinit$$0000000A  c_4.l(libinit2.o)
    0x000001bc   0x00000000   Code   RO          413    .ARM.Collect$$libinit$$0000000C  c_4.l(libinit2.o)
    0x000001bc   0x00000000   Code   RO          416    .ARM.Collect$$libinit$$0000000F  c_4.l(libinit2.o)
    0x000001bc   0x00000000   Code   RO          418    .ARM.Collect$$libinit$$00000011  c_4.l(libinit2.o)
    0x000001bc   0x00000000   Code   RO          420    .ARM.Collect$$libinit$$00000013  c_4.l(libinit2.o)
    0x000001bc   0x00000000   Code   RO          422    .ARM.Collect$$libinit$$00000015  c_4.l(libinit2.o)
    0x000001bc   0x00000000   Code   RO          424    .ARM.Collect$$libinit$$00000017  c_4.l(libinit2.o)
    0x000001bc   0x00000000   Code   RO          426    .ARM.Collect$$libinit$$00000019  c_4.l(libinit2.o)
    0x000001bc   0x00000000   Code   RO          428    .ARM.Collect$$libinit$$0000001B  c_4.l(libinit2.o)
    0x000001bc   0x00000000   Code   RO          430    .ARM.Collect$$libinit$$0000001D  c_4.l(libinit2.o)
    0x000001bc   0x00000000   Code   RO          432    .ARM.Collect$$libinit$$0000001F  c_4.l(libinit2.o)
    0x000001bc   0x00000000   Code   RO          434    .ARM.Collect$$libinit$$00000021  c_4.l(libinit2.o)
    0x000001bc   0x00000000   Code   RO          436    .ARM.Collect$$libinit$$00000023  c_4.l(libinit2.o)
    0x000001bc   0x00000000   Code   RO          440    .ARM.Collect$$libinit$$0000002A  c_4.l(libinit2.o)
    0x000001bc   0x00000000   Code   RO          442    .ARM.Collect$$libinit$$0000002C  c_4.l(libinit2.o)
    0x000001bc   0x00000000   Code   RO          444    .ARM.Collect$$libinit$$0000002E  c_4.l(libinit2.o)
    0x000001bc   0x00000000   Code   RO          446    .ARM.Collect$$libinit$$00000030  c_4.l(libinit2.o)
    0x000001bc   0x00000004   Code   RO          447    .ARM.Collect$$libinit$$00000031  c_4.l(libinit2.o)
    0x000001c0   0x00000004   Code   RO          473    .ARM.Collect$$libshutdown$$00000000  c_4.l(libshutdown.o)
    0x000001c4   0x00000000   Code   RO          501    .ARM.Collect$$libshutdown$$00000003  c_4.l(libshutdown2.o)
    0x000001c4   0x00000000   Code   RO          504    .ARM.Collect$$libshutdown$$00000006  c_4.l(libshutdown2.o)
    0x000001c4   0x00000000   Code   RO          507    .ARM.Collect$$libshutdown$$00000009  c_4.l(libshutdown2.o)
    0x000001c4   0x00000000   Code   RO          509    .ARM.Collect$$libshutdown$$0000000B  c_4.l(libshutdown2.o)
    0x000001c4   0x00000000   Code   RO          512    .ARM.Collect$$libshutdown$$0000000E  c_4.l(libshutdown2.o)
    0x000001c4   0x00000004   Code   RO          513    .ARM.Collect$$libshutdown$$0000000F  c_4.l(libshutdown2.o)
    0x000001c8   0x00000000   Code   RO          343    .ARM.Collect$$rtentry$$00000000  c_4.l(rtentry.o)
    0x000001c8   0x00000000   Code   RO          360    .ARM.Collect$$rtentry$$00000002  c_4.l(rtentry2.o)
    0x000001c8   0x00000008   Code   RO          372    .ARM.Collect$$rtentry$$00000004  c_4.l(rtentry4.o)
    0x000001d0   0x00000000   Code   RO          362    .ARM.Collect$$rtentry$$00000009  c_4.l(rtentry2.o)
    0x000001d0   0x00000004   Code   RO          363    .ARM.Collect$$rtentry$$0000000A  c_4.l(rtentry2.o)
    0x000001d4   0x00000000   Code   RO          365    .ARM.Collect$$rtentry$$0000000C  c_4.l(rtentry2.o)
    0x000001d4   0x00000008   Code   RO          366    .ARM.Collect$$rtentry$$0000000D  c_4.l(rtentry2.o)
    0x000001dc   0x00000004   Code   RO          397    .ARM.Collect$$rtexit$$00000000  c_4.l(rtexit.o)
    0x000001e0   0x00000000   Code   RO          449    .ARM.Collect$$rtexit$$00000002  c_4.l(rtexit2.o)
    0x000001e0   0x00000004   Code   RO          450    .ARM.Collect$$rtexit$$00000003  c_4.l(rtexit2.o)
    0x000001e4   0x00000008   Code   RO          451    .ARM.Collect$$rtexit$$00000004  c_4.l(rtexit2.o)
    0x000001ec   0x00000020   Code   RO            4    .text               startup.o
    0x0000020c   0x00000288   Code   RO           11    .text               time.o
    0x00000494   0x00000004   Code   RO           75    .text               retarget.o
    0x00000498   0x00000124   Code   RO           95    .text               irq.o
    0x000005bc   0x00000134   Code   RO          147    .text               main.o
    0x000006f0   0x00000058   Code   RO          182    .text               fsm_master.o
    0x00000748   0x0000056c   Code   RO          198    .text               led.o
    0x00000cb4   0x00000104   Code   RO          213    .text               botao.o
    0x00000db8   0x000000a4   Code   RO          228    .text               alarm.o
    0x00000e5c   0x00000628   Code   RO          255    .text               zigbee.o
    0x00001484   0x000000bc   Code   RO          277    .text               vic.o
    0x00001540   0x00000004   Code   RO          297    .text               c_4.l(use_no_semi.o)
    0x00001544   0x000002b4   Code   RO          299    .text               c_4.l(lludiv.o)
    0x000017f8   0x0000017c   Code   RO          301    .text               c_4.l(aeabi_sdiv.o)
    0x00001974   0x0000000c   Code   RO          317    .text               c_4.l(heapauxi.o)
    0x00001980   0x00000060   Code   RO          378    .text               c_4.l(sys_stackheap_outer.o)
    0x000019e0   0x00000010   Code   RO          380    .text               c_4.l(exit.o)
    0x000019f0   0x0000000c   Code   RO          394    .text               c_4.l(libspace.o)
    0x000019fc   0x00000024   Code   RO          302    .text_udiv          c_4.l(aeabi_sdiv.o)
    0x00001a20   0x0000001c   Code   RO          321    i.__cxa_guard_acquire  cpprt_4.l(cxa_guard_acquire.o)
    0x00001a3c   0x00000154   Code   RO          327    x$fpl$dadd          fz_4s.l(daddsub_noclz.o)
    0x00001b90   0x00000010   Code   RO          352    x$fpl$dcheck1       fz_4s.l(dcheck1.o)
    0x00001ba0   0x000002d0   Code   RO          334    x$fpl$ddiv          fz_4s.l(ddiv.o)
    0x00001e70   0x00000070   Code   RO          337    x$fpl$dfixu         fz_4s.l(dfixu.o)
    0x00001ee0   0x000000b8   Code   RO          354    x$fpl$dnaninf       fz_4s.l(dnaninf.o)
    0x00001f98   0x00000010   Code   RO          356    x$fpl$dretinf       fz_4s.l(dretinf.o)
    0x00001fa8   0x0000023c   Code   RO          329    x$fpl$dsub          fz_4s.l(daddsub_noclz.o)
    0x000021e4   0x00000074   Code   RO          376    x$fpl$retnan        fz_4s.l(retnan.o)
    0x00002258   0x00000068   Code   RO          341    x$fpl$scalbn        fz_4s.l(scalbn.o)
    0x000022c0   0x0000003c   Code   RO          392    x$fpl$trapveneer    fz_4s.l(trapv.o)
    0x000022fc   0x00000000   Code   RO          358    x$fpl$usenofp       fz_4s.l(usenofp.o)
    0x000022fc   0x00000020   Data   RO          514    Region$$Table       anon$$obj.o


    Execution Region RW_IRAM1 (Base: 0x40000000, Size: 0x00000778, Max: 0x00004000, ABSOLUTE)

    Base Addr    Size         Type   Attr      Idx    E Section Name        Object

    0x40000000   0x00000008   Data   RW           14    .data               time.o
    0x40000008   0x00000004   Data   RW          125    .data               global.o
    0x4000000c   0x00000010   Data   RW          152    .data               main.o
    0x4000001c   0x00000040   Zero   RW           13    .bss                time.o
    0x4000005c   0x00000234   Zero   RW          149    .bss                main.o
    0x40000290   0x00000060   Zero   RW          395    .bss                c_4.l(libspace.o)
    0x400002f0   0x00000000   Zero   RW            2    HEAP                startup.o
    0x400002f0   0x00000488   Zero   RW            1    STACK               startup.o


==============================================================================

Image component sizes


      Code (inc. data)   RO Data    RW Data    ZI Data      Debug   Object Name

       164          0          0          0          0       1488   alarm.o
       260          8          0          0          0        804   botao.o
        88          0          0          0          0        548   fsm_master.o
         0          0          0          4          0        961   global.o
       292          0          0          0          0       1943   irq.o
      1388         20          0          0          0       1344   led.o
       308         28          0         16        564       7063   main.o
         4          0          0          0          0        408   retarget.o
       320         64          0          0       1160        560   startup.o
       648         28          0          8         64       8782   time.o
       188          0          0          0          0       1112   vic.o
      1576         32          0          0          0       2524   zigbee.o

    ----------------------------------------------------------------------
      5236        180         32         28       1788      27537   Object Totals
         0          0         32          0          0          0   (incl. Generated)
         0          0          0          0          0          0   (incl. Padding)

    ----------------------------------------------------------------------

      Code (inc. data)   RO Data    RW Data    ZI Data      Debug   Library Member Name

         8          0          0          0          0         68   __main.o
        60          8          0          0          0          0   __scatter.o
        40          0          0          0          0          0   __scatter_copy.o
        44          0          0          0          0          0   __scatter_zi.o
       416          0          0          0          0        144   aeabi_sdiv.o
        16          0          0          0          0         72   exit.o
        12          0          0          0          0        152   heapauxi.o
         4          0          0          0          0          0   libinit.o
         4          0          0          0          0          0   libinit2.o
         4          0          0          0          0          0   libshutdown.o
         4          0          0          0          0          0   libshutdown2.o
        12          4          0          0         96         68   libspace.o
       692         64          0          0          0         84   lludiv.o
         0          0          0          0          0          0   rtentry.o
        12          0          0          0          0          0   rtentry2.o
         8          0          0          0          0          0   rtentry4.o
         4          0          0          0          0          0   rtexit.o
        12          0          0          0          0          0   rtexit2.o
        96          0          0          0          0         80   sys_stackheap_outer.o
         4          0          0          0          0         68   use_no_semi.o
        28          0          0          0          0         68   cxa_guard_acquire.o
       912         16          0          0          0        276   daddsub_noclz.o
        16          4          0          0          0         68   dcheck1.o
       720        140          0          0          0        208   ddiv.o
       112          4          0          0          0         92   dfixu.o
       184          0          0          0          0         92   dnaninf.o
        16          0          0          0          0         68   dretinf.o
       116          0          0          0          0         68   retnan.o
       104          0          0          0          0         68   scalbn.o
        60          0          0          0          0         68   trapv.o
         0          0          0          0          0          0   usenofp.o

    ----------------------------------------------------------------------
      3720        240          0          0         96       1812   Library Totals
         0          0          0          0          0          0   (incl. Padding)

    ----------------------------------------------------------------------

      Code (inc. data)   RO Data    RW Data    ZI Data      Debug   Library Name

      1452         76          0          0         96        736   c_4.l
        28          0          0          0          0         68   cpprt_4.l
      2240        164          0          0          0       1008   fz_4s.l

    ----------------------------------------------------------------------
      3720        240          0          0         96       1812   Library Totals

    ----------------------------------------------------------------------

==============================================================================


      Code (inc. data)   RO Data    RW Data    ZI Data      Debug   

      8956        420         32         28       1884      27529   Grand Totals
      8956        420         32         28       1884      27529   ELF Image Totals
      8956        420         32         28          0          0   ROM Totals

==============================================================================

    Total RO  Size (Code + RO Data)                 8988 (   8.78kB)
    Total RW  Size (RW Data + ZI Data)              1912 (   1.87kB)
    Total ROM Size (Code + RO Data + RW Data)       9016 (   8.80kB)

==============================================================================

