<html>
<body>
<pre>
<h1>µVision Build Log</h1>
<h2>Project:</h2>
C:\Users\mperez\Desktop\MILLER INSTRAMED\HELIOS ALIVE\SOFTWARE\Helios_c++\instramed.uvproj
Project File Date:  12/02/2020

<h2>Output:</h2>
Rebuild target 'Target 1'
compiling Startup.s...
compiling Time.cpp...
alarme.h(36): warning:  #1-D: last line of file ends without a newline
fsm_master.h(12): warning:  #1-D: last line of file ends without a newline
Time.cpp(96): warning:  #111-D: statement is unreachable
Time.cpp(51): warning:  #177-D: variable "TmrIntEcg" was declared but never referenced
Time.cpp(53): warning:  #550-D: variable "AlarmeFisiologico" was set but never used
Time.cpp(54): warning:  #177-D: variable "i" was declared but never referenced
compiling Retarget.cpp...
compiling irq.cpp...
compiling timer.cpp...
compiling global.cpp...
compiling main.cpp...
alarme.h(36): warning:  #1-D: last line of file ends without a newline
fsm_master.h(12): warning:  #1-D: last line of file ends without a newline
compiling fsm_master.cpp...
alarme.h(36): warning:  #1-D: last line of file ends without a newline
fsm_master.h(12): warning:  #1-D: last line of file ends without a newline
compiling led.cpp...
alarme.h(36): warning:  #1-D: last line of file ends without a newline
led.cpp(367): warning:  #546-D: transfer of control bypasses initialization of:
            variable "LED_OBJ" (declared at line 370)
                switch (state_led)
                ^
led.cpp(439): error:  #116: a break statement may only be used within a loop or switch
led.cpp(441): error:  #121: a case label may only be used within a switch
led.cpp(463): error:  #116: a break statement may only be used within a loop or switch
led.cpp(465): error:  #121: a case label may only be used within a switch
led.cpp(474): error:  #116: a break statement may only be used within a loop or switch
led.cpp(477): error:  #121: a case label may only be used within a switch
led.cpp(492): error:  #116: a break statement may only be used within a loop or switch
led.cpp(494): error:  #121: a case label may only be used within a switch
led.cpp(524): error:  #116: a break statement may only be used within a loop or switch
led.cpp(525): error:  #121: a case label may only be used within a switch
led.cpp(539): error:  #116: a break statement may only be used within a loop or switch
led.cpp(540): error:  #121: a case label may only be used within a switch
led.cpp(548): error:  #116: a break statement may only be used within a loop or switch
led.cpp(550): error:  #122: a default label may only be used within a switch
led.cpp(551): error:  #116: a break statement may only be used within a loop or switch
led.cpp(553): warning:  #1-D: last line of file ends without a newline
led.cpp(553): error:  #169: expected a declaration
compiling alarme.cpp...
alarme.h(36): warning:  #1-D: last line of file ends without a newline
alarme.cpp(127): warning:  #1-D: last line of file ends without a newline
".\output\9.2" - 16 Errors, 15 Warning(s).
Target not created
Rebuild target 'Target 1'
compiling Startup.s...
compiling Time.cpp...
alarme.h(36): warning:  #1-D: last line of file ends without a newline
fsm_master.h(12): warning:  #1-D: last line of file ends without a newline
Time.cpp(96): warning:  #111-D: statement is unreachable
Time.cpp(51): warning:  #177-D: variable "TmrIntEcg" was declared but never referenced
Time.cpp(53): warning:  #550-D: variable "AlarmeFisiologico" was set but never used
Time.cpp(54): warning:  #177-D: variable "i" was declared but never referenced
compiling Retarget.cpp...
compiling irq.cpp...
compiling timer.cpp...
compiling global.cpp...
compiling main.cpp...
alarme.h(36): warning:  #1-D: last line of file ends without a newline
fsm_master.h(12): warning:  #1-D: last line of file ends without a newline
compiling fsm_master.cpp...
alarme.h(36): warning:  #1-D: last line of file ends without a newline
fsm_master.h(12): warning:  #1-D: last line of file ends without a newline
compiling led.cpp...
alarme.h(36): warning:  #1-D: last line of file ends without a newline
led.cpp(367): warning:  #546-D: transfer of control bypasses initialization of:
            variable "LED_OBJ" (declared at line 370)
                switch (state_led)
                ^
led.cpp(439): error:  #116: a break statement may only be used within a loop or switch
led.cpp(441): error:  #121: a case label may only be used within a switch
led.cpp(463): error:  #116: a break statement may only be used within a loop or switch
led.cpp(465): error:  #121: a case label may only be used within a switch
led.cpp(474): error:  #116: a break statement may only be used within a loop or switch
led.cpp(477): error:  #121: a case label may only be used within a switch
led.cpp(492): error:  #116: a break statement may only be used within a loop or switch
led.cpp(494): error:  #121: a case label may only be used within a switch
led.cpp(524): error:  #116: a break statement may only be used within a loop or switch
led.cpp(525): error:  #121: a case label may only be used within a switch
led.cpp(539): error:  #116: a break statement may only be used within a loop or switch
led.cpp(540): error:  #121: a case label may only be used within a switch
led.cpp(548): error:  #116: a break statement may only be used within a loop or switch
led.cpp(550): error:  #122: a default label may only be used within a switch
led.cpp(551): error:  #116: a break statement may only be used within a loop or switch
led.cpp(553): warning:  #1-D: last line of file ends without a newline
led.cpp(553): error:  #169: expected a declaration
compiling alarme.cpp...
alarme.h(36): warning:  #1-D: last line of file ends without a newline
alarme.cpp(127): warning:  #1-D: last line of file ends without a newline
".\output\9.2" - 16 Errors, 15 Warning(s).
Target not created
Rebuild target 'Target 1'
compiling Startup.s...
compiling Time.cpp...
alarme.h(36): warning:  #1-D: last line of file ends without a newline
fsm_master.h(12): warning:  #1-D: last line of file ends without a newline
Time.cpp(96): warning:  #111-D: statement is unreachable
Time.cpp(51): warning:  #177-D: variable "TmrIntEcg" was declared but never referenced
Time.cpp(53): warning:  #550-D: variable "AlarmeFisiologico" was set but never used
Time.cpp(54): warning:  #177-D: variable "i" was declared but never referenced
compiling Retarget.cpp...
compiling irq.cpp...
compiling timer.cpp...
compiling global.cpp...
compiling main.cpp...
alarme.h(36): warning:  #1-D: last line of file ends without a newline
fsm_master.h(12): warning:  #1-D: last line of file ends without a newline
compiling fsm_master.cpp...
alarme.h(36): warning:  #1-D: last line of file ends without a newline
fsm_master.h(12): warning:  #1-D: last line of file ends without a newline
compiling led.cpp...
alarme.h(36): warning:  #1-D: last line of file ends without a newline
led.cpp(367): warning:  #546-D: transfer of control bypasses initialization of:
            variable "LED_OBJ" (declared at line 370)
                switch (state_led)
                ^
led.cpp(423): error:  #127: expected a statement
led.cpp(426): warning:  #12-D: parsing restarts here after previous syntax error
led.cpp(439): error:  #116: a break statement may only be used within a loop or switch
led.cpp(441): error:  #121: a case label may only be used within a switch
led.cpp(463): error:  #116: a break statement may only be used within a loop or switch
led.cpp(465): error:  #121: a case label may only be used within a switch
led.cpp(474): error:  #116: a break statement may only be used within a loop or switch
led.cpp(477): error:  #121: a case label may only be used within a switch
led.cpp(492): error:  #116: a break statement may only be used within a loop or switch
led.cpp(494): error:  #121: a case label may only be used within a switch
led.cpp(524): error:  #116: a break statement may only be used within a loop or switch
led.cpp(525): error:  #121: a case label may only be used within a switch
led.cpp(539): error:  #116: a break statement may only be used within a loop or switch
led.cpp(540): error:  #121: a case label may only be used within a switch
led.cpp(548): error:  #116: a break statement may only be used within a loop or switch
led.cpp(550): error:  #122: a default label may only be used within a switch
led.cpp(551): error:  #116: a break statement may only be used within a loop or switch
led.cpp(553): warning:  #1-D: last line of file ends without a newline
led.cpp(553): error:  #169: expected a declaration
compiling alarme.cpp...
alarme.h(36): warning:  #1-D: last line of file ends without a newline
alarme.cpp(127): warning:  #1-D: last line of file ends without a newline
".\output\9.2" - 17 Errors, 16 Warning(s).
Target not created
Rebuild target 'Target 1'
compiling Startup.s...
compiling Time.cpp...
alarme.h(36): warning:  #1-D: last line of file ends without a newline
fsm_master.h(12): warning:  #1-D: last line of file ends without a newline
Time.cpp(96): warning:  #111-D: statement is unreachable
Time.cpp(51): warning:  #177-D: variable "TmrIntEcg" was declared but never referenced
Time.cpp(53): warning:  #550-D: variable "AlarmeFisiologico" was set but never used
Time.cpp(54): warning:  #177-D: variable "i" was declared but never referenced
compiling Retarget.cpp...
compiling irq.cpp...
compiling timer.cpp...
compiling global.cpp...
compiling main.cpp...
alarme.h(36): warning:  #1-D: last line of file ends without a newline
fsm_master.h(12): warning:  #1-D: last line of file ends without a newline
compiling fsm_master.cpp...
alarme.h(36): warning:  #1-D: last line of file ends without a newline
fsm_master.h(12): warning:  #1-D: last line of file ends without a newline
compiling led.cpp...
alarme.h(36): warning:  #1-D: last line of file ends without a newline
led.cpp(553): warning:  #1-D: last line of file ends without a newline
led.cpp(367): warning:  #546-D: transfer of control bypasses initialization of:
            variable "LED_OBJ" (declared at line 370)
                switch (state_led)
                ^
led.cpp: 3 warnings, 0 errors
compiling alarme.cpp...
alarme.h(36): warning:  #1-D: last line of file ends without a newline
alarme.cpp(127): warning:  #1-D: last line of file ends without a newline
linking...
Program Size: Code=6340 RO-data=32 RW-data=24 ZI-data=1256  
FromELF: creating hex file...
".\output\9.2" - 0 Errors, 15 Warning(s).
Rebuild target 'Target 1'
compiling Startup.s...
compiling Time.cpp...
alarme.h(36): warning:  #1-D: last line of file ends without a newline
fsm_master.h(12): warning:  #1-D: last line of file ends without a newline
Time.cpp(96): warning:  #111-D: statement is unreachable
Time.cpp(51): warning:  #177-D: variable "TmrIntEcg" was declared but never referenced
Time.cpp(53): warning:  #550-D: variable "AlarmeFisiologico" was set but never used
Time.cpp(54): warning:  #177-D: variable "i" was declared but never referenced
compiling Retarget.cpp...
compiling irq.cpp...
compiling timer.cpp...
compiling global.cpp...
compiling main.cpp...
alarme.h(36): warning:  #1-D: last line of file ends without a newline
fsm_master.h(12): warning:  #1-D: last line of file ends without a newline
compiling fsm_master.cpp...
alarme.h(36): warning:  #1-D: last line of file ends without a newline
fsm_master.h(12): warning:  #1-D: last line of file ends without a newline
compiling led.cpp...
alarme.h(36): warning:  #1-D: last line of file ends without a newline
led.cpp(553): warning:  #1-D: last line of file ends without a newline
led.cpp(367): warning:  #546-D: transfer of control bypasses initialization of:
            variable "LED_OBJ" (declared at line 370)
                switch (state_led)
                ^
led.cpp: 3 warnings, 0 errors
compiling alarme.cpp...
alarme.h(36): warning:  #1-D: last line of file ends without a newline
alarme.cpp(127): warning:  #1-D: last line of file ends without a newline
linking...
Program Size: Code=6368 RO-data=32 RW-data=24 ZI-data=1256  
FromELF: creating hex file...
".\output\9.2" - 0 Errors, 15 Warning(s).
Rebuild target 'Target 1'
compiling Startup.s...
compiling Time.cpp...
alarme.h(36): warning:  #1-D: last line of file ends without a newline
fsm_master.h(12): warning:  #1-D: last line of file ends without a newline
Time.cpp(96): warning:  #111-D: statement is unreachable
Time.cpp(51): warning:  #177-D: variable "TmrIntEcg" was declared but never referenced
Time.cpp(53): warning:  #550-D: variable "AlarmeFisiologico" was set but never used
Time.cpp(54): warning:  #177-D: variable "i" was declared but never referenced
compiling Retarget.cpp...
compiling irq.cpp...
compiling timer.cpp...
compiling global.cpp...
compiling main.cpp...
alarme.h(36): warning:  #1-D: last line of file ends without a newline
fsm_master.h(12): warning:  #1-D: last line of file ends without a newline
compiling fsm_master.cpp...
alarme.h(36): warning:  #1-D: last line of file ends without a newline
fsm_master.h(12): warning:  #1-D: last line of file ends without a newline
compiling led.cpp...
alarme.h(36): warning:  #1-D: last line of file ends without a newline
led.cpp(554): warning:  #1-D: last line of file ends without a newline
led.cpp(367): warning:  #546-D: transfer of control bypasses initialization of:
            variable "LED_OBJ" (declared at line 370)
                switch (state_led)
                ^
led.cpp: 3 warnings, 0 errors
compiling alarme.cpp...
alarme.h(36): warning:  #1-D: last line of file ends without a newline
alarme.cpp(127): warning:  #1-D: last line of file ends without a newline
linking...
Program Size: Code=6376 RO-data=32 RW-data=24 ZI-data=1256  
FromELF: creating hex file...
".\output\9.2" - 0 Errors, 15 Warning(s).
Rebuild target 'Target 1'
compiling Startup.s...
compiling Time.cpp...
alarme.h(36): warning:  #1-D: last line of file ends without a newline
fsm_master.h(12): warning:  #1-D: last line of file ends without a newline
Time.cpp(96): warning:  #111-D: statement is unreachable
Time.cpp(51): warning:  #177-D: variable "TmrIntEcg" was declared but never referenced
Time.cpp(53): warning:  #550-D: variable "AlarmeFisiologico" was set but never used
Time.cpp(54): warning:  #177-D: variable "i" was declared but never referenced
compiling Retarget.cpp...
compiling irq.cpp...
compiling timer.cpp...
compiling global.cpp...
compiling main.cpp...
alarme.h(36): warning:  #1-D: last line of file ends without a newline
fsm_master.h(12): warning:  #1-D: last line of file ends without a newline
compiling fsm_master.cpp...
alarme.h(36): warning:  #1-D: last line of file ends without a newline
fsm_master.h(12): warning:  #1-D: last line of file ends without a newline
compiling led.cpp...
alarme.h(36): warning:  #1-D: last line of file ends without a newline
led.cpp(553): warning:  #1-D: last line of file ends without a newline
led.cpp(367): warning:  #546-D: transfer of control bypasses initialization of:
            variable "LED_OBJ" (declared at line 370)
                switch (state_led)
                ^
led.cpp: 3 warnings, 0 errors
compiling alarme.cpp...
alarme.h(36): warning:  #1-D: last line of file ends without a newline
alarme.cpp(127): warning:  #1-D: last line of file ends without a newline
linking...
Program Size: Code=6332 RO-data=32 RW-data=24 ZI-data=1256  
FromELF: creating hex file...
".\output\9.2" - 0 Errors, 15 Warning(s).
Rebuild target 'Target 1'
compiling Startup.s...
compiling Time.cpp...
alarme.h(36): warning:  #1-D: last line of file ends without a newline
fsm_master.h(12): warning:  #1-D: last line of file ends without a newline
Time.cpp(96): warning:  #111-D: statement is unreachable
Time.cpp(51): warning:  #177-D: variable "TmrIntEcg" was declared but never referenced
Time.cpp(53): warning:  #550-D: variable "AlarmeFisiologico" was set but never used
Time.cpp(54): warning:  #177-D: variable "i" was declared but never referenced
compiling Retarget.cpp...
compiling irq.cpp...
compiling timer.cpp...
compiling global.cpp...
compiling main.cpp...
alarme.h(36): warning:  #1-D: last line of file ends without a newline
fsm_master.h(12): warning:  #1-D: last line of file ends without a newline
compiling fsm_master.cpp...
alarme.h(36): warning:  #1-D: last line of file ends without a newline
fsm_master.h(12): warning:  #1-D: last line of file ends without a newline
compiling led.cpp...
alarme.h(36): warning:  #1-D: last line of file ends without a newline
led.cpp(554): warning:  #1-D: last line of file ends without a newline
led.cpp(367): warning:  #546-D: transfer of control bypasses initialization of:
            variable "LED_OBJ" (declared at line 370)
                switch (state_led)
                ^
led.cpp: 3 warnings, 0 errors
compiling alarme.cpp...
alarme.h(36): warning:  #1-D: last line of file ends without a newline
alarme.cpp(127): warning:  #1-D: last line of file ends without a newline
linking...
Program Size: Code=6336 RO-data=32 RW-data=24 ZI-data=1256  
FromELF: creating hex file...
".\output\9.2" - 0 Errors, 15 Warning(s).
Rebuild target 'Target 1'
compiling Startup.s...
compiling Time.cpp...
alarme.h(36): warning:  #1-D: last line of file ends without a newline
fsm_master.h(12): warning:  #1-D: last line of file ends without a newline
Time.cpp(96): warning:  #111-D: statement is unreachable
Time.cpp(51): warning:  #177-D: variable "TmrIntEcg" was declared but never referenced
Time.cpp(53): warning:  #550-D: variable "AlarmeFisiologico" was set but never used
Time.cpp(54): warning:  #177-D: variable "i" was declared but never referenced
compiling Retarget.cpp...
compiling irq.cpp...
compiling timer.cpp...
compiling global.cpp...
compiling main.cpp...
alarme.h(36): warning:  #1-D: last line of file ends without a newline
fsm_master.h(12): warning:  #1-D: last line of file ends without a newline
compiling fsm_master.cpp...
alarme.h(36): warning:  #1-D: last line of file ends without a newline
fsm_master.h(12): warning:  #1-D: last line of file ends without a newline
compiling led.cpp...
alarme.h(36): warning:  #1-D: last line of file ends without a newline
led.cpp(554): warning:  #1-D: last line of file ends without a newline
led.cpp(367): warning:  #546-D: transfer of control bypasses initialization of:
            variable "LED_OBJ" (declared at line 370)
                switch (state_led)
                ^
led.cpp: 3 warnings, 0 errors
compiling alarme.cpp...
alarme.h(36): warning:  #1-D: last line of file ends without a newline
alarme.cpp(127): warning:  #1-D: last line of file ends without a newline
linking...
Program Size: Code=6376 RO-data=32 RW-data=24 ZI-data=1256  
FromELF: creating hex file...
".\output\9.2" - 0 Errors, 15 Warning(s).
Rebuild target 'Target 1'
compiling Startup.s...
compiling Time.cpp...
alarme.h(36): warning:  #1-D: last line of file ends without a newline
fsm_master.h(12): warning:  #1-D: last line of file ends without a newline
Time.cpp(96): warning:  #111-D: statement is unreachable
Time.cpp(51): warning:  #177-D: variable "TmrIntEcg" was declared but never referenced
Time.cpp(53): warning:  #550-D: variable "AlarmeFisiologico" was set but never used
Time.cpp(54): warning:  #177-D: variable "i" was declared but never referenced
compiling Retarget.cpp...
compiling irq.cpp...
compiling timer.cpp...
compiling global.cpp...
compiling main.cpp...
alarme.h(36): warning:  #1-D: last line of file ends without a newline
fsm_master.h(12): warning:  #1-D: last line of file ends without a newline
compiling fsm_master.cpp...
alarme.h(36): warning:  #1-D: last line of file ends without a newline
fsm_master.h(12): warning:  #1-D: last line of file ends without a newline
compiling led.cpp...
alarme.h(36): warning:  #1-D: last line of file ends without a newline
led.cpp(554): warning:  #1-D: last line of file ends without a newline
led.cpp(367): warning:  #546-D: transfer of control bypasses initialization of:
            variable "LED_OBJ" (declared at line 370)
                switch (state_led)
                ^
led.cpp: 3 warnings, 0 errors
compiling alarme.cpp...
alarme.h(36): warning:  #1-D: last line of file ends without a newline
alarme.cpp(127): warning:  #1-D: last line of file ends without a newline
linking...
Program Size: Code=6380 RO-data=32 RW-data=24 ZI-data=1256  
FromELF: creating hex file...
".\output\9.2" - 0 Errors, 15 Warning(s).
Rebuild target 'Target 1'
compiling Startup.s...
compiling Time.cpp...
alarme.h(36): warning:  #1-D: last line of file ends without a newline
fsm_master.h(12): warning:  #1-D: last line of file ends without a newline
Time.cpp(96): warning:  #111-D: statement is unreachable
Time.cpp(51): warning:  #177-D: variable "TmrIntEcg" was declared but never referenced
Time.cpp(53): warning:  #550-D: variable "AlarmeFisiologico" was set but never used
Time.cpp(54): warning:  #177-D: variable "i" was declared but never referenced
compiling Retarget.cpp...
compiling irq.cpp...
compiling timer.cpp...
compiling global.cpp...
compiling main.cpp...
alarme.h(36): warning:  #1-D: last line of file ends without a newline
fsm_master.h(12): warning:  #1-D: last line of file ends without a newline
compiling fsm_master.cpp...
alarme.h(36): warning:  #1-D: last line of file ends without a newline
fsm_master.h(12): warning:  #1-D: last line of file ends without a newline
compiling led.cpp...
alarme.h(36): warning:  #1-D: last line of file ends without a newline
led.cpp(554): warning:  #1-D: last line of file ends without a newline
led.cpp(367): warning:  #546-D: transfer of control bypasses initialization of:
            variable "LED_OBJ" (declared at line 370)
                switch (state_led)
                ^
led.cpp: 3 warnings, 0 errors
compiling alarme.cpp...
alarme.h(36): warning:  #1-D: last line of file ends without a newline
alarme.cpp(127): warning:  #1-D: last line of file ends without a newline
linking...
Program Size: Code=6392 RO-data=32 RW-data=24 ZI-data=1256  
FromELF: creating hex file...
".\output\9.2" - 0 Errors, 15 Warning(s).
Rebuild target 'Target 1'
compiling Startup.s...
compiling Time.cpp...
alarme.h(36): warning:  #1-D: last line of file ends without a newline
fsm_master.h(12): warning:  #1-D: last line of file ends without a newline
Time.cpp(96): warning:  #111-D: statement is unreachable
Time.cpp(51): warning:  #177-D: variable "TmrIntEcg" was declared but never referenced
Time.cpp(53): warning:  #550-D: variable "AlarmeFisiologico" was set but never used
Time.cpp(54): warning:  #177-D: variable "i" was declared but never referenced
compiling Retarget.cpp...
compiling irq.cpp...
compiling timer.cpp...
compiling global.cpp...
compiling main.cpp...
alarme.h(36): warning:  #1-D: last line of file ends without a newline
fsm_master.h(12): warning:  #1-D: last line of file ends without a newline
compiling fsm_master.cpp...
alarme.h(36): warning:  #1-D: last line of file ends without a newline
fsm_master.h(12): warning:  #1-D: last line of file ends without a newline
compiling led.cpp...
alarme.h(36): warning:  #1-D: last line of file ends without a newline
led.cpp(555): warning:  #1-D: last line of file ends without a newline
led.cpp(367): warning:  #546-D: transfer of control bypasses initialization of:
            variable "LED_OBJ" (declared at line 370)
                switch (state_led)
                ^
led.cpp: 3 warnings, 0 errors
compiling alarme.cpp...
alarme.h(36): warning:  #1-D: last line of file ends without a newline
alarme.cpp(127): warning:  #1-D: last line of file ends without a newline
linking...
Program Size: Code=6432 RO-data=32 RW-data=24 ZI-data=1256  
FromELF: creating hex file...
".\output\9.2" - 0 Errors, 15 Warning(s).
Rebuild target 'Target 1'
compiling Startup.s...
compiling Time.cpp...
alarme.h(36): warning:  #1-D: last line of file ends without a newline
fsm_master.h(12): warning:  #1-D: last line of file ends without a newline
Time.cpp(96): warning:  #111-D: statement is unreachable
Time.cpp(51): warning:  #177-D: variable "TmrIntEcg" was declared but never referenced
Time.cpp(53): warning:  #550-D: variable "AlarmeFisiologico" was set but never used
Time.cpp(54): warning:  #177-D: variable "i" was declared but never referenced
compiling Retarget.cpp...
compiling irq.cpp...
compiling timer.cpp...
compiling global.cpp...
compiling main.cpp...
alarme.h(36): warning:  #1-D: last line of file ends without a newline
fsm_master.h(12): warning:  #1-D: last line of file ends without a newline
compiling fsm_master.cpp...
alarme.h(36): warning:  #1-D: last line of file ends without a newline
fsm_master.h(12): warning:  #1-D: last line of file ends without a newline
compiling led.cpp...
alarme.h(36): warning:  #1-D: last line of file ends without a newline
led.cpp(557): warning:  #1-D: last line of file ends without a newline
led.cpp(367): warning:  #546-D: transfer of control bypasses initialization of:
            variable "LED_OBJ" (declared at line 370)
                switch (state_led)
                ^
led.cpp: 3 warnings, 0 errors
compiling alarme.cpp...
alarme.h(36): warning:  #1-D: last line of file ends without a newline
alarme.cpp(127): warning:  #1-D: last line of file ends without a newline
linking...
Program Size: Code=6456 RO-data=32 RW-data=24 ZI-data=1256  
FromELF: creating hex file...
".\output\9.2" - 0 Errors, 15 Warning(s).
Rebuild target 'Target 1'
compiling Startup.s...
compiling Time.cpp...
alarme.h(36): warning:  #1-D: last line of file ends without a newline
fsm_master.h(12): warning:  #1-D: last line of file ends without a newline
Time.cpp(96): warning:  #111-D: statement is unreachable
Time.cpp(51): warning:  #177-D: variable "TmrIntEcg" was declared but never referenced
Time.cpp(53): warning:  #550-D: variable "AlarmeFisiologico" was set but never used
Time.cpp(54): warning:  #177-D: variable "i" was declared but never referenced
compiling Retarget.cpp...
compiling irq.cpp...
compiling timer.cpp...
compiling global.cpp...
compiling main.cpp...
alarme.h(36): warning:  #1-D: last line of file ends without a newline
fsm_master.h(12): warning:  #1-D: last line of file ends without a newline
compiling fsm_master.cpp...
alarme.h(36): warning:  #1-D: last line of file ends without a newline
fsm_master.h(12): warning:  #1-D: last line of file ends without a newline
compiling led.cpp...
alarme.h(36): warning:  #1-D: last line of file ends without a newline
led.cpp(557): warning:  #1-D: last line of file ends without a newline
led.cpp(367): warning:  #546-D: transfer of control bypasses initialization of:
            variable "LED_OBJ" (declared at line 370)
                switch (state_led)
                ^
led.cpp: 3 warnings, 0 errors
compiling alarme.cpp...
alarme.h(36): warning:  #1-D: last line of file ends without a newline
alarme.cpp(127): warning:  #1-D: last line of file ends without a newline
linking...
Program Size: Code=6424 RO-data=32 RW-data=24 ZI-data=1256  
FromELF: creating hex file...
".\output\9.2" - 0 Errors, 15 Warning(s).
Rebuild target 'Target 1'
compiling Startup.s...
compiling Time.cpp...
alarme.h(36): warning:  #1-D: last line of file ends without a newline
fsm_master.h(12): warning:  #1-D: last line of file ends without a newline
Time.cpp(96): warning:  #111-D: statement is unreachable
Time.cpp(51): warning:  #177-D: variable "TmrIntEcg" was declared but never referenced
Time.cpp(53): warning:  #550-D: variable "AlarmeFisiologico" was set but never used
Time.cpp(54): warning:  #177-D: variable "i" was declared but never referenced
compiling Retarget.cpp...
compiling irq.cpp...
compiling timer.cpp...
compiling global.cpp...
compiling main.cpp...
alarme.h(36): warning:  #1-D: last line of file ends without a newline
fsm_master.h(12): warning:  #1-D: last line of file ends without a newline
compiling fsm_master.cpp...
alarme.h(36): warning:  #1-D: last line of file ends without a newline
fsm_master.h(12): warning:  #1-D: last line of file ends without a newline
compiling led.cpp...
alarme.h(36): warning:  #1-D: last line of file ends without a newline
led.cpp(557): warning:  #1-D: last line of file ends without a newline
led.cpp(367): warning:  #546-D: transfer of control bypasses initialization of:
            variable "LED_OBJ" (declared at line 370)
                switch (state_led)
                ^
led.cpp: 3 warnings, 0 errors
compiling alarme.cpp...
alarme.h(36): warning:  #1-D: last line of file ends without a newline
alarme.cpp(127): warning:  #1-D: last line of file ends without a newline
linking...
Program Size: Code=6424 RO-data=32 RW-data=24 ZI-data=1256  
FromELF: creating hex file...
".\output\9.2" - 0 Errors, 15 Warning(s).
Rebuild target 'Target 1'
compiling Startup.s...
compiling Time.cpp...
alarme.h(36): warning:  #1-D: last line of file ends without a newline
fsm_master.h(12): warning:  #1-D: last line of file ends without a newline
Time.cpp(96): warning:  #111-D: statement is unreachable
Time.cpp(51): warning:  #177-D: variable "TmrIntEcg" was declared but never referenced
Time.cpp(53): warning:  #550-D: variable "AlarmeFisiologico" was set but never used
Time.cpp(54): warning:  #177-D: variable "i" was declared but never referenced
compiling Retarget.cpp...
compiling irq.cpp...
compiling timer.cpp...
compiling global.cpp...
compiling main.cpp...
alarme.h(36): warning:  #1-D: last line of file ends without a newline
fsm_master.h(12): warning:  #1-D: last line of file ends without a newline
compiling fsm_master.cpp...
alarme.h(36): warning:  #1-D: last line of file ends without a newline
fsm_master.h(12): warning:  #1-D: last line of file ends without a newline
compiling led.cpp...
alarme.h(36): warning:  #1-D: last line of file ends without a newline
led.cpp(562): warning:  #1-D: last line of file ends without a newline
led.cpp(367): warning:  #546-D: transfer of control bypasses initialization of:
            variable "LED_OBJ" (declared at line 370)
                switch (state_led)
                ^
led.cpp: 3 warnings, 0 errors
compiling alarme.cpp...
alarme.h(36): warning:  #1-D: last line of file ends without a newline
alarme.cpp(127): warning:  #1-D: last line of file ends without a newline
linking...
Program Size: Code=6496 RO-data=32 RW-data=24 ZI-data=1256  
FromELF: creating hex file...
".\output\9.2" - 0 Errors, 15 Warning(s).
Rebuild target 'Target 1'
compiling Startup.s...
compiling Time.cpp...
alarme.h(36): warning:  #1-D: last line of file ends without a newline
fsm_master.h(12): warning:  #1-D: last line of file ends without a newline
Time.cpp(96): warning:  #111-D: statement is unreachable
Time.cpp(51): warning:  #177-D: variable "TmrIntEcg" was declared but never referenced
Time.cpp(53): warning:  #550-D: variable "AlarmeFisiologico" was set but never used
Time.cpp(54): warning:  #177-D: variable "i" was declared but never referenced
compiling Retarget.cpp...
compiling irq.cpp...
compiling timer.cpp...
compiling global.cpp...
compiling main.cpp...
alarme.h(36): warning:  #1-D: last line of file ends without a newline
fsm_master.h(12): warning:  #1-D: last line of file ends without a newline
compiling fsm_master.cpp...
alarme.h(36): warning:  #1-D: last line of file ends without a newline
fsm_master.h(12): warning:  #1-D: last line of file ends without a newline
compiling led.cpp...
alarme.h(36): warning:  #1-D: last line of file ends without a newline
led.cpp(560): warning:  #1-D: last line of file ends without a newline
led.cpp(367): warning:  #546-D: transfer of control bypasses initialization of:
            variable "LED_OBJ" (declared at line 370)
                switch (state_led)
                ^
led.cpp: 3 warnings, 0 errors
compiling alarme.cpp...
alarme.h(36): warning:  #1-D: last line of file ends without a newline
alarme.cpp(127): warning:  #1-D: last line of file ends without a newline
linking...
Program Size: Code=6448 RO-data=32 RW-data=24 ZI-data=1256  
FromELF: creating hex file...
".\output\9.2" - 0 Errors, 15 Warning(s).
Rebuild target 'Target 1'
compiling Startup.s...
compiling Time.cpp...
alarme.h(36): warning:  #1-D: last line of file ends without a newline
fsm_master.h(12): warning:  #1-D: last line of file ends without a newline
Time.cpp(96): warning:  #111-D: statement is unreachable
Time.cpp(51): warning:  #177-D: variable "TmrIntEcg" was declared but never referenced
Time.cpp(53): warning:  #550-D: variable "AlarmeFisiologico" was set but never used
Time.cpp(54): warning:  #177-D: variable "i" was declared but never referenced
compiling Retarget.cpp...
compiling irq.cpp...
compiling timer.cpp...
compiling global.cpp...
compiling main.cpp...
alarme.h(36): warning:  #1-D: last line of file ends without a newline
fsm_master.h(12): warning:  #1-D: last line of file ends without a newline
compiling fsm_master.cpp...
alarme.h(36): warning:  #1-D: last line of file ends without a newline
fsm_master.h(12): warning:  #1-D: last line of file ends without a newline
compiling led.cpp...
alarme.h(36): warning:  #1-D: last line of file ends without a newline
led.cpp(560): warning:  #1-D: last line of file ends without a newline
led.cpp(367): warning:  #546-D: transfer of control bypasses initialization of:
            variable "LED_OBJ" (declared at line 370)
                switch (state_led)
                ^
led.cpp: 3 warnings, 0 errors
compiling alarme.cpp...
alarme.h(36): warning:  #1-D: last line of file ends without a newline
alarme.cpp(127): warning:  #1-D: last line of file ends without a newline
linking...
Program Size: Code=6448 RO-data=32 RW-data=24 ZI-data=1256  
FromELF: creating hex file...
".\output\9.2" - 0 Errors, 15 Warning(s).
Rebuild target 'Target 1'
compiling Startup.s...
compiling Time.cpp...
alarme.h(36): warning:  #1-D: last line of file ends without a newline
fsm_master.h(12): warning:  #1-D: last line of file ends without a newline
Time.cpp(96): warning:  #111-D: statement is unreachable
Time.cpp(51): warning:  #177-D: variable "TmrIntEcg" was declared but never referenced
Time.cpp(53): warning:  #550-D: variable "AlarmeFisiologico" was set but never used
Time.cpp(54): warning:  #177-D: variable "i" was declared but never referenced
compiling Retarget.cpp...
compiling irq.cpp...
compiling timer.cpp...
compiling global.cpp...
compiling main.cpp...
alarme.h(36): warning:  #1-D: last line of file ends without a newline
fsm_master.h(12): warning:  #1-D: last line of file ends without a newline
compiling fsm_master.cpp...
alarme.h(36): warning:  #1-D: last line of file ends without a newline
fsm_master.h(12): warning:  #1-D: last line of file ends without a newline
compiling led.cpp...
alarme.h(36): warning:  #1-D: last line of file ends without a newline
led.cpp(560): warning:  #1-D: last line of file ends without a newline
led.cpp(367): warning:  #546-D: transfer of control bypasses initialization of:
            variable "LED_OBJ" (declared at line 370)
                switch (state_led)
                ^
led.cpp: 3 warnings, 0 errors
compiling alarme.cpp...
alarme.h(36): warning:  #1-D: last line of file ends without a newline
alarme.cpp(127): warning:  #1-D: last line of file ends without a newline
linking...
Program Size: Code=6436 RO-data=32 RW-data=24 ZI-data=1256  
FromELF: creating hex file...
".\output\9.2" - 0 Errors, 15 Warning(s).
Rebuild target 'Target 1'
compiling Startup.s...
compiling Time.cpp...
alarme.h(36): warning:  #1-D: last line of file ends without a newline
fsm_master.h(12): warning:  #1-D: last line of file ends without a newline
Time.cpp(96): warning:  #111-D: statement is unreachable
Time.cpp(51): warning:  #177-D: variable "TmrIntEcg" was declared but never referenced
Time.cpp(53): warning:  #550-D: variable "AlarmeFisiologico" was set but never used
Time.cpp(54): warning:  #177-D: variable "i" was declared but never referenced
compiling Retarget.cpp...
compiling irq.cpp...
compiling timer.cpp...
compiling global.cpp...
compiling main.cpp...
alarme.h(36): warning:  #1-D: last line of file ends without a newline
fsm_master.h(12): warning:  #1-D: last line of file ends without a newline
compiling fsm_master.cpp...
alarme.h(36): warning:  #1-D: last line of file ends without a newline
fsm_master.h(12): warning:  #1-D: last line of file ends without a newline
compiling led.cpp...
alarme.h(36): warning:  #1-D: last line of file ends without a newline
led.cpp(560): warning:  #1-D: last line of file ends without a newline
led.cpp(367): warning:  #546-D: transfer of control bypasses initialization of:
            variable "LED_OBJ" (declared at line 370)
                switch (state_led)
                ^
led.cpp: 3 warnings, 0 errors
compiling alarme.cpp...
alarme.h(36): warning:  #1-D: last line of file ends without a newline
alarme.cpp(127): warning:  #1-D: last line of file ends without a newline
linking...
Program Size: Code=6436 RO-data=32 RW-data=24 ZI-data=1256  
FromELF: creating hex file...
".\output\9.2" - 0 Errors, 15 Warning(s).
Rebuild target 'Target 1'
compiling Startup.s...
compiling Time.cpp...
alarme.h(36): warning:  #1-D: last line of file ends without a newline
fsm_master.h(12): warning:  #1-D: last line of file ends without a newline
Time.cpp(96): warning:  #111-D: statement is unreachable
Time.cpp(51): warning:  #177-D: variable "TmrIntEcg" was declared but never referenced
Time.cpp(53): warning:  #550-D: variable "AlarmeFisiologico" was set but never used
Time.cpp(54): warning:  #177-D: variable "i" was declared but never referenced
compiling Retarget.cpp...
compiling irq.cpp...
compiling timer.cpp...
compiling global.cpp...
compiling main.cpp...
alarme.h(36): warning:  #1-D: last line of file ends without a newline
fsm_master.h(12): warning:  #1-D: last line of file ends without a newline
compiling fsm_master.cpp...
alarme.h(36): warning:  #1-D: last line of file ends without a newline
fsm_master.h(12): warning:  #1-D: last line of file ends without a newline
compiling led.cpp...
alarme.h(36): warning:  #1-D: last line of file ends without a newline
led.cpp(557): warning:  #1-D: last line of file ends without a newline
led.cpp(367): warning:  #546-D: transfer of control bypasses initialization of:
            variable "LED_OBJ" (declared at line 370)
                switch (state_led)
                ^
led.cpp: 3 warnings, 0 errors
compiling alarme.cpp...
alarme.h(36): warning:  #1-D: last line of file ends without a newline
alarme.cpp(127): warning:  #1-D: last line of file ends without a newline
linking...
Program Size: Code=6424 RO-data=32 RW-data=24 ZI-data=1256  
FromELF: creating hex file...
".\output\9.2" - 0 Errors, 15 Warning(s).
Rebuild target 'Target 1'
compiling Startup.s...
compiling Time.cpp...
alarme.h(36): warning:  #1-D: last line of file ends without a newline
fsm_master.h(12): warning:  #1-D: last line of file ends without a newline
Time.cpp(96): warning:  #111-D: statement is unreachable
Time.cpp(51): warning:  #177-D: variable "TmrIntEcg" was declared but never referenced
Time.cpp(53): warning:  #550-D: variable "AlarmeFisiologico" was set but never used
Time.cpp(54): warning:  #177-D: variable "i" was declared but never referenced
compiling Retarget.cpp...
compiling irq.cpp...
compiling timer.cpp...
compiling global.cpp...
compiling main.cpp...
alarme.h(36): warning:  #1-D: last line of file ends without a newline
fsm_master.h(12): warning:  #1-D: last line of file ends without a newline
compiling fsm_master.cpp...
alarme.h(36): warning:  #1-D: last line of file ends without a newline
fsm_master.h(12): warning:  #1-D: last line of file ends without a newline
compiling led.cpp...
alarme.h(36): warning:  #1-D: last line of file ends without a newline
led.cpp(562): warning:  #1-D: last line of file ends without a newline
led.cpp(367): warning:  #546-D: transfer of control bypasses initialization of:
            variable "LED_OBJ" (declared at line 370)
                switch (state_led)
                ^
led.cpp: 3 warnings, 0 errors
compiling alarme.cpp...
alarme.h(36): warning:  #1-D: last line of file ends without a newline
alarme.cpp(127): warning:  #1-D: last line of file ends without a newline
linking...
Program Size: Code=6512 RO-data=32 RW-data=24 ZI-data=1256  
FromELF: creating hex file...
".\output\9.2" - 0 Errors, 15 Warning(s).
Rebuild target 'Target 1'
compiling Startup.s...
compiling Time.cpp...
alarme.h(36): warning:  #1-D: last line of file ends without a newline
fsm_master.h(12): warning:  #1-D: last line of file ends without a newline
Time.cpp(96): warning:  #111-D: statement is unreachable
Time.cpp(51): warning:  #177-D: variable "TmrIntEcg" was declared but never referenced
Time.cpp(53): warning:  #550-D: variable "AlarmeFisiologico" was set but never used
Time.cpp(54): warning:  #177-D: variable "i" was declared but never referenced
compiling Retarget.cpp...
compiling irq.cpp...
compiling timer.cpp...
compiling global.cpp...
compiling main.cpp...
alarme.h(36): warning:  #1-D: last line of file ends without a newline
fsm_master.h(12): warning:  #1-D: last line of file ends without a newline
compiling fsm_master.cpp...
alarme.h(36): warning:  #1-D: last line of file ends without a newline
fsm_master.h(12): warning:  #1-D: last line of file ends without a newline
compiling led.cpp...
alarme.h(36): warning:  #1-D: last line of file ends without a newline
led.cpp(559): warning:  #1-D: last line of file ends without a newline
led.cpp(367): warning:  #546-D: transfer of control bypasses initialization of:
            variable "LED_OBJ" (declared at line 370)
                switch (state_led)
                ^
led.cpp: 3 warnings, 0 errors
compiling alarme.cpp...
alarme.h(36): warning:  #1-D: last line of file ends without a newline
alarme.cpp(127): warning:  #1-D: last line of file ends without a newline
linking...
Program Size: Code=6432 RO-data=32 RW-data=24 ZI-data=1256  
FromELF: creating hex file...
".\output\9.2" - 0 Errors, 15 Warning(s).
Rebuild target 'Target 1'
compiling Startup.s...
compiling Time.cpp...
alarme.h(36): warning:  #1-D: last line of file ends without a newline
fsm_master.h(12): warning:  #1-D: last line of file ends without a newline
Time.cpp(96): warning:  #111-D: statement is unreachable
Time.cpp(51): warning:  #177-D: variable "TmrIntEcg" was declared but never referenced
Time.cpp(53): warning:  #550-D: variable "AlarmeFisiologico" was set but never used
Time.cpp(54): warning:  #177-D: variable "i" was declared but never referenced
compiling Retarget.cpp...
compiling irq.cpp...
compiling timer.cpp...
compiling global.cpp...
compiling main.cpp...
alarme.h(36): warning:  #1-D: last line of file ends without a newline
fsm_master.h(12): warning:  #1-D: last line of file ends without a newline
compiling fsm_master.cpp...
alarme.h(36): warning:  #1-D: last line of file ends without a newline
fsm_master.h(12): warning:  #1-D: last line of file ends without a newline
compiling led.cpp...
alarme.h(36): warning:  #1-D: last line of file ends without a newline
led.cpp(559): warning:  #1-D: last line of file ends without a newline
led.cpp(367): warning:  #546-D: transfer of control bypasses initialization of:
            variable "LED_OBJ" (declared at line 370)
                switch (state_led)
                ^
led.cpp: 3 warnings, 0 errors
compiling alarme.cpp...
alarme.h(36): warning:  #1-D: last line of file ends without a newline
alarme.cpp(127): warning:  #1-D: last line of file ends without a newline
linking...
Program Size: Code=6432 RO-data=32 RW-data=24 ZI-data=1256  
FromELF: creating hex file...
".\output\9.2" - 0 Errors, 15 Warning(s).
Rebuild target 'Target 1'
compiling Startup.s...
compiling Time.cpp...
alarme.h(36): warning:  #1-D: last line of file ends without a newline
fsm_master.h(12): warning:  #1-D: last line of file ends without a newline
Time.cpp(96): warning:  #111-D: statement is unreachable
Time.cpp(51): warning:  #177-D: variable "TmrIntEcg" was declared but never referenced
Time.cpp(53): warning:  #550-D: variable "AlarmeFisiologico" was set but never used
Time.cpp(54): warning:  #177-D: variable "i" was declared but never referenced
compiling Retarget.cpp...
compiling irq.cpp...
compiling timer.cpp...
compiling global.cpp...
compiling main.cpp...
alarme.h(36): warning:  #1-D: last line of file ends without a newline
fsm_master.h(12): warning:  #1-D: last line of file ends without a newline
compiling fsm_master.cpp...
alarme.h(36): warning:  #1-D: last line of file ends without a newline
fsm_master.h(12): warning:  #1-D: last line of file ends without a newline
compiling led.cpp...
alarme.h(36): warning:  #1-D: last line of file ends without a newline
led.cpp(559): warning:  #1-D: last line of file ends without a newline
led.cpp(367): warning:  #546-D: transfer of control bypasses initialization of:
            variable "LED_OBJ" (declared at line 370)
                switch (state_led)
                ^
led.cpp: 3 warnings, 0 errors
compiling alarme.cpp...
alarme.h(36): warning:  #1-D: last line of file ends without a newline
alarme.cpp(127): warning:  #1-D: last line of file ends without a newline
linking...
Program Size: Code=6432 RO-data=32 RW-data=24 ZI-data=1256  
FromELF: creating hex file...
".\output\9.2" - 0 Errors, 15 Warning(s).
Rebuild target 'Target 1'
compiling Startup.s...
compiling Time.cpp...
alarme.h(36): warning:  #1-D: last line of file ends without a newline
fsm_master.h(12): warning:  #1-D: last line of file ends without a newline
Time.cpp(96): warning:  #111-D: statement is unreachable
Time.cpp(51): warning:  #177-D: variable "TmrIntEcg" was declared but never referenced
Time.cpp(53): warning:  #550-D: variable "AlarmeFisiologico" was set but never used
Time.cpp(54): warning:  #177-D: variable "i" was declared but never referenced
compiling Retarget.cpp...
compiling irq.cpp...
compiling timer.cpp...
compiling global.cpp...
compiling main.cpp...
alarme.h(36): warning:  #1-D: last line of file ends without a newline
fsm_master.h(12): warning:  #1-D: last line of file ends without a newline
compiling fsm_master.cpp...
alarme.h(36): warning:  #1-D: last line of file ends without a newline
fsm_master.h(12): warning:  #1-D: last line of file ends without a newline
compiling led.cpp...
alarme.h(36): warning:  #1-D: last line of file ends without a newline
led.cpp(557): warning:  #1-D: last line of file ends without a newline
led.cpp(367): warning:  #546-D: transfer of control bypasses initialization of:
            variable "LED_OBJ" (declared at line 370)
                switch (state_led)
                ^
led.cpp: 3 warnings, 0 errors
compiling alarme.cpp...
alarme.h(36): warning:  #1-D: last line of file ends without a newline
alarme.cpp(127): warning:  #1-D: last line of file ends without a newline
linking...
Program Size: Code=6432 RO-data=32 RW-data=24 ZI-data=1256  
FromELF: creating hex file...
".\output\9.2" - 0 Errors, 15 Warning(s).
Rebuild target 'Target 1'
compiling Startup.s...
compiling Time.cpp...
alarme.h(36): warning:  #1-D: last line of file ends without a newline
fsm_master.h(12): warning:  #1-D: last line of file ends without a newline
Time.cpp(96): warning:  #111-D: statement is unreachable
Time.cpp(51): warning:  #177-D: variable "TmrIntEcg" was declared but never referenced
Time.cpp(53): warning:  #550-D: variable "AlarmeFisiologico" was set but never used
Time.cpp(54): warning:  #177-D: variable "i" was declared but never referenced
compiling Retarget.cpp...
compiling irq.cpp...
compiling timer.cpp...
compiling global.cpp...
compiling main.cpp...
alarme.h(36): warning:  #1-D: last line of file ends without a newline
fsm_master.h(12): warning:  #1-D: last line of file ends without a newline
compiling fsm_master.cpp...
alarme.h(36): warning:  #1-D: last line of file ends without a newline
fsm_master.h(12): warning:  #1-D: last line of file ends without a newline
compiling led.cpp...
alarme.h(36): warning:  #1-D: last line of file ends without a newline
led.cpp(557): warning:  #1-D: last line of file ends without a newline
led.cpp(367): warning:  #546-D: transfer of control bypasses initialization of:
            variable "LED_OBJ" (declared at line 370)
                switch (state_led)
                ^
led.cpp: 3 warnings, 0 errors
compiling alarme.cpp...
alarme.h(36): warning:  #1-D: last line of file ends without a newline
alarme.cpp(127): warning:  #1-D: last line of file ends without a newline
linking...
Program Size: Code=6432 RO-data=32 RW-data=24 ZI-data=1256  
FromELF: creating hex file...
".\output\9.2" - 0 Errors, 15 Warning(s).
Rebuild target 'Target 1'
compiling Startup.s...
compiling Time.cpp...
alarme.h(36): warning:  #1-D: last line of file ends without a newline
fsm_master.h(12): warning:  #1-D: last line of file ends without a newline
Time.cpp(96): warning:  #111-D: statement is unreachable
Time.cpp(51): warning:  #177-D: variable "TmrIntEcg" was declared but never referenced
Time.cpp(53): warning:  #550-D: variable "AlarmeFisiologico" was set but never used
Time.cpp(54): warning:  #177-D: variable "i" was declared but never referenced
compiling Retarget.cpp...
compiling irq.cpp...
compiling timer.cpp...
compiling global.cpp...
compiling main.cpp...
alarme.h(36): warning:  #1-D: last line of file ends without a newline
fsm_master.h(12): warning:  #1-D: last line of file ends without a newline
compiling fsm_master.cpp...
alarme.h(36): warning:  #1-D: last line of file ends without a newline
fsm_master.h(12): warning:  #1-D: last line of file ends without a newline
compiling led.cpp...
alarme.h(36): warning:  #1-D: last line of file ends without a newline
led.cpp(558): warning:  #1-D: last line of file ends without a newline
led.cpp(367): warning:  #546-D: transfer of control bypasses initialization of:
            variable "LED_OBJ" (declared at line 370)
                switch (state_led)
                ^
led.cpp: 3 warnings, 0 errors
compiling alarme.cpp...
alarme.h(36): warning:  #1-D: last line of file ends without a newline
alarme.cpp(127): warning:  #1-D: last line of file ends without a newline
linking...
Program Size: Code=6468 RO-data=32 RW-data=24 ZI-data=1256  
FromELF: creating hex file...
".\output\9.2" - 0 Errors, 15 Warning(s).
Rebuild target 'Target 1'
compiling Startup.s...
compiling Time.cpp...
alarme.h(36): warning:  #1-D: last line of file ends without a newline
fsm_master.h(12): warning:  #1-D: last line of file ends without a newline
Time.cpp(96): warning:  #111-D: statement is unreachable
Time.cpp(51): warning:  #177-D: variable "TmrIntEcg" was declared but never referenced
Time.cpp(53): warning:  #550-D: variable "AlarmeFisiologico" was set but never used
Time.cpp(54): warning:  #177-D: variable "i" was declared but never referenced
compiling Retarget.cpp...
compiling irq.cpp...
compiling timer.cpp...
compiling global.cpp...
compiling main.cpp...
alarme.h(36): warning:  #1-D: last line of file ends without a newline
fsm_master.h(12): warning:  #1-D: last line of file ends without a newline
compiling fsm_master.cpp...
alarme.h(36): warning:  #1-D: last line of file ends without a newline
fsm_master.h(12): warning:  #1-D: last line of file ends without a newline
compiling led.cpp...
alarme.h(36): warning:  #1-D: last line of file ends without a newline
led.cpp(559): warning:  #1-D: last line of file ends without a newline
led.cpp(367): warning:  #546-D: transfer of control bypasses initialization of:
            variable "LED_OBJ" (declared at line 370)
                switch (state_led)
                ^
led.cpp: 3 warnings, 0 errors
compiling alarme.cpp...
alarme.h(36): warning:  #1-D: last line of file ends without a newline
alarme.cpp(127): warning:  #1-D: last line of file ends without a newline
linking...
Program Size: Code=6448 RO-data=32 RW-data=24 ZI-data=1256  
FromELF: creating hex file...
".\output\9.2" - 0 Errors, 15 Warning(s).
Rebuild target 'Target 1'
compiling Startup.s...
compiling Time.cpp...
alarme.h(36): warning:  #1-D: last line of file ends without a newline
fsm_master.h(12): warning:  #1-D: last line of file ends without a newline
Time.cpp(96): warning:  #111-D: statement is unreachable
Time.cpp(51): warning:  #177-D: variable "TmrIntEcg" was declared but never referenced
Time.cpp(53): warning:  #550-D: variable "AlarmeFisiologico" was set but never used
Time.cpp(54): warning:  #177-D: variable "i" was declared but never referenced
compiling Retarget.cpp...
compiling irq.cpp...
compiling timer.cpp...
compiling global.cpp...
compiling main.cpp...
alarme.h(36): warning:  #1-D: last line of file ends without a newline
fsm_master.h(12): warning:  #1-D: last line of file ends without a newline
compiling fsm_master.cpp...
alarme.h(36): warning:  #1-D: last line of file ends without a newline
fsm_master.h(12): warning:  #1-D: last line of file ends without a newline
compiling led.cpp...
alarme.h(36): warning:  #1-D: last line of file ends without a newline
led.cpp(564): warning:  #1-D: last line of file ends without a newline
led.cpp(367): warning:  #546-D: transfer of control bypasses initialization of:
            variable "LED_OBJ" (declared at line 370)
                switch (state_led)
                ^
led.cpp: 3 warnings, 0 errors
compiling alarme.cpp...
alarme.h(36): warning:  #1-D: last line of file ends without a newline
alarme.cpp(127): warning:  #1-D: last line of file ends without a newline
linking...
Program Size: Code=6508 RO-data=32 RW-data=24 ZI-data=1256  
FromELF: creating hex file...
".\output\9.2" - 0 Errors, 15 Warning(s).
Rebuild target 'Target 1'
compiling Startup.s...
compiling Time.cpp...
alarme.h(36): warning:  #1-D: last line of file ends without a newline
fsm_master.h(12): warning:  #1-D: last line of file ends without a newline
Time.cpp(96): warning:  #111-D: statement is unreachable
Time.cpp(51): warning:  #177-D: variable "TmrIntEcg" was declared but never referenced
Time.cpp(53): warning:  #550-D: variable "AlarmeFisiologico" was set but never used
Time.cpp(54): warning:  #177-D: variable "i" was declared but never referenced
compiling Retarget.cpp...
compiling irq.cpp...
compiling timer.cpp...
compiling global.cpp...
compiling main.cpp...
alarme.h(36): warning:  #1-D: last line of file ends without a newline
fsm_master.h(12): warning:  #1-D: last line of file ends without a newline
compiling fsm_master.cpp...
alarme.h(36): warning:  #1-D: last line of file ends without a newline
fsm_master.h(12): warning:  #1-D: last line of file ends without a newline
compiling led.cpp...
alarme.h(36): warning:  #1-D: last line of file ends without a newline
led.cpp(558): warning:  #1-D: last line of file ends without a newline
led.cpp(367): warning:  #546-D: transfer of control bypasses initialization of:
            variable "LED_OBJ" (declared at line 370)
                switch (state_led)
                ^
led.cpp: 3 warnings, 0 errors
compiling alarme.cpp...
alarme.h(36): warning:  #1-D: last line of file ends without a newline
alarme.cpp(127): warning:  #1-D: last line of file ends without a newline
linking...
Program Size: Code=6388 RO-data=32 RW-data=24 ZI-data=1256  
FromELF: creating hex file...
".\output\9.2" - 0 Errors, 15 Warning(s).
Rebuild target 'Target 1'
compiling Startup.s...
compiling Time.cpp...
alarme.h(36): warning:  #1-D: last line of file ends without a newline
fsm_master.h(12): warning:  #1-D: last line of file ends without a newline
Time.cpp(96): warning:  #111-D: statement is unreachable
Time.cpp(51): warning:  #177-D: variable "TmrIntEcg" was declared but never referenced
Time.cpp(53): warning:  #550-D: variable "AlarmeFisiologico" was set but never used
Time.cpp(54): warning:  #177-D: variable "i" was declared but never referenced
compiling Retarget.cpp...
compiling irq.cpp...
compiling timer.cpp...
compiling global.cpp...
compiling main.cpp...
alarme.h(36): warning:  #1-D: last line of file ends without a newline
fsm_master.h(12): warning:  #1-D: last line of file ends without a newline
compiling fsm_master.cpp...
alarme.h(36): warning:  #1-D: last line of file ends without a newline
fsm_master.h(12): warning:  #1-D: last line of file ends without a newline
compiling led.cpp...
alarme.h(36): warning:  #1-D: last line of file ends without a newline
led.cpp(560): warning:  #1-D: last line of file ends without a newline
led.cpp(367): warning:  #546-D: transfer of control bypasses initialization of:
            variable "LED_OBJ" (declared at line 370)
                switch (state_led)
                ^
led.cpp: 3 warnings, 0 errors
compiling alarme.cpp...
alarme.h(36): warning:  #1-D: last line of file ends without a newline
alarme.cpp(127): warning:  #1-D: last line of file ends without a newline
linking...
Program Size: Code=6456 RO-data=32 RW-data=24 ZI-data=1256  
FromELF: creating hex file...
".\output\9.2" - 0 Errors, 15 Warning(s).
Rebuild target 'Target 1'
compiling Startup.s...
compiling Time.cpp...
alarme.h(36): warning:  #1-D: last line of file ends without a newline
fsm_master.h(12): warning:  #1-D: last line of file ends without a newline
Time.cpp(96): warning:  #111-D: statement is unreachable
Time.cpp(51): warning:  #177-D: variable "TmrIntEcg" was declared but never referenced
Time.cpp(53): warning:  #550-D: variable "AlarmeFisiologico" was set but never used
Time.cpp(54): warning:  #177-D: variable "i" was declared but never referenced
compiling Retarget.cpp...
compiling irq.cpp...
compiling timer.cpp...
compiling global.cpp...
compiling main.cpp...
alarme.h(36): warning:  #1-D: last line of file ends without a newline
fsm_master.h(12): warning:  #1-D: last line of file ends without a newline
compiling fsm_master.cpp...
alarme.h(36): warning:  #1-D: last line of file ends without a newline
fsm_master.h(12): warning:  #1-D: last line of file ends without a newline
compiling led.cpp...
alarme.h(36): warning:  #1-D: last line of file ends without a newline
led.cpp(560): warning:  #1-D: last line of file ends without a newline
led.cpp(367): warning:  #546-D: transfer of control bypasses initialization of:
            variable "LED_OBJ" (declared at line 370)
                switch (state_led)
                ^
led.cpp: 3 warnings, 0 errors
compiling alarme.cpp...
alarme.h(36): warning:  #1-D: last line of file ends without a newline
alarme.cpp(127): warning:  #1-D: last line of file ends without a newline
linking...
Program Size: Code=6456 RO-data=32 RW-data=24 ZI-data=1256  
FromELF: creating hex file...
".\output\9.2" - 0 Errors, 15 Warning(s).
Rebuild target 'Target 1'
compiling Startup.s...
compiling Time.cpp...
alarme.h(36): warning:  #1-D: last line of file ends without a newline
fsm_master.h(12): warning:  #1-D: last line of file ends without a newline
Time.cpp(96): warning:  #111-D: statement is unreachable
Time.cpp(51): warning:  #177-D: variable "TmrIntEcg" was declared but never referenced
Time.cpp(53): warning:  #550-D: variable "AlarmeFisiologico" was set but never used
Time.cpp(54): warning:  #177-D: variable "i" was declared but never referenced
compiling Retarget.cpp...
compiling irq.cpp...
compiling timer.cpp...
compiling global.cpp...
compiling main.cpp...
alarme.h(36): warning:  #1-D: last line of file ends without a newline
fsm_master.h(12): warning:  #1-D: last line of file ends without a newline
compiling fsm_master.cpp...
alarme.h(36): warning:  #1-D: last line of file ends without a newline
fsm_master.h(12): warning:  #1-D: last line of file ends without a newline
compiling led.cpp...
alarme.h(36): warning:  #1-D: last line of file ends without a newline
led.cpp(558): warning:  #1-D: last line of file ends without a newline
led.cpp(367): warning:  #546-D: transfer of control bypasses initialization of:
            variable "LED_OBJ" (declared at line 370)
                switch (state_led)
                ^
led.cpp: 3 warnings, 0 errors
compiling alarme.cpp...
alarme.h(36): warning:  #1-D: last line of file ends without a newline
alarme.cpp(127): warning:  #1-D: last line of file ends without a newline
linking...
Program Size: Code=6432 RO-data=32 RW-data=24 ZI-data=1256  
FromELF: creating hex file...
".\output\9.2" - 0 Errors, 15 Warning(s).
Rebuild target 'Target 1'
compiling Startup.s...
compiling Time.cpp...
alarme.h(36): warning:  #1-D: last line of file ends without a newline
fsm_master.h(12): warning:  #1-D: last line of file ends without a newline
Time.cpp(96): warning:  #111-D: statement is unreachable
Time.cpp(51): warning:  #177-D: variable "TmrIntEcg" was declared but never referenced
Time.cpp(53): warning:  #550-D: variable "AlarmeFisiologico" was set but never used
Time.cpp(54): warning:  #177-D: variable "i" was declared but never referenced
compiling Retarget.cpp...
compiling irq.cpp...
compiling timer.cpp...
compiling global.cpp...
compiling main.cpp...
alarme.h(36): warning:  #1-D: last line of file ends without a newline
fsm_master.h(12): warning:  #1-D: last line of file ends without a newline
compiling fsm_master.cpp...
alarme.h(36): warning:  #1-D: last line of file ends without a newline
fsm_master.h(12): warning:  #1-D: last line of file ends without a newline
compiling led.cpp...
alarme.h(36): warning:  #1-D: last line of file ends without a newline
led.cpp(558): warning:  #1-D: last line of file ends without a newline
led.cpp(367): warning:  #546-D: transfer of control bypasses initialization of:
            variable "LED_OBJ" (declared at line 370)
                switch (state_led)
                ^
led.cpp: 3 warnings, 0 errors
compiling alarme.cpp...
alarme.h(36): warning:  #1-D: last line of file ends without a newline
alarme.cpp(127): warning:  #1-D: last line of file ends without a newline
linking...
Program Size: Code=6444 RO-data=32 RW-data=24 ZI-data=1256  
FromELF: creating hex file...
".\output\9.2" - 0 Errors, 15 Warning(s).
Rebuild target 'Target 1'
compiling Startup.s...
compiling Time.cpp...
alarme.h(36): warning:  #1-D: last line of file ends without a newline
fsm_master.h(12): warning:  #1-D: last line of file ends without a newline
Time.cpp(96): warning:  #111-D: statement is unreachable
Time.cpp(51): warning:  #177-D: variable "TmrIntEcg" was declared but never referenced
Time.cpp(53): warning:  #550-D: variable "AlarmeFisiologico" was set but never used
Time.cpp(54): warning:  #177-D: variable "i" was declared but never referenced
compiling Retarget.cpp...
compiling irq.cpp...
compiling timer.cpp...
compiling global.cpp...
compiling main.cpp...
alarme.h(36): warning:  #1-D: last line of file ends without a newline
fsm_master.h(12): warning:  #1-D: last line of file ends without a newline
compiling fsm_master.cpp...
alarme.h(36): warning:  #1-D: last line of file ends without a newline
fsm_master.h(12): warning:  #1-D: last line of file ends without a newline
compiling led.cpp...
alarme.h(36): warning:  #1-D: last line of file ends without a newline
led.cpp(558): warning:  #1-D: last line of file ends without a newline
led.cpp(367): warning:  #546-D: transfer of control bypasses initialization of:
            variable "LED_OBJ" (declared at line 370)
                switch (state_led)
                ^
led.cpp: 3 warnings, 0 errors
compiling alarme.cpp...
alarme.h(36): warning:  #1-D: last line of file ends without a newline
alarme.cpp(127): warning:  #1-D: last line of file ends without a newline
linking...
Program Size: Code=6432 RO-data=32 RW-data=24 ZI-data=1256  
FromELF: creating hex file...
".\output\9.2" - 0 Errors, 15 Warning(s).
Rebuild target 'Target 1'
compiling Startup.s...
compiling Time.cpp...
alarme.h(36): warning:  #1-D: last line of file ends without a newline
fsm_master.h(12): warning:  #1-D: last line of file ends without a newline
Time.cpp(96): warning:  #111-D: statement is unreachable
Time.cpp(51): warning:  #177-D: variable "TmrIntEcg" was declared but never referenced
Time.cpp(53): warning:  #550-D: variable "AlarmeFisiologico" was set but never used
Time.cpp(54): warning:  #177-D: variable "i" was declared but never referenced
compiling Retarget.cpp...
compiling irq.cpp...
compiling timer.cpp...
compiling global.cpp...
compiling main.cpp...
alarme.h(36): warning:  #1-D: last line of file ends without a newline
fsm_master.h(12): warning:  #1-D: last line of file ends without a newline
compiling fsm_master.cpp...
alarme.h(36): warning:  #1-D: last line of file ends without a newline
fsm_master.h(12): warning:  #1-D: last line of file ends without a newline
compiling led.cpp...
alarme.h(36): warning:  #1-D: last line of file ends without a newline
led.cpp(208): warning:  #1-D: last line of file ends without a newline
led.cpp(17): warning:  #546-D: transfer of control bypasses initialization of:
            variable "LED_OBJ" (declared at line 20)
                switch (state_led)
                ^
led.cpp: 3 warnings, 0 errors
compiling alarme.cpp...
alarme.h(36): warning:  #1-D: last line of file ends without a newline
alarme.cpp(127): warning:  #1-D: last line of file ends without a newline
linking...
Program Size: Code=4464 RO-data=32 RW-data=24 ZI-data=1256  
FromELF: creating hex file...
".\output\9.2" - 0 Errors, 15 Warning(s).
Rebuild target 'Target 1'
compiling Startup.s...
compiling Time.cpp...
fsm_master.h(8): error:  #20: identifier "Alarme" is undefined
fsm_master.h(12): warning:  #1-D: last line of file ends without a newline
Time.cpp(96): warning:  #111-D: statement is unreachable
Time.cpp(51): warning:  #177-D: variable "TmrIntEcg" was declared but never referenced
Time.cpp(53): warning:  #550-D: variable "AlarmeFisiologico" was set but never used
Time.cpp(54): warning:  #177-D: variable "i" was declared but never referenced
compiling Retarget.cpp...
compiling irq.cpp...
compiling timer.cpp...
compiling global.cpp...
compiling main.cpp...
fsm_master.h(8): error:  #20: identifier "Alarme" is undefined
fsm_master.h(12): warning:  #1-D: last line of file ends without a newline
compiling fsm_master.cpp...
fsm_master.h(8): error:  #20: identifier "Alarme" is undefined
fsm_master.h(12): warning:  #1-D: last line of file ends without a newline
compiling led.cpp...
led.cpp(208): warning:  #1-D: last line of file ends without a newline
led.cpp(17): warning:  #546-D: transfer of control bypasses initialization of:
            variable "LED_OBJ" (declared at line 20)
                switch (state_led)
                ^
led.cpp: 2 warnings, 0 errors
compiling alarme.cpp...
".\output\9.2" - 3 Errors, 9 Warning(s).
Target not created
Rebuild target 'Target 1'
compiling Startup.s...
compiling Time.cpp...
fsm_master.h(12): warning:  #1-D: last line of file ends without a newline
Time.cpp(96): warning:  #111-D: statement is unreachable
Time.cpp(51): warning:  #177-D: variable "TmrIntEcg" was declared but never referenced
Time.cpp(53): warning:  #550-D: variable "AlarmeFisiologico" was set but never used
Time.cpp(54): warning:  #177-D: variable "i" was declared but never referenced
compiling Retarget.cpp...
compiling irq.cpp...
compiling timer.cpp...
compiling global.cpp...
compiling main.cpp...
fsm_master.h(12): warning:  #1-D: last line of file ends without a newline
compiling fsm_master.cpp...
fsm_master.h(12): warning:  #1-D: last line of file ends without a newline
compiling led.cpp...
led.cpp(208): warning:  #1-D: last line of file ends without a newline
led.cpp(17): warning:  #546-D: transfer of control bypasses initialization of:
            variable "LED_OBJ" (declared at line 20)
                switch (state_led)
                ^
led.cpp: 2 warnings, 0 errors
compiling alarme.cpp...
linking...
Program Size: Code=4144 RO-data=32 RW-data=24 ZI-data=1256  
FromELF: creating hex file...
".\output\9.2" - 0 Errors, 9 Warning(s).
Rebuild target 'Target 1'
compiling Startup.s...
compiling Time.cpp...
led.h(1): error:  #5: cannot open source input file "alarme.h": No such file or directory
compiling Retarget.cpp...
compiling irq.cpp...
compiling timer.cpp...
compiling global.cpp...
compiling main.cpp...
led.h(1): error:  #5: cannot open source input file "alarme.h": No such file or directory
compiling fsm_master.cpp...
led.h(1): error:  #5: cannot open source input file "alarme.h": No such file or directory
compiling led.cpp...
led.h(1): error:  #5: cannot open source input file "alarme.h": No such file or directory
".\output\9.2" - 4 Errors, 0 Warning(s).
Target not created
Rebuild target 'Target 1'
compiling Startup.s...
compiling Time.cpp...
led.h(1): error:  #5: cannot open source input file "alarme.h": No such file or directory
compiling Retarget.cpp...
compiling irq.cpp...
compiling timer.cpp...
compiling global.cpp...
compiling main.cpp...
led.h(1): error:  #5: cannot open source input file "alarme.h": No such file or directory
compiling fsm_master.cpp...
led.h(1): error:  #5: cannot open source input file "alarme.h": No such file or directory
compiling led.cpp...
led.h(1): error:  #5: cannot open source input file "alarme.h": No such file or directory
".\output\9.2" - 4 Errors, 0 Warning(s).
Target not created
Rebuild target 'Target 1'
compiling Startup.s...
compiling Time.cpp...
led.h(1): error:  #5: cannot open source input file "alarme.h": No such file or directory
compiling Retarget.cpp...
compiling irq.cpp...
compiling timer.cpp...
compiling global.cpp...
compiling main.cpp...
led.h(1): error:  #5: cannot open source input file "alarme.h": No such file or directory
compiling fsm_master.cpp...
led.h(1): error:  #5: cannot open source input file "alarme.h": No such file or directory
compiling led.cpp...
led.h(1): error:  #5: cannot open source input file "alarme.h": No such file or directory
".\output\9.2" - 4 Errors, 0 Warning(s).
Target not created
Rebuild target 'Target 1'
compiling Startup.s...
compiling Time.cpp...
fsm_master.h(11): warning:  #1-D: last line of file ends without a newline
Time.cpp(95): warning:  #111-D: statement is unreachable
Time.cpp(50): warning:  #177-D: variable "TmrIntEcg" was declared but never referenced
Time.cpp(52): warning:  #550-D: variable "AlarmeFisiologico" was set but never used
Time.cpp(53): warning:  #177-D: variable "i" was declared but never referenced
compiling Retarget.cpp...
compiling irq.cpp...
compiling timer.cpp...
compiling global.cpp...
compiling main.cpp...
fsm_master.h(11): warning:  #1-D: last line of file ends without a newline
compiling fsm_master.cpp...
fsm_master.h(11): warning:  #1-D: last line of file ends without a newline
compiling led.cpp...
led.cpp(208): warning:  #1-D: last line of file ends without a newline
led.cpp(17): warning:  #546-D: transfer of control bypasses initialization of:
            variable "LED_OBJ" (declared at line 20)
                switch (state_led)
                ^
led.cpp: 2 warnings, 0 errors
linking...
Program Size: Code=4144 RO-data=32 RW-data=24 ZI-data=1256  
FromELF: creating hex file...
".\output\9.2" - 0 Errors, 9 Warning(s).
Rebuild target 'Target 1'
compiling Startup.s...
compiling Time.cpp...
fsm_master.h(11): warning:  #1-D: last line of file ends without a newline
Time.cpp(95): warning:  #111-D: statement is unreachable
Time.cpp(50): warning:  #177-D: variable "TmrIntEcg" was declared but never referenced
Time.cpp(52): warning:  #550-D: variable "AlarmeFisiologico" was set but never used
Time.cpp(53): warning:  #177-D: variable "i" was declared but never referenced
compiling Retarget.cpp...
compiling irq.cpp...
compiling timer.cpp...
compiling global.cpp...
compiling main.cpp...
fsm_master.h(11): warning:  #1-D: last line of file ends without a newline
compiling fsm_master.cpp...
fsm_master.h(11): warning:  #1-D: last line of file ends without a newline
compiling led.cpp...
led.cpp(208): warning:  #1-D: last line of file ends without a newline
led.cpp(17): warning:  #546-D: transfer of control bypasses initialization of:
            variable "LED_OBJ" (declared at line 20)
                switch (state_led)
                ^
led.cpp: 2 warnings, 0 errors
linking...
Program Size: Code=4144 RO-data=32 RW-data=24 ZI-data=1256  
FromELF: creating hex file...
".\output\9.2" - 0 Errors, 9 Warning(s).
Rebuild target 'Target 1'
compiling Startup.s...
compiling Time.cpp...
fsm_master.h(11): warning:  #1-D: last line of file ends without a newline
Time.cpp(95): warning:  #111-D: statement is unreachable
Time.cpp(50): warning:  #177-D: variable "TmrIntEcg" was declared but never referenced
Time.cpp(52): warning:  #550-D: variable "AlarmeFisiologico" was set but never used
Time.cpp(53): warning:  #177-D: variable "i" was declared but never referenced
compiling Retarget.cpp...
compiling irq.cpp...
compiling timer.cpp...
compiling global.cpp...
compiling main.cpp...
fsm_master.h(11): warning:  #1-D: last line of file ends without a newline
compiling fsm_master.cpp...
fsm_master.h(11): warning:  #1-D: last line of file ends without a newline
compiling led.cpp...
led.cpp(208): warning:  #1-D: last line of file ends without a newline
led.cpp(17): warning:  #546-D: transfer of control bypasses initialization of:
            variable "LED_OBJ" (declared at line 20)
                switch (state_led)
                ^
led.cpp: 2 warnings, 0 errors
linking...
Program Size: Code=4148 RO-data=32 RW-data=24 ZI-data=1256  
FromELF: creating hex file...
".\output\9.2" - 0 Errors, 9 Warning(s).
Rebuild target 'Target 1'
compiling Startup.s...
compiling Time.cpp...
fsm_master.h(11): warning:  #1-D: last line of file ends without a newline
Time.cpp(95): warning:  #111-D: statement is unreachable
Time.cpp(50): warning:  #177-D: variable "TmrIntEcg" was declared but never referenced
Time.cpp(52): warning:  #550-D: variable "AlarmeFisiologico" was set but never used
Time.cpp(53): warning:  #177-D: variable "i" was declared but never referenced
compiling Retarget.cpp...
compiling irq.cpp...
compiling timer.cpp...
compiling global.cpp...
compiling main.cpp...
fsm_master.h(11): warning:  #1-D: last line of file ends without a newline
compiling fsm_master.cpp...
fsm_master.h(11): warning:  #1-D: last line of file ends without a newline
compiling led.cpp...
led.cpp(215): warning:  #1-D: last line of file ends without a newline
led.cpp(17): warning:  #546-D: transfer of control bypasses initialization of:
            variable "LED_OBJ" (declared at line 20)
                switch (state_led)
                ^
led.cpp: 2 warnings, 0 errors
linking...
Program Size: Code=4192 RO-data=32 RW-data=24 ZI-data=1256  
FromELF: creating hex file...
".\output\9.2" - 0 Errors, 9 Warning(s).
Rebuild target 'Target 1'
compiling Startup.s...
compiling Time.cpp...
fsm_master.h(11): warning:  #1-D: last line of file ends without a newline
Time.cpp(95): warning:  #111-D: statement is unreachable
Time.cpp(50): warning:  #177-D: variable "TmrIntEcg" was declared but never referenced
Time.cpp(52): warning:  #550-D: variable "AlarmeFisiologico" was set but never used
Time.cpp(53): warning:  #177-D: variable "i" was declared but never referenced
compiling Retarget.cpp...
compiling irq.cpp...
compiling timer.cpp...
compiling global.cpp...
compiling main.cpp...
fsm_master.h(11): warning:  #1-D: last line of file ends without a newline
compiling fsm_master.cpp...
fsm_master.h(11): warning:  #1-D: last line of file ends without a newline
compiling led.cpp...
led.cpp(213): warning:  #1-D: last line of file ends without a newline
led.cpp(17): warning:  #546-D: transfer of control bypasses initialization of:
            variable "LED_OBJ" (declared at line 20)
                switch (state_led)
                ^
led.cpp: 2 warnings, 0 errors
linking...
Program Size: Code=4152 RO-data=32 RW-data=24 ZI-data=1256  
FromELF: creating hex file...
".\output\9.2" - 0 Errors, 9 Warning(s).
Rebuild target 'Target 1'
compiling Startup.s...
compiling Time.cpp...
fsm_master.h(11): warning:  #1-D: last line of file ends without a newline
Time.cpp(95): warning:  #111-D: statement is unreachable
Time.cpp(50): warning:  #177-D: variable "TmrIntEcg" was declared but never referenced
Time.cpp(52): warning:  #550-D: variable "AlarmeFisiologico" was set but never used
Time.cpp(53): warning:  #177-D: variable "i" was declared but never referenced
compiling Retarget.cpp...
compiling irq.cpp...
compiling timer.cpp...
compiling global.cpp...
compiling main.cpp...
fsm_master.h(11): warning:  #1-D: last line of file ends without a newline
compiling fsm_master.cpp...
fsm_master.h(11): warning:  #1-D: last line of file ends without a newline
compiling led.cpp...
led.cpp(213): warning:  #1-D: last line of file ends without a newline
led.cpp(17): warning:  #546-D: transfer of control bypasses initialization of:
            variable "LED_OBJ" (declared at line 20)
                switch (state_led)
                ^
led.cpp: 2 warnings, 0 errors
linking...
Program Size: Code=4152 RO-data=32 RW-data=24 ZI-data=1256  
FromELF: creating hex file...
".\output\9.2" - 0 Errors, 9 Warning(s).
Rebuild target 'Target 1'
compiling Startup.s...
compiling Time.cpp...
fsm_master.h(11): warning:  #1-D: last line of file ends without a newline
Time.cpp(95): warning:  #111-D: statement is unreachable
Time.cpp(50): warning:  #177-D: variable "TmrIntEcg" was declared but never referenced
Time.cpp(52): warning:  #550-D: variable "AlarmeFisiologico" was set but never used
Time.cpp(53): warning:  #177-D: variable "i" was declared but never referenced
compiling Retarget.cpp...
compiling irq.cpp...
compiling timer.cpp...
compiling global.cpp...
compiling main.cpp...
fsm_master.h(11): warning:  #1-D: last line of file ends without a newline
compiling fsm_master.cpp...
fsm_master.h(11): warning:  #1-D: last line of file ends without a newline
compiling led.cpp...
led.cpp(217): warning:  #1-D: last line of file ends without a newline
led.cpp(17): warning:  #546-D: transfer of control bypasses initialization of:
            variable "LED_OBJ" (declared at line 20)
                switch (state_led)
                ^
led.cpp: 2 warnings, 0 errors
linking...
Program Size: Code=4172 RO-data=32 RW-data=24 ZI-data=1256  
FromELF: creating hex file...
".\output\9.2" - 0 Errors, 9 Warning(s).
Rebuild target 'Target 1'
compiling Startup.s...
compiling Time.cpp...
fsm_master.h(11): warning:  #1-D: last line of file ends without a newline
Time.cpp(95): warning:  #111-D: statement is unreachable
Time.cpp(50): warning:  #177-D: variable "TmrIntEcg" was declared but never referenced
Time.cpp(52): warning:  #550-D: variable "AlarmeFisiologico" was set but never used
Time.cpp(53): warning:  #177-D: variable "i" was declared but never referenced
compiling Retarget.cpp...
compiling irq.cpp...
compiling timer.cpp...
compiling global.cpp...
compiling main.cpp...
fsm_master.h(11): warning:  #1-D: last line of file ends without a newline
compiling fsm_master.cpp...
fsm_master.h(11): warning:  #1-D: last line of file ends without a newline
compiling led.cpp...
led.cpp(217): warning:  #1-D: last line of file ends without a newline
led.cpp(17): warning:  #546-D: transfer of control bypasses initialization of:
            variable "LED_OBJ" (declared at line 20)
                switch (state_led)
                ^
led.cpp: 2 warnings, 0 errors
linking...
Program Size: Code=4172 RO-data=32 RW-data=24 ZI-data=1256  
FromELF: creating hex file...
".\output\9.2" - 0 Errors, 9 Warning(s).
Rebuild target 'Target 1'
compiling Startup.s...
compiling Time.cpp...
fsm_master.h(11): warning:  #1-D: last line of file ends without a newline
Time.cpp(95): warning:  #111-D: statement is unreachable
Time.cpp(50): warning:  #177-D: variable "TmrIntEcg" was declared but never referenced
Time.cpp(52): warning:  #550-D: variable "AlarmeFisiologico" was set but never used
Time.cpp(53): warning:  #177-D: variable "i" was declared but never referenced
compiling Retarget.cpp...
compiling irq.cpp...
compiling timer.cpp...
compiling global.cpp...
compiling main.cpp...
fsm_master.h(11): warning:  #1-D: last line of file ends without a newline
compiling fsm_master.cpp...
fsm_master.h(11): warning:  #1-D: last line of file ends without a newline
compiling led.cpp...
led.cpp(217): warning:  #1-D: last line of file ends without a newline
led.cpp(17): warning:  #546-D: transfer of control bypasses initialization of:
            variable "LED_OBJ" (declared at line 20)
                switch (state_led)
                ^
led.cpp: 2 warnings, 0 errors
linking...
Program Size: Code=4172 RO-data=32 RW-data=24 ZI-data=1256  
FromELF: creating hex file...
".\output\9.2" - 0 Errors, 9 Warning(s).
Rebuild target 'Target 1'
compiling Startup.s...
compiling Time.cpp...
fsm_master.h(11): warning:  #1-D: last line of file ends without a newline
Time.cpp(50): warning:  #177-D: variable "TmrIntEcg" was declared but never referenced
Time.cpp(52): warning:  #550-D: variable "AlarmeFisiologico" was set but never used
Time.cpp(53): warning:  #177-D: variable "i" was declared but never referenced
compiling Retarget.cpp...
compiling irq.cpp...
compiling timer.cpp...
compiling global.cpp...
compiling main.cpp...
fsm_master.h(11): warning:  #1-D: last line of file ends without a newline
compiling fsm_master.cpp...
fsm_master.h(11): warning:  #1-D: last line of file ends without a newline
compiling led.cpp...
led.cpp(218): warning:  #1-D: last line of file ends without a newline
led.cpp(17): warning:  #546-D: transfer of control bypasses initialization of:
            variable "LED_OBJ" (declared at line 21)
                switch (state_led)
                ^
led.cpp: 2 warnings, 0 errors
compiling botao.cpp...
botao.h(11): warning:  #1-D: last line of file ends without a newline
botao.cpp(41): warning:  #111-D: statement is unreachable
botao.cpp(49): warning:  #1-D: last line of file ends without a newline
linking...
Program Size: Code=3940 RO-data=32 RW-data=16 ZI-data=1256  
FromELF: creating hex file...
".\output\9.2" - 0 Errors, 11 Warning(s).
Rebuild target 'Target 1'
compiling Startup.s...
compiling Time.cpp...
fsm_master.h(11): warning:  #1-D: last line of file ends without a newline
Time.cpp(50): warning:  #177-D: variable "TmrIntEcg" was declared but never referenced
Time.cpp(52): warning:  #550-D: variable "AlarmeFisiologico" was set but never used
Time.cpp(53): warning:  #177-D: variable "i" was declared but never referenced
compiling Retarget.cpp...
compiling irq.cpp...
compiling timer.cpp...
compiling global.cpp...
compiling main.cpp...
fsm_master.h(11): warning:  #1-D: last line of file ends without a newline
compiling fsm_master.cpp...
fsm_master.h(11): warning:  #1-D: last line of file ends without a newline
compiling led.cpp...
led.cpp(220): warning:  #1-D: last line of file ends without a newline
led.cpp(17): warning:  #546-D: transfer of control bypasses initialization of:
            variable "LED_OBJ" (declared at line 21)
                switch (state_led)
                ^
led.cpp: 2 warnings, 0 errors
compiling botao.cpp...
botao.h(11): warning:  #1-D: last line of file ends without a newline
botao.cpp(41): warning:  #111-D: statement is unreachable
botao.cpp(49): warning:  #1-D: last line of file ends without a newline
linking...
Program Size: Code=3940 RO-data=32 RW-data=16 ZI-data=1256  
FromELF: creating hex file...
".\output\9.2" - 0 Errors, 11 Warning(s).
Rebuild target 'Target 1'
compiling Startup.s...
compiling Time.cpp...
fsm_master.h(11): warning:  #1-D: last line of file ends without a newline
Time.cpp(95): warning:  #111-D: statement is unreachable
Time.cpp(50): warning:  #177-D: variable "TmrIntEcg" was declared but never referenced
Time.cpp(52): warning:  #550-D: variable "AlarmeFisiologico" was set but never used
Time.cpp(53): warning:  #177-D: variable "i" was declared but never referenced
compiling Retarget.cpp...
compiling irq.cpp...
compiling timer.cpp...
compiling global.cpp...
compiling main.cpp...
fsm_master.h(11): warning:  #1-D: last line of file ends without a newline
compiling fsm_master.cpp...
fsm_master.h(11): warning:  #1-D: last line of file ends without a newline
compiling led.cpp...
led.cpp(220): warning:  #1-D: last line of file ends without a newline
led.cpp(17): warning:  #546-D: transfer of control bypasses initialization of:
            variable "LED_OBJ" (declared at line 21)
                switch (state_led)
                ^
led.cpp: 2 warnings, 0 errors
compiling botao.cpp...
botao.h(11): warning:  #1-D: last line of file ends without a newline
botao.cpp(41): warning:  #111-D: statement is unreachable
botao.cpp(49): warning:  #1-D: last line of file ends without a newline
linking...
Program Size: Code=4160 RO-data=32 RW-data=24 ZI-data=1256  
FromELF: creating hex file...
".\output\9.2" - 0 Errors, 12 Warning(s).
Rebuild target 'Target 1'
compiling Startup.s...
compiling Time.cpp...
fsm_master.h(11): warning:  #1-D: last line of file ends without a newline
Time.cpp(95): warning:  #111-D: statement is unreachable
Time.cpp(50): warning:  #177-D: variable "TmrIntEcg" was declared but never referenced
Time.cpp(52): warning:  #550-D: variable "AlarmeFisiologico" was set but never used
Time.cpp(53): warning:  #177-D: variable "i" was declared but never referenced
compiling Retarget.cpp...
compiling irq.cpp...
compiling timer.cpp...
compiling global.cpp...
compiling main.cpp...
fsm_master.h(11): warning:  #1-D: last line of file ends without a newline
compiling fsm_master.cpp...
fsm_master.h(11): warning:  #1-D: last line of file ends without a newline
compiling led.cpp...
led.cpp(220): warning:  #1-D: last line of file ends without a newline
led.cpp(17): warning:  #546-D: transfer of control bypasses initialization of:
            variable "LED_OBJ" (declared at line 21)
                switch (state_led)
                ^
led.cpp: 2 warnings, 0 errors
compiling botao.cpp...
botao.h(11): warning:  #1-D: last line of file ends without a newline
botao.cpp(41): warning:  #111-D: statement is unreachable
botao.cpp(49): warning:  #1-D: last line of file ends without a newline
linking...
Program Size: Code=4172 RO-data=32 RW-data=24 ZI-data=1256  
FromELF: creating hex file...
".\output\9.2" - 0 Errors, 12 Warning(s).
Rebuild target 'Target 1'
compiling Startup.s...
compiling Time.cpp...
fsm_master.h(11): warning:  #1-D: last line of file ends without a newline
Time.cpp(95): warning:  #111-D: statement is unreachable
Time.cpp(50): warning:  #177-D: variable "TmrIntEcg" was declared but never referenced
Time.cpp(52): warning:  #550-D: variable "AlarmeFisiologico" was set but never used
Time.cpp(53): warning:  #177-D: variable "i" was declared but never referenced
compiling Retarget.cpp...
compiling irq.cpp...
compiling timer.cpp...
compiling global.cpp...
compiling main.cpp...
fsm_master.h(11): warning:  #1-D: last line of file ends without a newline
compiling fsm_master.cpp...
fsm_master.h(11): warning:  #1-D: last line of file ends without a newline
compiling led.cpp...
led.cpp(220): warning:  #1-D: last line of file ends without a newline
led.cpp(17): warning:  #546-D: transfer of control bypasses initialization of:
            variable "LED_OBJ" (declared at line 21)
                switch (state_led)
                ^
led.cpp: 2 warnings, 0 errors
compiling botao.cpp...
botao.h(11): warning:  #1-D: last line of file ends without a newline
botao.cpp(41): warning:  #111-D: statement is unreachable
botao.cpp(49): warning:  #1-D: last line of file ends without a newline
linking...
Program Size: Code=4172 RO-data=32 RW-data=24 ZI-data=1256  
FromELF: creating hex file...
".\output\9.2" - 0 Errors, 12 Warning(s).
Rebuild target 'Target 1'
compiling Startup.s...
compiling Time.cpp...
fsm_master.h(11): warning:  #1-D: last line of file ends without a newline
Time.cpp(95): warning:  #111-D: statement is unreachable
Time.cpp(50): warning:  #177-D: variable "TmrIntEcg" was declared but never referenced
Time.cpp(52): warning:  #550-D: variable "AlarmeFisiologico" was set but never used
Time.cpp(53): warning:  #177-D: variable "i" was declared but never referenced
compiling Retarget.cpp...
compiling irq.cpp...
compiling timer.cpp...
compiling global.cpp...
compiling main.cpp...
fsm_master.h(11): warning:  #1-D: last line of file ends without a newline
compiling fsm_master.cpp...
fsm_master.h(11): warning:  #1-D: last line of file ends without a newline
compiling led.cpp...
led.cpp(220): warning:  #1-D: last line of file ends without a newline
led.cpp(17): warning:  #546-D: transfer of control bypasses initialization of:
            variable "LED_OBJ" (declared at line 21)
                switch (state_led)
                ^
led.cpp: 2 warnings, 0 errors
compiling botao.cpp...
botao.h(11): warning:  #1-D: last line of file ends without a newline
botao.cpp(41): warning:  #111-D: statement is unreachable
botao.cpp(49): warning:  #1-D: last line of file ends without a newline
linking...
Program Size: Code=4172 RO-data=32 RW-data=24 ZI-data=1256  
FromELF: creating hex file...
".\output\9.2" - 0 Errors, 12 Warning(s).
