<html>
<body>
<pre>
<h1>µVision Build Log</h1>
<h2>Project:</h2>
C:\Users\mperez\Desktop\MILLER INSTRAMED\HELIOS ALIVE\SOFTWARE\Helios_c++ -  NOVO HARDWARE\instramed.uvproj
Project File Date:  03/24/2021

<h2>Output:</h2>
Rebuild target 'Target 1'
compiling Startup.s...
compiling Time.cpp...
botao.h(18): warning:  #1-D: last line of file ends without a newline
alarm.h(95): warning:  #1-D: last line of file ends without a newline
fsm_master.h(15): warning:  #1-D: last line of file ends without a newline
compiling Retarget.cpp...
compiling irq.cpp...
compiling timer.cpp...
compiling global.cpp...
compiling main.cpp...
botao.h(18): warning:  #1-D: last line of file ends without a newline
alarm.h(95): warning:  #1-D: last line of file ends without a newline
fsm_master.h(15): warning:  #1-D: last line of file ends without a newline
vic.h(51): warning:  #47-D: incompatible redefinition of macro "NULL" (declared at line 48 of "C:\Keil\ARM\ARMCC\bin\..\include\stdio.h")
vic.h(98): warning:  #1-D: last line of file ends without a newline
zigbee.h(161): warning:  #1-D: last line of file ends without a newline
main.cpp(27): warning:  #177-D: variable "a" was declared but never referenced
compiling fsm_master.cpp...
botao.h(18): warning:  #1-D: last line of file ends without a newline
alarm.h(95): warning:  #1-D: last line of file ends without a newline
fsm_master.h(15): warning:  #1-D: last line of file ends without a newline
compiling led.cpp...
botao.h(18): warning:  #1-D: last line of file ends without a newline
alarm.h(95): warning:  #1-D: last line of file ends without a newline
led.cpp(276): warning:  #1-D: last line of file ends without a newline
compiling botao.cpp...
botao.h(18): warning:  #1-D: last line of file ends without a newline
botao.cpp(74): warning:  #111-D: statement is unreachable
botao.cpp(76): warning:  #1-D: last line of file ends without a newline
compiling alarm.cpp...
botao.h(18): warning:  #1-D: last line of file ends without a newline
alarm.h(95): warning:  #1-D: last line of file ends without a newline
compiling spo2.cpp...
vic.h(98): warning:  #1-D: last line of file ends without a newline
spo2.cpp(373): warning:  #940-D: missing return statement at end of non-void function "Spo2::Treat_Data_SPO2_BCI"
compiling zigbee.cpp...
vic.h(98): warning:  #1-D: last line of file ends without a newline
zigbee.h(161): warning:  #1-D: last line of file ends without a newline
zigbee.cpp(19): warning:  #177-D: variable "IndexSPO2Demo" was declared but never referenced
zigbee.cpp(244): warning:  #117-D: non-void function "Zigbee::Treat_Data_Zigbee" should return a value
zigbee.cpp(291): warning:  #1-D: last line of file ends without a newline
zigbee.cpp(291): warning:  #940-D: missing return statement at end of non-void function "Zigbee::Treat_Data_Zigbee"
zigbee.cpp(186): warning:  #550-D: variable "UART0Buffer" was set but never used
compiling vic.cpp...
vic.h(98): warning:  #1-D: last line of file ends without a newline
linking...
Program Size: Code=9120 RO-data=32 RW-data=36 ZI-data=1884  
FromELF: creating hex file...
".\output\9.2" - 0 Errors, 31 Warning(s).
Rebuild target 'Target 1'
compiling Startup.s...
compiling Time.cpp...
botao.h(18): warning:  #1-D: last line of file ends without a newline
alarm.h(95): warning:  #1-D: last line of file ends without a newline
fsm_master.h(15): warning:  #1-D: last line of file ends without a newline
compiling Retarget.cpp...
compiling irq.cpp...
compiling timer.cpp...
compiling global.cpp...
compiling main.cpp...
botao.h(18): warning:  #1-D: last line of file ends without a newline
alarm.h(95): warning:  #1-D: last line of file ends without a newline
fsm_master.h(15): warning:  #1-D: last line of file ends without a newline
vic.h(51): warning:  #47-D: incompatible redefinition of macro "NULL" (declared at line 48 of "C:\Keil\ARM\ARMCC\bin\..\include\stdio.h")
vic.h(98): warning:  #1-D: last line of file ends without a newline
zigbee.h(161): warning:  #1-D: last line of file ends without a newline
main.cpp(27): warning:  #177-D: variable "a" was declared but never referenced
compiling fsm_master.cpp...
botao.h(18): warning:  #1-D: last line of file ends without a newline
alarm.h(95): warning:  #1-D: last line of file ends without a newline
fsm_master.h(15): warning:  #1-D: last line of file ends without a newline
compiling led.cpp...
botao.h(18): warning:  #1-D: last line of file ends without a newline
alarm.h(95): warning:  #1-D: last line of file ends without a newline
led.cpp(276): warning:  #1-D: last line of file ends without a newline
compiling botao.cpp...
botao.h(18): warning:  #1-D: last line of file ends without a newline
botao.cpp(74): warning:  #111-D: statement is unreachable
botao.cpp(76): warning:  #1-D: last line of file ends without a newline
compiling alarm.cpp...
botao.h(18): warning:  #1-D: last line of file ends without a newline
alarm.h(95): warning:  #1-D: last line of file ends without a newline
compiling spo2.cpp...
vic.h(98): warning:  #1-D: last line of file ends without a newline
spo2.cpp(373): warning:  #940-D: missing return statement at end of non-void function "Spo2::Treat_Data_SPO2_BCI"
compiling zigbee.cpp...
vic.h(98): warning:  #1-D: last line of file ends without a newline
zigbee.h(161): warning:  #1-D: last line of file ends without a newline
zigbee.cpp(19): warning:  #177-D: variable "IndexSPO2Demo" was declared but never referenced
zigbee.cpp(240): warning:  #117-D: non-void function "Zigbee::Treat_Data_Zigbee" should return a value
zigbee.cpp(287): warning:  #1-D: last line of file ends without a newline
zigbee.cpp(287): warning:  #940-D: missing return statement at end of non-void function "Zigbee::Treat_Data_Zigbee"
zigbee.cpp(182): warning:  #550-D: variable "UART0Buffer" was set but never used
compiling vic.cpp...
vic.h(98): warning:  #1-D: last line of file ends without a newline
linking...
Program Size: Code=9120 RO-data=32 RW-data=36 ZI-data=1884  
FromELF: creating hex file...
".\output\9.2" - 0 Errors, 31 Warning(s).
Rebuild target 'Target 1'
compiling Startup.s...
compiling Time.cpp...
compiling Retarget.cpp...
compiling irq.cpp...
compiling timer.cpp...
compiling global.cpp...
compiling main.cpp...
vic.h(51): warning:  #47-D: incompatible redefinition of macro "NULL" (declared at line 48 of "C:\Keil\ARM\ARMCC\bin\..\include\stdio.h")
main.cpp(27): warning:  #177-D: variable "a" was declared but never referenced
compiling fsm_master.cpp...
compiling led.cpp...
led.cpp(276): warning:  #1-D: last line of file ends without a newline
compiling botao.cpp...
compiling alarm.cpp...
compiling spo2.cpp...
spo2.cpp(373): warning:  #940-D: missing return statement at end of non-void function "Spo2::Treat_Data_SPO2_BCI"
compiling zigbee.cpp...
zigbee.cpp(19): warning:  #177-D: variable "IndexSPO2Demo" was declared but never referenced
zigbee.cpp(239): warning:  #117-D: non-void function "Zigbee::Treat_Data_Zigbee" should return a value
zigbee.cpp(286): warning:  #1-D: last line of file ends without a newline
zigbee.cpp(286): warning:  #940-D: missing return statement at end of non-void function "Zigbee::Treat_Data_Zigbee"
zigbee.cpp(182): warning:  #550-D: variable "UART0Buffer" was set but never used
compiling vic.cpp...
linking...
Program Size: Code=9120 RO-data=32 RW-data=36 ZI-data=1884  
FromELF: creating hex file...
".\output\9.2" - 0 Errors, 9 Warning(s).
Rebuild target 'Target 1'
compiling Startup.s...
compiling Time.cpp...
compiling Retarget.cpp...
compiling irq.cpp...
compiling timer.cpp...
compiling global.cpp...
compiling main.cpp...
vic.h(51): warning:  #47-D: incompatible redefinition of macro "NULL" (declared at line 48 of "C:\Keil\ARM\ARMCC\bin\..\include\stdio.h")
main.cpp(27): warning:  #177-D: variable "a" was declared but never referenced
compiling fsm_master.cpp...
compiling led.cpp...
compiling botao.cpp...
compiling alarm.cpp...
compiling spo2.cpp...
spo2.cpp(373): warning:  #940-D: missing return statement at end of non-void function "Spo2::Treat_Data_SPO2_BCI"
compiling zigbee.cpp...
zigbee.cpp(238): warning:  #117-D: non-void function "Zigbee::Treat_Data_Zigbee" should return a value
zigbee.cpp(285): warning:  #940-D: missing return statement at end of non-void function "Zigbee::Treat_Data_Zigbee"
zigbee.cpp(181): warning:  #550-D: variable "UART0Buffer" was set but never used
compiling vic.cpp...
linking...
Program Size: Code=9120 RO-data=32 RW-data=36 ZI-data=1884  
FromELF: creating hex file...
".\output\9.2" - 0 Errors, 6 Warning(s).
Rebuild target 'Target 1'
compiling Startup.s...
compiling Time.cpp...
compiling Retarget.cpp...
compiling irq.cpp...
compiling timer.cpp...
compiling global.cpp...
compiling main.cpp...
vic.h(51): warning:  #47-D: incompatible redefinition of macro "NULL" (declared at line 48 of "C:\Keil\ARM\ARMCC\bin\..\include\stdio.h")
main.cpp(27): warning:  #177-D: variable "a" was declared but never referenced
compiling fsm_master.cpp...
compiling led.cpp...
compiling botao.cpp...
compiling alarm.cpp...
compiling spo2.cpp...
spo2.cpp(373): warning:  #940-D: missing return statement at end of non-void function "Spo2::Treat_Data_SPO2_BCI"
compiling zigbee.cpp...
zigbee.cpp(238): warning:  #117-D: non-void function "Zigbee::Treat_Data_Zigbee" should return a value
zigbee.cpp(285): warning:  #940-D: missing return statement at end of non-void function "Zigbee::Treat_Data_Zigbee"
zigbee.cpp(181): warning:  #550-D: variable "UART0Buffer" was set but never used
compiling vic.cpp...
linking...
Program Size: Code=9092 RO-data=32 RW-data=36 ZI-data=1884  
FromELF: creating hex file...
".\output\9.2" - 0 Errors, 6 Warning(s).
Rebuild target 'Target 1'
compiling Startup.s...
compiling Time.cpp...
compiling Retarget.cpp...
compiling irq.cpp...
irq.cpp(92): error:  #20: identifier "NULL" is undefined
irq.cpp(132): error:  #20: identifier "NULL" is undefined
compiling timer.cpp...
compiling global.cpp...
compiling main.cpp...
vic.h(52): warning:  #47-D: incompatible redefinition of macro "NULL" (declared at line 48 of "C:\Keil\ARM\ARMCC\bin\..\include\stdio.h")
main.cpp(27): warning:  #177-D: variable "a" was declared but never referenced
compiling fsm_master.cpp...
compiling led.cpp...
compiling botao.cpp...
compiling alarm.cpp...
compiling spo2.cpp...
spo2.cpp(373): warning:  #940-D: missing return statement at end of non-void function "Spo2::Treat_Data_SPO2_BCI"
compiling zigbee.cpp...
zigbee.cpp(238): warning:  #117-D: non-void function "Zigbee::Treat_Data_Zigbee" should return a value
zigbee.cpp(285): warning:  #940-D: missing return statement at end of non-void function "Zigbee::Treat_Data_Zigbee"
zigbee.cpp(181): warning:  #550-D: variable "UART0Buffer" was set but never used
compiling vic.cpp...
".\output\9.2" - 2 Errors, 6 Warning(s).
Target not created
Rebuild target 'Target 1'
compiling Startup.s...
compiling Time.cpp...
compiling Retarget.cpp...
compiling irq.cpp...
compiling timer.cpp...
compiling global.cpp...
compiling main.cpp...
vic.h(52): warning:  #47-D: incompatible redefinition of macro "NULL" (declared at line 48 of "C:\Keil\ARM\ARMCC\bin\..\include\stdio.h")
main.cpp(27): warning:  #177-D: variable "a" was declared but never referenced
compiling fsm_master.cpp...
compiling led.cpp...
compiling botao.cpp...
compiling alarm.cpp...
compiling spo2.cpp...
spo2.cpp(373): warning:  #940-D: missing return statement at end of non-void function "Spo2::Treat_Data_SPO2_BCI"
compiling zigbee.cpp...
zigbee.cpp(238): warning:  #117-D: non-void function "Zigbee::Treat_Data_Zigbee" should return a value
zigbee.cpp(285): warning:  #940-D: missing return statement at end of non-void function "Zigbee::Treat_Data_Zigbee"
zigbee.cpp(181): warning:  #550-D: variable "UART0Buffer" was set but never used
compiling vic.cpp...
linking...
Program Size: Code=9104 RO-data=32 RW-data=36 ZI-data=1884  
FromELF: creating hex file...
".\output\9.2" - 0 Errors, 6 Warning(s).
Rebuild target 'Target 1'
compiling Startup.s...
compiling Time.cpp...
compiling Retarget.cpp...
compiling irq.cpp...
compiling timer.cpp...
compiling global.cpp...
compiling main.cpp...
vic.h(52): warning:  #47-D: incompatible redefinition of macro "NULL" (declared at line 48 of "C:\Keil\ARM\ARMCC\bin\..\include\stdio.h")
main.cpp(27): warning:  #177-D: variable "a" was declared but never referenced
compiling fsm_master.cpp...
compiling led.cpp...
compiling botao.cpp...
compiling alarm.cpp...
compiling spo2.cpp...
spo2.cpp(373): warning:  #940-D: missing return statement at end of non-void function "Spo2::Treat_Data_SPO2_BCI"
compiling zigbee.cpp...
zigbee.cpp(238): warning:  #117-D: non-void function "Zigbee::Treat_Data_Zigbee" should return a value
zigbee.cpp(285): warning:  #940-D: missing return statement at end of non-void function "Zigbee::Treat_Data_Zigbee"
zigbee.cpp(181): warning:  #550-D: variable "UART0Buffer" was set but never used
compiling vic.cpp...
linking...
Program Size: Code=9072 RO-data=32 RW-data=36 ZI-data=1884  
FromELF: creating hex file...
".\output\9.2" - 0 Errors, 6 Warning(s).
Rebuild target 'Target 1'
compiling Startup.s...
compiling Time.cpp...
compiling Retarget.cpp...
compiling irq.cpp...
compiling timer.cpp...
compiling global.cpp...
compiling main.cpp...
vic.h(52): warning:  #47-D: incompatible redefinition of macro "NULL" (declared at line 48 of "C:\Keil\ARM\ARMCC\bin\..\include\stdio.h")
main.cpp(27): warning:  #177-D: variable "a" was declared but never referenced
compiling fsm_master.cpp...
compiling led.cpp...
compiling botao.cpp...
compiling alarm.cpp...
compiling spo2.cpp...
spo2.cpp(373): warning:  #940-D: missing return statement at end of non-void function "Spo2::Treat_Data_SPO2_BCI"
compiling zigbee.cpp...
zigbee.cpp(238): warning:  #117-D: non-void function "Zigbee::Treat_Data_Zigbee" should return a value
zigbee.cpp(285): warning:  #940-D: missing return statement at end of non-void function "Zigbee::Treat_Data_Zigbee"
zigbee.cpp(181): warning:  #550-D: variable "UART0Buffer" was set but never used
compiling vic.cpp...
linking...
Program Size: Code=9072 RO-data=32 RW-data=36 ZI-data=1884  
FromELF: creating hex file...
".\output\9.2" - 0 Errors, 6 Warning(s).
Rebuild target 'Target 1'
compiling Startup.s...
compiling Time.cpp...
compiling Retarget.cpp...
compiling irq.cpp...
compiling timer.cpp...
compiling global.cpp...
compiling main.cpp...
vic.h(52): warning:  #47-D: incompatible redefinition of macro "NULL" (declared at line 48 of "C:\Keil\ARM\ARMCC\bin\..\include\stdio.h")
main.cpp(27): warning:  #177-D: variable "a" was declared but never referenced
compiling fsm_master.cpp...
compiling led.cpp...
compiling botao.cpp...
compiling alarm.cpp...
compiling spo2.cpp...
spo2.cpp(373): warning:  #940-D: missing return statement at end of non-void function "Spo2::Treat_Data_SPO2_BCI"
compiling zigbee.cpp...
zigbee.cpp(238): warning:  #117-D: non-void function "Zigbee::Treat_Data_Zigbee" should return a value
zigbee.cpp(285): warning:  #940-D: missing return statement at end of non-void function "Zigbee::Treat_Data_Zigbee"
zigbee.cpp(181): warning:  #550-D: variable "UART0Buffer" was set but never used
compiling vic.cpp...
compiling interrupt.cpp...
interrupt.cpp(1): warning:  #1-D: last line of file ends without a newline
linking...
Program Size: Code=9072 RO-data=32 RW-data=36 ZI-data=1884  
FromELF: creating hex file...
".\output\9.2" - 0 Errors, 7 Warning(s).
Rebuild target 'Target 1'
compiling Startup.s...
compiling Time.cpp...
compiling Retarget.cpp...
compiling irq.cpp...
compiling timer.cpp...
compiling global.cpp...
compiling main.cpp...
vic.h(52): warning:  #47-D: incompatible redefinition of macro "NULL" (declared at line 48 of "C:\Keil\ARM\ARMCC\bin\..\include\stdio.h")
main.cpp(27): warning:  #177-D: variable "a" was declared but never referenced
compiling fsm_master.cpp...
compiling led.cpp...
compiling botao.cpp...
compiling alarm.cpp...
compiling spo2.cpp...
spo2.cpp(373): warning:  #940-D: missing return statement at end of non-void function "Spo2::Treat_Data_SPO2_BCI"
compiling zigbee.cpp...
zigbee.cpp(238): warning:  #117-D: non-void function "Zigbee::Treat_Data_Zigbee" should return a value
zigbee.cpp(285): warning:  #940-D: missing return statement at end of non-void function "Zigbee::Treat_Data_Zigbee"
zigbee.cpp(181): warning:  #550-D: variable "UART0Buffer" was set but never used
compiling vic.cpp...
compiling interrupt.cpp...
interrupt.cpp(1): warning:  #1-D: last line of file ends without a newline
linking...
Program Size: Code=9048 RO-data=32 RW-data=36 ZI-data=1884  
FromELF: creating hex file...
".\output\9.2" - 0 Errors, 7 Warning(s).
Rebuild target 'Target 1'
compiling Startup.s...
compiling Time.cpp...
compiling Retarget.cpp...
compiling irq.cpp...
compiling timer.cpp...
compiling global.cpp...
compiling main.cpp...
vic.h(52): warning:  #47-D: incompatible redefinition of macro "NULL" (declared at line 48 of "C:\Keil\ARM\ARMCC\bin\..\include\stdio.h")
main.cpp(27): warning:  #177-D: variable "a" was declared but never referenced
compiling fsm_master.cpp...
compiling led.cpp...
compiling botao.cpp...
compiling alarm.cpp...
compiling spo2.cpp...
spo2.cpp(373): warning:  #940-D: missing return statement at end of non-void function "Spo2::Treat_Data_SPO2_BCI"
compiling zigbee.cpp...
zigbee.cpp(238): warning:  #117-D: non-void function "Zigbee::Treat_Data_Zigbee" should return a value
zigbee.cpp(285): warning:  #940-D: missing return statement at end of non-void function "Zigbee::Treat_Data_Zigbee"
zigbee.cpp(181): warning:  #550-D: variable "UART0Buffer" was set but never used
compiling vic.cpp...
compiling interrupt.cpp...
interrupt.cpp(1): warning:  #1-D: last line of file ends without a newline
linking...
Program Size: Code=9048 RO-data=32 RW-data=36 ZI-data=1884  
FromELF: creating hex file...
".\output\9.2" - 0 Errors, 7 Warning(s).
Rebuild target 'Target 1'
compiling Startup.s...
compiling Time.cpp...
compiling Retarget.cpp...
compiling irq.cpp...
compiling timer.cpp...
compiling global.cpp...
compiling main.cpp...
vic.h(52): warning:  #47-D: incompatible redefinition of macro "NULL" (declared at line 48 of "C:\Keil\ARM\ARMCC\bin\..\include\stdio.h")
main.cpp(27): warning:  #177-D: variable "a" was declared but never referenced
compiling fsm_master.cpp...
compiling led.cpp...
compiling botao.cpp...
compiling alarm.cpp...
compiling spo2.cpp...
spo2.cpp(373): warning:  #940-D: missing return statement at end of non-void function "Spo2::Treat_Data_SPO2_BCI"
compiling zigbee.cpp...
zigbee.cpp(238): warning:  #117-D: non-void function "Zigbee::Treat_Data_Zigbee" should return a value
zigbee.cpp(285): warning:  #940-D: missing return statement at end of non-void function "Zigbee::Treat_Data_Zigbee"
zigbee.cpp(181): warning:  #550-D: variable "UART0Buffer" was set but never used
compiling vic.cpp...
compiling interrupt.cpp...
interrupt.cpp(1): warning:  #1-D: last line of file ends without a newline
linking...
Program Size: Code=9072 RO-data=32 RW-data=36 ZI-data=1884  
FromELF: creating hex file...
".\output\9.2" - 0 Errors, 7 Warning(s).
Rebuild target 'Target 1'
compiling Startup.s...
compiling Time.cpp...
compiling Retarget.cpp...
compiling irq.cpp...
compiling timer.cpp...
compiling global.cpp...
compiling main.cpp...
vic.h(52): warning:  #47-D: incompatible redefinition of macro "NULL" (declared at line 48 of "C:\Keil\ARM\ARMCC\bin\..\include\stdio.h")
main.cpp(27): warning:  #177-D: variable "a" was declared but never referenced
compiling fsm_master.cpp...
compiling led.cpp...
compiling botao.cpp...
compiling alarm.cpp...
compiling spo2.cpp...
spo2.cpp(373): warning:  #940-D: missing return statement at end of non-void function "Spo2::Treat_Data_SPO2_BCI"
compiling zigbee.cpp...
zigbee.cpp(238): warning:  #117-D: non-void function "Zigbee::Treat_Data_Zigbee" should return a value
zigbee.cpp(285): warning:  #940-D: missing return statement at end of non-void function "Zigbee::Treat_Data_Zigbee"
zigbee.cpp(181): warning:  #550-D: variable "UART0Buffer" was set but never used
compiling vic.cpp...
compiling interrupt.cpp...
interrupt.cpp(1): warning:  #1-D: last line of file ends without a newline
linking...
Program Size: Code=9132 RO-data=32 RW-data=36 ZI-data=1884  
FromELF: creating hex file...
".\output\9.2" - 0 Errors, 7 Warning(s).
Rebuild target 'Target 1'
compiling Startup.s...
compiling Time.cpp...
compiling Retarget.cpp...
compiling irq.cpp...
compiling timer.cpp...
compiling global.cpp...
compiling main.cpp...
vic.h(52): warning:  #47-D: incompatible redefinition of macro "NULL" (declared at line 48 of "C:\Keil\ARM\ARMCC\bin\..\include\stdio.h")
main.cpp(27): warning:  #177-D: variable "a" was declared but never referenced
compiling fsm_master.cpp...
compiling led.cpp...
compiling botao.cpp...
compiling alarm.cpp...
compiling spo2.cpp...
spo2.cpp(373): warning:  #940-D: missing return statement at end of non-void function "Spo2::Treat_Data_SPO2_BCI"
compiling zigbee.cpp...
zigbee.cpp(238): warning:  #117-D: non-void function "Zigbee::Treat_Data_Zigbee" should return a value
zigbee.cpp(285): warning:  #940-D: missing return statement at end of non-void function "Zigbee::Treat_Data_Zigbee"
zigbee.cpp(181): warning:  #550-D: variable "UART0Buffer" was set but never used
compiling vic.cpp...
compiling interrupt.cpp...
interrupt.cpp(1): warning:  #1-D: last line of file ends without a newline
linking...
Program Size: Code=9104 RO-data=32 RW-data=36 ZI-data=1884  
FromELF: creating hex file...
".\output\9.2" - 0 Errors, 7 Warning(s).
Rebuild target 'Target 1'
compiling Startup.s...
compiling Time.cpp...
compiling Retarget.cpp...
compiling irq.cpp...
compiling timer.cpp...
compiling global.cpp...
compiling main.cpp...
vic.h(52): warning:  #47-D: incompatible redefinition of macro "NULL" (declared at line 48 of "C:\Keil\ARM\ARMCC\bin\..\include\stdio.h")
main.cpp(27): warning: C4017W: a may be used before being set
compiling fsm_master.cpp...
compiling led.cpp...
compiling botao.cpp...
compiling alarm.cpp...
compiling spo2.cpp...
spo2.cpp(373): warning:  #940-D: missing return statement at end of non-void function "Spo2::Treat_Data_SPO2_BCI"
compiling zigbee.cpp...
zigbee.cpp(238): warning:  #117-D: non-void function "Zigbee::Treat_Data_Zigbee" should return a value
zigbee.cpp(285): warning:  #940-D: missing return statement at end of non-void function "Zigbee::Treat_Data_Zigbee"
compiling vic.cpp...
compiling interrupt.cpp...
interrupt.cpp(1): warning:  #1-D: last line of file ends without a newline
linking...
.\output\9.2: Error: L6218E: Undefined symbol UART0Buffer (referred from zigbee.o).
".\output\9.2" - 1 Errors, 6 Warning(s).
Target not created
Rebuild target 'Target 1'
compiling Startup.s...
compiling Time.cpp...
compiling Retarget.cpp...
compiling irq.cpp...
compiling timer.cpp...
compiling global.cpp...
compiling main.cpp...
vic.h(52): warning:  #47-D: incompatible redefinition of macro "NULL" (declared at line 48 of "C:\Keil\ARM\ARMCC\bin\..\include\stdio.h")
main.cpp(27): warning: C4017W: a may be used before being set
compiling fsm_master.cpp...
compiling led.cpp...
compiling botao.cpp...
compiling alarm.cpp...
compiling spo2.cpp...
spo2.cpp(373): warning:  #940-D: missing return statement at end of non-void function "Spo2::Treat_Data_SPO2_BCI"
compiling zigbee.cpp...
zigbee.cpp(238): warning:  #117-D: non-void function "Zigbee::Treat_Data_Zigbee" should return a value
zigbee.cpp(285): warning:  #940-D: missing return statement at end of non-void function "Zigbee::Treat_Data_Zigbee"
zigbee.cpp(181): warning:  #550-D: variable "UART0Buffer" was set but never used
compiling vic.cpp...
compiling interrupt.cpp...
interrupt.cpp(1): warning:  #1-D: last line of file ends without a newline
linking...
Program Size: Code=9172 RO-data=32 RW-data=36 ZI-data=1884  
FromELF: creating hex file...
".\output\9.2" - 0 Errors, 7 Warning(s).
Rebuild target 'Target 1'
compiling Startup.s...
compiling Time.cpp...
compiling Retarget.cpp...
compiling irq.cpp...
compiling timer.cpp...
compiling global.cpp...
compiling main.cpp...
vic.h(52): warning:  #47-D: incompatible redefinition of macro "NULL" (declared at line 48 of "C:\Keil\ARM\ARMCC\bin\..\include\stdio.h")
main.cpp(27): warning: C4017W: a may be used before being set
compiling fsm_master.cpp...
compiling led.cpp...
compiling botao.cpp...
compiling alarm.cpp...
compiling spo2.cpp...
spo2.cpp(373): warning:  #940-D: missing return statement at end of non-void function "Spo2::Treat_Data_SPO2_BCI"
compiling zigbee.cpp...
zigbee.cpp(238): warning:  #117-D: non-void function "Zigbee::Treat_Data_Zigbee" should return a value
zigbee.cpp(285): warning:  #940-D: missing return statement at end of non-void function "Zigbee::Treat_Data_Zigbee"
zigbee.cpp(181): warning:  #550-D: variable "UART0Buffer" was set but never used
compiling vic.cpp...
compiling interrupt.cpp...
interrupt.cpp(1): warning:  #1-D: last line of file ends without a newline
linking...
Program Size: Code=9172 RO-data=32 RW-data=36 ZI-data=1884  
FromELF: creating hex file...
".\output\9.2" - 0 Errors, 7 Warning(s).
Rebuild target 'Target 1'
compiling Startup.s...
compiling Time.cpp...
compiling Retarget.cpp...
compiling irq.cpp...
compiling timer.cpp...
compiling global.cpp...
compiling main.cpp...
vic.h(52): warning:  #47-D: incompatible redefinition of macro "NULL" (declared at line 48 of "C:\Keil\ARM\ARMCC\bin\..\include\stdio.h")
main.cpp(27): warning: C4017W: a may be used before being set
compiling fsm_master.cpp...
compiling led.cpp...
compiling botao.cpp...
compiling alarm.cpp...
compiling spo2.cpp...
spo2.cpp(373): warning:  #940-D: missing return statement at end of non-void function "Spo2::Treat_Data_SPO2_BCI"
compiling zigbee.cpp...
zigbee.cpp(238): warning:  #117-D: non-void function "Zigbee::Treat_Data_Zigbee" should return a value
zigbee.cpp(285): warning:  #940-D: missing return statement at end of non-void function "Zigbee::Treat_Data_Zigbee"
zigbee.cpp(181): warning:  #550-D: variable "UART0Buffer" was set but never used
compiling vic.cpp...
compiling interrupt.cpp...
interrupt.cpp(1): warning:  #1-D: last line of file ends without a newline
linking...
.\output\9.2: Error: L6218E: Undefined symbol gReenviaPacote (referred from main.o).
".\output\9.2" - 1 Errors, 7 Warning(s).
Target not created
Rebuild target 'Target 1'
compiling Startup.s...
compiling Time.cpp...
compiling Retarget.cpp...
compiling irq.cpp...
compiling timer.cpp...
compiling global.cpp...
compiling main.cpp...
vic.h(52): warning:  #47-D: incompatible redefinition of macro "NULL" (declared at line 48 of "C:\Keil\ARM\ARMCC\bin\..\include\stdio.h")
main.cpp(27): warning: C4017W: a may be used before being set
compiling fsm_master.cpp...
compiling led.cpp...
compiling botao.cpp...
compiling alarm.cpp...
compiling spo2.cpp...
spo2.cpp(373): warning:  #940-D: missing return statement at end of non-void function "Spo2::Treat_Data_SPO2_BCI"
compiling zigbee.cpp...
zigbee.cpp(238): warning:  #117-D: non-void function "Zigbee::Treat_Data_Zigbee" should return a value
zigbee.cpp(285): warning:  #940-D: missing return statement at end of non-void function "Zigbee::Treat_Data_Zigbee"
zigbee.cpp(181): warning:  #550-D: variable "UART0Buffer" was set but never used
compiling vic.cpp...
compiling interrupt.cpp...
interrupt.cpp(1): warning:  #1-D: last line of file ends without a newline
linking...
.\output\9.2: Error: L6218E: Undefined symbol gReenviaPacote (referred from main.o).
".\output\9.2" - 1 Errors, 7 Warning(s).
Target not created
Rebuild target 'Target 1'
compiling Startup.s...
compiling Time.cpp...
compiling Retarget.cpp...
compiling irq.cpp...
compiling timer.cpp...
compiling global.cpp...
compiling main.cpp...
vic.h(52): warning:  #47-D: incompatible redefinition of macro "NULL" (declared at line 48 of "C:\Keil\ARM\ARMCC\bin\..\include\stdio.h")
main.cpp(27): warning: C4017W: a may be used before being set
compiling fsm_master.cpp...
compiling led.cpp...
compiling botao.cpp...
compiling alarm.cpp...
compiling spo2.cpp...
spo2.cpp(373): warning:  #940-D: missing return statement at end of non-void function "Spo2::Treat_Data_SPO2_BCI"
compiling zigbee.cpp...
zigbee.cpp(238): warning:  #117-D: non-void function "Zigbee::Treat_Data_Zigbee" should return a value
zigbee.cpp(285): warning:  #940-D: missing return statement at end of non-void function "Zigbee::Treat_Data_Zigbee"
zigbee.cpp(181): warning:  #550-D: variable "UART0Buffer" was set but never used
compiling vic.cpp...
compiling interrupt.cpp...
interrupt.cpp(1): warning:  #1-D: last line of file ends without a newline
linking...
.\output\9.2: Error: L6218E: Undefined symbol gReenviaPacote (referred from main.o).
".\output\9.2" - 1 Errors, 7 Warning(s).
Target not created
Rebuild target 'Target 1'
compiling Startup.s...
compiling Time.cpp...
compiling Retarget.cpp...
compiling irq.cpp...
compiling timer.cpp...
compiling global.cpp...
compiling main.cpp...
vic.h(52): warning:  #47-D: incompatible redefinition of macro "NULL" (declared at line 48 of "C:\Keil\ARM\ARMCC\bin\..\include\stdio.h")
main.cpp(27): warning: C4017W: a may be used before being set
compiling fsm_master.cpp...
compiling led.cpp...
compiling botao.cpp...
compiling alarm.cpp...
compiling spo2.cpp...
spo2.cpp(373): warning:  #940-D: missing return statement at end of non-void function "Spo2::Treat_Data_SPO2_BCI"
compiling zigbee.cpp...
zigbee.cpp(238): warning:  #117-D: non-void function "Zigbee::Treat_Data_Zigbee" should return a value
zigbee.cpp(285): warning:  #940-D: missing return statement at end of non-void function "Zigbee::Treat_Data_Zigbee"
zigbee.cpp(181): warning:  #550-D: variable "UART0Buffer" was set but never used
compiling vic.cpp...
compiling interrupt.cpp...
interrupt.cpp(1): warning:  #1-D: last line of file ends without a newline
linking...
Program Size: Code=9156 RO-data=32 RW-data=36 ZI-data=1884  
FromELF: creating hex file...
".\output\9.2" - 0 Errors, 7 Warning(s).
Rebuild target 'Target 1'
compiling Startup.s...
compiling Time.cpp...
compiling Retarget.cpp...
compiling irq.cpp...
compiling timer.cpp...
compiling global.cpp...
compiling main.cpp...
vic.h(52): warning:  #47-D: incompatible redefinition of macro "NULL" (declared at line 48 of "C:\Keil\ARM\ARMCC\bin\..\include\stdio.h")
main.cpp(27): warning: C4017W: a may be used before being set
compiling fsm_master.cpp...
compiling led.cpp...
compiling botao.cpp...
compiling alarm.cpp...
compiling spo2.cpp...
spo2.cpp(373): warning:  #940-D: missing return statement at end of non-void function "Spo2::Treat_Data_SPO2_BCI"
compiling zigbee.cpp...
zigbee.cpp(238): warning:  #117-D: non-void function "Zigbee::Treat_Data_Zigbee" should return a value
zigbee.cpp(285): warning:  #940-D: missing return statement at end of non-void function "Zigbee::Treat_Data_Zigbee"
zigbee.cpp(181): warning:  #550-D: variable "UART0Buffer" was set but never used
compiling vic.cpp...
compiling interrupt.cpp...
interrupt.cpp(1): warning:  #1-D: last line of file ends without a newline
linking...
Program Size: Code=9156 RO-data=32 RW-data=36 ZI-data=1884  
FromELF: creating hex file...
".\output\9.2" - 0 Errors, 7 Warning(s).
Rebuild target 'Target 1'
compiling Startup.s...
compiling Time.cpp...
compiling Retarget.cpp...
compiling irq.cpp...
compiling timer.cpp...
compiling global.cpp...
compiling main.cpp...
vic.h(52): warning:  #47-D: incompatible redefinition of macro "NULL" (declared at line 48 of "C:\Keil\ARM\ARMCC\bin\..\include\stdio.h")
main.cpp(27): warning:  #177-D: variable "a" was declared but never referenced
compiling fsm_master.cpp...
compiling led.cpp...
compiling botao.cpp...
compiling alarm.cpp...
compiling spo2.cpp...
spo2.cpp(373): warning:  #940-D: missing return statement at end of non-void function "Spo2::Treat_Data_SPO2_BCI"
compiling zigbee.cpp...
zigbee.cpp(238): warning:  #117-D: non-void function "Zigbee::Treat_Data_Zigbee" should return a value
zigbee.cpp(285): warning:  #940-D: missing return statement at end of non-void function "Zigbee::Treat_Data_Zigbee"
zigbee.cpp(181): warning:  #550-D: variable "UART0Buffer" was set but never used
compiling vic.cpp...
compiling interrupt.cpp...
interrupt.cpp(1): warning:  #1-D: last line of file ends without a newline
linking...
Program Size: Code=9140 RO-data=32 RW-data=36 ZI-data=1884  
FromELF: creating hex file...
".\output\9.2" - 0 Errors, 7 Warning(s).
Rebuild target 'Target 1'
compiling Startup.s...
compiling Time.cpp...
compiling Retarget.cpp...
compiling irq.cpp...
compiling timer.cpp...
compiling global.cpp...
compiling main.cpp...
vic.h(52): warning:  #47-D: incompatible redefinition of macro "NULL" (declared at line 48 of "C:\Keil\ARM\ARMCC\bin\..\include\stdio.h")
main.cpp(27): warning:  #177-D: variable "a" was declared but never referenced
main.cpp(46): error: At end of source:  #67: expected a "}"
compiling fsm_master.cpp...
compiling led.cpp...
compiling botao.cpp...
compiling alarm.cpp...
compiling spo2.cpp...
spo2.cpp(373): warning:  #940-D: missing return statement at end of non-void function "Spo2::Treat_Data_SPO2_BCI"
compiling zigbee.cpp...
zigbee.cpp(238): warning:  #117-D: non-void function "Zigbee::Treat_Data_Zigbee" should return a value
zigbee.cpp(285): warning:  #940-D: missing return statement at end of non-void function "Zigbee::Treat_Data_Zigbee"
zigbee.cpp(181): warning:  #550-D: variable "UART0Buffer" was set but never used
compiling vic.cpp...
compiling interrupt.cpp...
interrupt.cpp(1): warning:  #1-D: last line of file ends without a newline
".\output\9.2" - 1 Errors, 7 Warning(s).
Target not created
Rebuild target 'Target 1'
compiling Startup.s...
compiling Time.cpp...
compiling Retarget.cpp...
compiling irq.cpp...
compiling timer.cpp...
compiling global.cpp...
compiling main.cpp...
vic.h(52): warning:  #47-D: incompatible redefinition of macro "NULL" (declared at line 48 of "C:\Keil\ARM\ARMCC\bin\..\include\stdio.h")
main.cpp(27): warning:  #177-D: variable "a" was declared but never referenced
compiling fsm_master.cpp...
compiling led.cpp...
compiling botao.cpp...
compiling alarm.cpp...
compiling spo2.cpp...
spo2.cpp(373): warning:  #940-D: missing return statement at end of non-void function "Spo2::Treat_Data_SPO2_BCI"
compiling zigbee.cpp...
zigbee.cpp(238): warning:  #117-D: non-void function "Zigbee::Treat_Data_Zigbee" should return a value
zigbee.cpp(285): warning:  #940-D: missing return statement at end of non-void function "Zigbee::Treat_Data_Zigbee"
zigbee.cpp(181): warning:  #550-D: variable "UART0Buffer" was set but never used
compiling vic.cpp...
compiling interrupt.cpp...
interrupt.cpp(1): warning:  #1-D: last line of file ends without a newline
linking...
Program Size: Code=9128 RO-data=32 RW-data=36 ZI-data=1884  
FromELF: creating hex file...
".\output\9.2" - 0 Errors, 7 Warning(s).
Rebuild target 'Target 1'
compiling Startup.s...
compiling Time.cpp...
compiling Retarget.cpp...
compiling irq.cpp...
compiling timer.cpp...
compiling global.cpp...
compiling main.cpp...
vic.h(52): warning:  #47-D: incompatible redefinition of macro "NULL" (declared at line 48 of "C:\Keil\ARM\ARMCC\bin\..\include\stdio.h")
main.cpp(27): warning: C4017W: a may be used before being set
compiling fsm_master.cpp...
compiling led.cpp...
compiling botao.cpp...
compiling alarm.cpp...
compiling spo2.cpp...
spo2.cpp(373): warning:  #940-D: missing return statement at end of non-void function "Spo2::Treat_Data_SPO2_BCI"
compiling zigbee.cpp...
zigbee.cpp(238): warning:  #117-D: non-void function "Zigbee::Treat_Data_Zigbee" should return a value
zigbee.cpp(285): warning:  #940-D: missing return statement at end of non-void function "Zigbee::Treat_Data_Zigbee"
zigbee.cpp(181): warning:  #550-D: variable "UART0Buffer" was set but never used
compiling vic.cpp...
compiling interrupt.cpp...
interrupt.cpp(1): warning:  #1-D: last line of file ends without a newline
linking...
Program Size: Code=9156 RO-data=32 RW-data=36 ZI-data=1884  
FromELF: creating hex file...
".\output\9.2" - 0 Errors, 7 Warning(s).
Rebuild target 'Target 1'
compiling Startup.s...
compiling Time.cpp...
compiling Retarget.cpp...
compiling irq.cpp...
compiling timer.cpp...
compiling global.cpp...
compiling main.cpp...
vic.h(52): warning:  #47-D: incompatible redefinition of macro "NULL" (declared at line 48 of "C:\Keil\ARM\ARMCC\bin\..\include\stdio.h")
main.cpp(27): warning: C4017W: a may be used before being set
compiling fsm_master.cpp...
compiling led.cpp...
compiling botao.cpp...
compiling alarm.cpp...
compiling spo2.cpp...
spo2.cpp(373): warning:  #940-D: missing return statement at end of non-void function "Spo2::Treat_Data_SPO2_BCI"
compiling zigbee.cpp...
zigbee.cpp(238): warning:  #117-D: non-void function "Zigbee::Treat_Data_Zigbee" should return a value
zigbee.cpp(285): warning:  #940-D: missing return statement at end of non-void function "Zigbee::Treat_Data_Zigbee"
zigbee.cpp(181): warning:  #550-D: variable "UART0Buffer" was set but never used
compiling vic.cpp...
compiling interrupt.cpp...
interrupt.cpp(1): warning:  #1-D: last line of file ends without a newline
linking...
Program Size: Code=9156 RO-data=32 RW-data=36 ZI-data=1884  
FromELF: creating hex file...
".\output\9.2" - 0 Errors, 7 Warning(s).
Rebuild target 'Target 1'
compiling Startup.s...
compiling Time.cpp...
compiling Retarget.cpp...
compiling irq.cpp...
compiling timer.cpp...
compiling global.cpp...
compiling main.cpp...
vic.h(52): warning:  #47-D: incompatible redefinition of macro "NULL" (declared at line 48 of "C:\Keil\ARM\ARMCC\bin\..\include\stdio.h")
main.cpp(27): warning:  #177-D: variable "a" was declared but never referenced
compiling fsm_master.cpp...
compiling led.cpp...
compiling botao.cpp...
compiling alarm.cpp...
compiling spo2.cpp...
spo2.cpp(373): warning:  #940-D: missing return statement at end of non-void function "Spo2::Treat_Data_SPO2_BCI"
compiling zigbee.cpp...
zigbee.cpp(238): warning:  #117-D: non-void function "Zigbee::Treat_Data_Zigbee" should return a value
zigbee.cpp(285): warning:  #940-D: missing return statement at end of non-void function "Zigbee::Treat_Data_Zigbee"
zigbee.cpp(181): warning:  #550-D: variable "UART0Buffer" was set but never used
compiling vic.cpp...
compiling interrupt.cpp...
interrupt.cpp(1): warning:  #1-D: last line of file ends without a newline
linking...
Program Size: Code=9140 RO-data=32 RW-data=36 ZI-data=1884  
FromELF: creating hex file...
".\output\9.2" - 0 Errors, 7 Warning(s).
Rebuild target 'Target 1'
compiling Startup.s...
compiling Time.cpp...
compiling Retarget.cpp...
compiling irq.cpp...
compiling timer.cpp...
compiling global.cpp...
compiling main.cpp...
vic.h(52): warning:  #47-D: incompatible redefinition of macro "NULL" (declared at line 48 of "C:\Keil\ARM\ARMCC\bin\..\include\stdio.h")
main.cpp(27): warning:  #177-D: variable "a" was declared but never referenced
compiling fsm_master.cpp...
compiling led.cpp...
compiling botao.cpp...
compiling alarm.cpp...
compiling spo2.cpp...
spo2.cpp(373): warning:  #940-D: missing return statement at end of non-void function "Spo2::Treat_Data_SPO2_BCI"
compiling zigbee.cpp...
zigbee.cpp(239): warning:  #117-D: non-void function "Zigbee::Treat_Data_Zigbee" should return a value
zigbee.cpp(287): warning:  #940-D: missing return statement at end of non-void function "Zigbee::Treat_Data_Zigbee"
zigbee.cpp(181): warning:  #550-D: variable "UART0Buffer" was set but never used
compiling vic.cpp...
compiling interrupt.cpp...
interrupt.cpp(1): warning:  #1-D: last line of file ends without a newline
linking...
Program Size: Code=9148 RO-data=32 RW-data=36 ZI-data=1884  
FromELF: creating hex file...
".\output\9.2" - 0 Errors, 7 Warning(s).
Rebuild target 'Target 1'
compiling Startup.s...
compiling Time.cpp...
compiling Retarget.cpp...
compiling irq.cpp...
compiling timer.cpp...
compiling global.cpp...
compiling main.cpp...
vic.h(52): warning:  #47-D: incompatible redefinition of macro "NULL" (declared at line 48 of "C:\Keil\ARM\ARMCC\bin\..\include\stdio.h")
main.cpp(27): warning:  #177-D: variable "a" was declared but never referenced
compiling fsm_master.cpp...
compiling led.cpp...
compiling botao.cpp...
compiling alarm.cpp...
compiling spo2.cpp...
spo2.cpp(373): warning:  #940-D: missing return statement at end of non-void function "Spo2::Treat_Data_SPO2_BCI"
compiling zigbee.cpp...
zigbee.cpp(239): warning:  #117-D: non-void function "Zigbee::Treat_Data_Zigbee" should return a value
zigbee.cpp(287): warning:  #940-D: missing return statement at end of non-void function "Zigbee::Treat_Data_Zigbee"
zigbee.cpp(181): warning:  #550-D: variable "UART0Buffer" was set but never used
compiling vic.cpp...
compiling interrupt.cpp...
interrupt.cpp(1): warning:  #1-D: last line of file ends without a newline
linking...
Program Size: Code=9148 RO-data=32 RW-data=36 ZI-data=1884  
FromELF: creating hex file...
".\output\9.2" - 0 Errors, 7 Warning(s).
Rebuild target 'Target 1'
compiling Startup.s...
compiling Time.cpp...
compiling Retarget.cpp...
compiling irq.cpp...
compiling timer.cpp...
compiling global.cpp...
compiling main.cpp...
vic.h(52): warning:  #47-D: incompatible redefinition of macro "NULL" (declared at line 48 of "C:\Keil\ARM\ARMCC\bin\..\include\stdio.h")
main.cpp(27): warning:  #177-D: variable "a" was declared but never referenced
compiling fsm_master.cpp...
compiling led.cpp...
compiling botao.cpp...
compiling alarm.cpp...
compiling spo2.cpp...
spo2.cpp(373): warning:  #940-D: missing return statement at end of non-void function "Spo2::Treat_Data_SPO2_BCI"
compiling zigbee.cpp...
zigbee.cpp(239): warning:  #117-D: non-void function "Zigbee::Treat_Data_Zigbee" should return a value
zigbee.cpp(287): warning:  #940-D: missing return statement at end of non-void function "Zigbee::Treat_Data_Zigbee"
zigbee.cpp(181): warning:  #550-D: variable "UART0Buffer" was set but never used
compiling vic.cpp...
compiling interrupt.cpp...
interrupt.cpp(1): warning:  #1-D: last line of file ends without a newline
linking...
Program Size: Code=9136 RO-data=32 RW-data=36 ZI-data=1884  
FromELF: creating hex file...
".\output\9.2" - 0 Errors, 7 Warning(s).
Rebuild target 'Target 1'
compiling Startup.s...
compiling Time.cpp...
compiling Retarget.cpp...
compiling irq.cpp...
compiling timer.cpp...
compiling global.cpp...
compiling main.cpp...
vic.h(52): warning:  #47-D: incompatible redefinition of macro "NULL" (declared at line 48 of "C:\Keil\ARM\ARMCC\bin\..\include\stdio.h")
main.cpp(27): warning:  #177-D: variable "a" was declared but never referenced
compiling fsm_master.cpp...
compiling led.cpp...
compiling botao.cpp...
compiling alarm.cpp...
compiling spo2.cpp...
spo2.cpp(373): warning:  #940-D: missing return statement at end of non-void function "Spo2::Treat_Data_SPO2_BCI"
compiling zigbee.cpp...
zigbee.cpp(240): warning:  #117-D: non-void function "Zigbee::Treat_Data_Zigbee" should return a value
zigbee.cpp(288): warning:  #940-D: missing return statement at end of non-void function "Zigbee::Treat_Data_Zigbee"
zigbee.cpp(182): warning:  #550-D: variable "UART0Buffer" was set but never used
compiling vic.cpp...
compiling interrupt.cpp...
interrupt.cpp(1): warning:  #1-D: last line of file ends without a newline
linking...
Program Size: Code=9168 RO-data=32 RW-data=36 ZI-data=1884  
FromELF: creating hex file...
".\output\9.2" - 0 Errors, 7 Warning(s).
Rebuild target 'Target 1'
compiling Startup.s...
compiling Time.cpp...
compiling Retarget.cpp...
compiling irq.cpp...
compiling timer.cpp...
compiling global.cpp...
compiling main.cpp...
vic.h(52): warning:  #47-D: incompatible redefinition of macro "NULL" (declared at line 48 of "C:\Keil\ARM\ARMCC\bin\..\include\stdio.h")
main.cpp(27): warning:  #177-D: variable "a" was declared but never referenced
compiling fsm_master.cpp...
compiling led.cpp...
compiling botao.cpp...
compiling alarm.cpp...
compiling spo2.cpp...
spo2.cpp(373): warning:  #940-D: missing return statement at end of non-void function "Spo2::Treat_Data_SPO2_BCI"
compiling zigbee.cpp...
zigbee.cpp(235): warning:  #117-D: non-void function "Zigbee::Treat_Data_Zigbee" should return a value
zigbee.cpp(283): warning:  #940-D: missing return statement at end of non-void function "Zigbee::Treat_Data_Zigbee"
zigbee.cpp(177): warning:  #550-D: variable "UART0Buffer" was set but never used
compiling vic.cpp...
compiling interrupt.cpp...
interrupt.cpp(1): warning:  #1-D: last line of file ends without a newline
linking...
Program Size: Code=9116 RO-data=32 RW-data=36 ZI-data=1884  
FromELF: creating hex file...
".\output\9.2" - 0 Errors, 7 Warning(s).
Rebuild target 'Target 1'
compiling Startup.s...
compiling Time.cpp...
compiling Retarget.cpp...
compiling irq.cpp...
compiling timer.cpp...
compiling global.cpp...
compiling main.cpp...
vic.h(52): warning:  #47-D: incompatible redefinition of macro "NULL" (declared at line 48 of "C:\Keil\ARM\ARMCC\bin\..\include\stdio.h")
main.cpp(27): warning:  #177-D: variable "a" was declared but never referenced
compiling fsm_master.cpp...
compiling led.cpp...
compiling botao.cpp...
compiling alarm.cpp...
compiling spo2.cpp...
spo2.cpp(373): warning:  #940-D: missing return statement at end of non-void function "Spo2::Treat_Data_SPO2_BCI"
compiling zigbee.cpp...
zigbee.cpp(241): warning:  #117-D: non-void function "Zigbee::Treat_Data_Zigbee" should return a value
zigbee.cpp(289): warning:  #940-D: missing return statement at end of non-void function "Zigbee::Treat_Data_Zigbee"
zigbee.cpp(183): warning:  #550-D: variable "UART0Buffer" was set but never used
compiling vic.cpp...
compiling interrupt.cpp...
interrupt.cpp(1): warning:  #1-D: last line of file ends without a newline
linking...
Program Size: Code=9136 RO-data=32 RW-data=36 ZI-data=1884  
FromELF: creating hex file...
".\output\9.2" - 0 Errors, 7 Warning(s).
Rebuild target 'Target 1'
compiling Startup.s...
compiling Time.cpp...
compiling Retarget.cpp...
compiling irq.cpp...
compiling timer.cpp...
compiling global.cpp...
compiling main.cpp...
vic.h(52): warning:  #47-D: incompatible redefinition of macro "NULL" (declared at line 48 of "C:\Keil\ARM\ARMCC\bin\..\include\stdio.h")
main.cpp(27): warning: C4017W: a may be used before being set
compiling fsm_master.cpp...
compiling led.cpp...
compiling botao.cpp...
compiling alarm.cpp...
compiling spo2.cpp...
spo2.cpp(373): warning:  #940-D: missing return statement at end of non-void function "Spo2::Treat_Data_SPO2_BCI"
compiling zigbee.cpp...
zigbee.cpp(241): warning:  #117-D: non-void function "Zigbee::Treat_Data_Zigbee" should return a value
zigbee.cpp(289): warning:  #940-D: missing return statement at end of non-void function "Zigbee::Treat_Data_Zigbee"
zigbee.cpp(183): warning:  #550-D: variable "UART0Buffer" was set but never used
compiling vic.cpp...
compiling interrupt.cpp...
interrupt.cpp(1): warning:  #1-D: last line of file ends without a newline
linking...
Program Size: Code=9152 RO-data=32 RW-data=36 ZI-data=1884  
FromELF: creating hex file...
".\output\9.2" - 0 Errors, 7 Warning(s).
Rebuild target 'Target 1'
compiling Startup.s...
compiling Time.cpp...
Time.cpp(50): warning:  #177-D: variable "Conexao" was declared but never referenced
Time.cpp(51): warning:  #177-D: variable "Reset_Zigbee" was declared but never referenced
compiling Retarget.cpp...
compiling irq.cpp...
compiling timer.cpp...
compiling global.cpp...
compiling main.cpp...
vic.h(52): warning:  #47-D: incompatible redefinition of macro "NULL" (declared at line 48 of "C:\Keil\ARM\ARMCC\bin\..\include\stdio.h")
main.cpp(27): warning: C4017W: a may be used before being set
compiling fsm_master.cpp...
compiling led.cpp...
compiling botao.cpp...
compiling alarm.cpp...
compiling spo2.cpp...
spo2.cpp(373): warning:  #940-D: missing return statement at end of non-void function "Spo2::Treat_Data_SPO2_BCI"
compiling zigbee.cpp...
zigbee.cpp(241): warning:  #117-D: non-void function "Zigbee::Treat_Data_Zigbee" should return a value
zigbee.cpp(289): warning:  #940-D: missing return statement at end of non-void function "Zigbee::Treat_Data_Zigbee"
zigbee.cpp(183): warning:  #550-D: variable "UART0Buffer" was set but never used
compiling vic.cpp...
compiling interrupt.cpp...
interrupt.cpp(1): warning:  #1-D: last line of file ends without a newline
linking...
Program Size: Code=8972 RO-data=32 RW-data=28 ZI-data=1884  
FromELF: creating hex file...
".\output\9.2" - 0 Errors, 9 Warning(s).
Rebuild target 'Target 1'
compiling Startup.s...
compiling Time.cpp...
Time.cpp(50): warning:  #177-D: variable "Conexao" was declared but never referenced
Time.cpp(51): warning:  #177-D: variable "Reset_Zigbee" was declared but never referenced
compiling Retarget.cpp...
compiling irq.cpp...
compiling timer.cpp...
compiling global.cpp...
compiling main.cpp...
vic.h(52): warning:  #47-D: incompatible redefinition of macro "NULL" (declared at line 48 of "C:\Keil\ARM\ARMCC\bin\..\include\stdio.h")
main.cpp(27): warning:  #177-D: variable "a" was declared but never referenced
compiling fsm_master.cpp...
compiling led.cpp...
compiling botao.cpp...
compiling alarm.cpp...
compiling spo2.cpp...
spo2.cpp(373): warning:  #940-D: missing return statement at end of non-void function "Spo2::Treat_Data_SPO2_BCI"
compiling zigbee.cpp...
zigbee.cpp(237): warning:  #117-D: non-void function "Zigbee::Treat_Data_Zigbee" should return a value
zigbee.cpp(285): warning:  #940-D: missing return statement at end of non-void function "Zigbee::Treat_Data_Zigbee"
zigbee.cpp(179): warning:  #550-D: variable "UART0Buffer" was set but never used
compiling vic.cpp...
compiling interrupt.cpp...
interrupt.cpp(1): warning:  #1-D: last line of file ends without a newline
linking...
Program Size: Code=8956 RO-data=32 RW-data=28 ZI-data=1884  
FromELF: creating hex file...
".\output\9.2" - 0 Errors, 9 Warning(s).
